Component: ARM Compiler 5.06 update 6 (build 750) Tool: armlink [4d35ed]

==============================================================================

Section Cross References

    main.o(i.main) refers to misc.o(i.NVIC_PriorityGroupConfig) for NVIC_PriorityGroupConfig
    main.o(i.main) refers to delay.o(i.delay_init) for delay_init
    main.o(i.main) refers to usart.o(i.uart1_init) for uart1_init
    main.o(i.main) refers to pwm.o(i.InitPWM) for InitPWM
    main.o(i.main) refers to pwm.o(i.ServoPwmDutyCompare) for ServoPwmDutyCompare
    main.o(i.main) refers to noretval__2printf.o(.text) for __2printf
    main.o(i.main) refers to main.o(.data) for a1
    main.o(i.main) refers to usart.o(.data) for flag11
    main.o(i.main) refers to pwm.o(.data) for ServoPwmDutySet
    system_stm32f10x.o(i.SetSysClock) refers to system_stm32f10x.o(i.SetSysClockTo72) for SetSysClockTo72
    system_stm32f10x.o(i.SystemCoreClockUpdate) refers to system_stm32f10x.o(.data) for SystemCoreClock
    system_stm32f10x.o(i.SystemInit) refers to system_stm32f10x.o(i.SetSysClock) for SetSysClock
    pwm.o(i.InitPWM) refers to pwm.o(i.TIM2_Int_Init) for TIM2_Int_Init
    pwm.o(i.InitPWM) refers to pwm.o(i.InitTimer3) for InitTimer3
    pwm.o(i.InitPWM) refers to stm32f10x_rcc.o(i.RCC_APB2PeriphClockCmd) for RCC_APB2PeriphClockCmd
    pwm.o(i.InitPWM) refers to stm32f10x_gpio.o(i.GPIO_Init) for GPIO_Init
    pwm.o(i.InitTimer3) refers to misc.o(i.NVIC_Init) for NVIC_Init
    pwm.o(i.ServoPwmDutyCompare) refers to fflt_clz.o(x$fpl$fflt) for __aeabi_i2f
    pwm.o(i.ServoPwmDutyCompare) refers to fflt_clz.o(x$fpl$ffltu) for __aeabi_ui2f
    pwm.o(i.ServoPwmDutyCompare) refers to fdiv.o(x$fpl$fdiv) for __aeabi_fdiv
    pwm.o(i.ServoPwmDutyCompare) refers to fmul.o(x$fpl$fmul) for __aeabi_fmul
    pwm.o(i.ServoPwmDutyCompare) refers to ffix.o(x$fpl$ffix) for __aeabi_f2iz
    pwm.o(i.ServoPwmDutyCompare) refers to pwm.o(.data) for ServoPwmDutyHaveChange
    pwm.o(i.ServoPwmDutyCompare) refers to pwm.o(.bss) for ServoPwmDutyInc
    pwm.o(i.TIM2_IRQHandler) refers to pwm.o(.data) for i
    pwm.o(i.TIM2_Int_Init) refers to stm32f10x_rcc.o(i.RCC_APB1PeriphClockCmd) for RCC_APB1PeriphClockCmd
    pwm.o(i.TIM2_Int_Init) refers to stm32f10x_tim.o(i.TIM_TimeBaseInit) for TIM_TimeBaseInit
    pwm.o(i.TIM2_Int_Init) refers to stm32f10x_tim.o(i.TIM_ITConfig) for TIM_ITConfig
    pwm.o(i.TIM2_Int_Init) refers to misc.o(i.NVIC_Init) for NVIC_Init
    pwm.o(i.TIM2_Int_Init) refers to stm32f10x_tim.o(i.TIM_Cmd) for TIM_Cmd
    pwm.o(i.TIM3_IRQHandler) refers to pwm.o(i.Timer3ARRValue) for Timer3ARRValue
    pwm.o(i.TIM3_IRQHandler) refers to pwm.o(.data) for i
    delay.o(i.delay_init) refers to misc.o(i.SysTick_CLKSourceConfig) for SysTick_CLKSourceConfig
    delay.o(i.delay_init) refers to system_stm32f10x.o(.data) for SystemCoreClock
    delay.o(i.delay_init) refers to delay.o(.data) for fac_us
    delay.o(i.delay_ms) refers to delay.o(.data) for fac_ms
    delay.o(i.delay_us) refers to delay.o(.data) for fac_us
    usart.o(i.Pwm_control) refers (Special) to use_no_semi_2.o(.text) for __use_no_semihosting
    usart.o(i.Pwm_control) refers to dflt_clz.o(x$fpl$dflt) for __aeabi_i2d
    usart.o(i.Pwm_control) refers to ddiv.o(x$fpl$ddiv) for __aeabi_ddiv
    usart.o(i.Pwm_control) refers to dmul.o(x$fpl$dmul) for __aeabi_dmul
    usart.o(i.Pwm_control) refers to daddsub_clz.o(x$fpl$dadd) for __aeabi_dadd
    usart.o(i.Pwm_control) refers to d2f.o(x$fpl$d2f) for __aeabi_d2f
    usart.o(i.Pwm_control) refers to usart.o(i.Xianfu_Pwm_catch) for Xianfu_Pwm_catch
    usart.o(i.Pwm_control) refers to ffixu.o(x$fpl$ffixu) for __aeabi_f2uiz
    usart.o(i.Pwm_control) refers to daddsub_clz.o(x$fpl$drsb) for __aeabi_drsub
    usart.o(i.Pwm_control) refers to usart.o(i.Xianfu_Pwm_roll) for Xianfu_Pwm_roll
    usart.o(i.Pwm_control) refers to fflt_clz.o(x$fpl$fflt) for __aeabi_i2f
    usart.o(i.Pwm_control) refers to usart.o(i.Xianfu_Pwm_pitch) for Xianfu_Pwm_pitch
    usart.o(i.Pwm_control) refers to fleqf.o(x$fpl$fleqf) for __aeabi_cfcmple
    usart.o(i.Pwm_control) refers to faddsub_clz.o(x$fpl$fadd) for __aeabi_fadd
    usart.o(i.Pwm_control) refers to usart.o(i.Xianfu_Pwm_yaw) for Xianfu_Pwm_yaw
    usart.o(i.Pwm_control) refers to usart.o(.data) for adcx
    usart.o(i.Pwm_control) refers to pwm.o(.data) for ServoPwmDutySet
    usart.o(i.USART1_IRQHandler) refers (Special) to use_no_semi_2.o(.text) for __use_no_semihosting
    usart.o(i.USART1_IRQHandler) refers to stm32f10x_usart.o(i.USART_GetITStatus) for USART_GetITStatus
    usart.o(i.USART1_IRQHandler) refers to stm32f10x_usart.o(i.USART_ReceiveData) for USART_ReceiveData
    usart.o(i.USART1_IRQHandler) refers to usart.o(i.Pwm_control) for Pwm_control
    usart.o(i.USART1_IRQHandler) refers to usart.o(.data) for Res
    usart.o(i.USART1_IRQHandler) refers to pwm.o(.data) for ServoPwmDutyHaveChange
    usart.o(i.USART3_IRQHandler) refers (Special) to use_no_semi_2.o(.text) for __use_no_semihosting
[...]
    Removing stm32f10x_sdio.o(i.SDIO_GetFIFOCount), (12 bytes).
    Removing stm32f10x_sdio.o(i.SDIO_GetFlagStatus), (24 bytes).
    Removing stm32f10x_sdio.o(i.SDIO_GetITStatus), (24 bytes).
    Removing stm32f10x_sdio.o(i.SDIO_GetPowerState), (16 bytes).
    Removing stm32f10x_sdio.o(i.SDIO_GetResponse), (24 bytes).
    Removing stm32f10x_sdio.o(i.SDIO_ITConfig), (32 bytes).
    Removing stm32f10x_sdio.o(i.SDIO_Init), (48 bytes).
    Removing stm32f10x_sdio.o(i.SDIO_ReadData), (12 bytes).
    Removing stm32f10x_sdio.o(i.SDIO_SendCEATACmd), (12 bytes).
    Removing stm32f10x_sdio.o(i.SDIO_SendCommand), (44 bytes).
    Removing stm32f10x_sdio.o(i.SDIO_SendSDIOSuspendCmd), (12 bytes).
    Removing stm32f10x_sdio.o(i.SDIO_SetPowerState), (28 bytes).
    Removing stm32f10x_sdio.o(i.SDIO_SetSDIOOperation), (12 bytes).
    Removing stm32f10x_sdio.o(i.SDIO_SetSDIOReadWaitMode), (12 bytes).
    Removing stm32f10x_sdio.o(i.SDIO_StartSDIOReadWait), (12 bytes).
    Removing stm32f10x_sdio.o(i.SDIO_StopSDIOReadWait), (12 bytes).
    Removing stm32f10x_sdio.o(i.SDIO_StructInit), (16 bytes).
    Removing stm32f10x_sdio.o(i.SDIO_WriteData), (12 bytes).
    Removing stm32f10x_spi.o(i.I2S_Cmd), (24 bytes).
    Removing stm32f10x_spi.o(i.I2S_Init), (232 bytes).
    Removing stm32f10x_spi.o(i.I2S_StructInit), (20 bytes).
    Removing stm32f10x_spi.o(i.SPI_BiDirectionalLineConfig), (28 bytes).
    Removing stm32f10x_spi.o(i.SPI_CalculateCRC), (24 bytes).
    Removing stm32f10x_spi.o(i.SPI_Cmd), (24 bytes).
    Removing stm32f10x_spi.o(i.SPI_DataSizeConfig), (18 bytes).
    Removing stm32f10x_spi.o(i.SPI_GetCRC), (16 bytes).
    Removing stm32f10x_spi.o(i.SPI_GetCRCPolynomial), (6 bytes).
    Removing stm32f10x_spi.o(i.SPI_I2S_ClearFlag), (6 bytes).
    Removing stm32f10x_spi.o(i.SPI_I2S_ClearITPendingBit), (20 bytes).
    Removing stm32f10x_spi.o(i.SPI_I2S_DMACmd), (18 bytes).
    Removing stm32f10x_spi.o(i.SPI_I2S_DeInit), (88 bytes).
    Removing stm32f10x_spi.o(i.SPI_I2S_GetFlagStatus), (18 bytes).
    Removing stm32f10x_spi.o(i.SPI_I2S_GetITStatus), (52 bytes).
    Removing stm32f10x_spi.o(i.SPI_I2S_ITConfig), (32 bytes).
    Removing stm32f10x_spi.o(i.SPI_I2S_ReceiveData), (6 bytes).
    Removing stm32f10x_spi.o(i.SPI_I2S_SendData), (4 bytes).
    Removing stm32f10x_spi.o(i.SPI_Init), (60 bytes).
    Removing stm32f10x_spi.o(i.SPI_NSSInternalSoftwareConfig), (30 bytes).
    Removing stm32f10x_spi.o(i.SPI_SSOutputCmd), (24 bytes).
    Removing stm32f10x_spi.o(i.SPI_StructInit), (24 bytes).
    Removing stm32f10x_spi.o(i.SPI_TransmitCRC), (10 bytes).
    Removing stm32f10x_tim.o(i.TI1_Config), (128 bytes).
    Removing stm32f10x_tim.o(i.TI2_Config), (152 bytes).
    Removing stm32f10x_tim.o(i.TI3_Config), (144 bytes).
    Removing stm32f10x_tim.o(i.TI4_Config), (152 bytes).
    Removing stm32f10x_tim.o(i.TIM_ARRPreloadConfig), (24 bytes).
    Removing stm32f10x_tim.o(i.TIM_BDTRConfig), (32 bytes).
    Removing stm32f10x_tim.o(i.TIM_BDTRStructInit), (18 bytes).
    Removing stm32f10x_tim.o(i.TIM_CCPreloadControl), (24 bytes).
    Removing stm32f10x_tim.o(i.TIM_CCxCmd), (30 bytes).
    Removing stm32f10x_tim.o(i.TIM_CCxNCmd), (30 bytes).
    Removing stm32f10x_tim.o(i.TIM_ClearFlag), (6 bytes).
    Removing stm32f10x_tim.o(i.TIM_ClearITPendingBit), (6 bytes).
    Removing stm32f10x_tim.o(i.TIM_ClearOC1Ref), (18 bytes).
    Removing stm32f10x_tim.o(i.TIM_ClearOC2Ref), (24 bytes).
    Removing stm32f10x_tim.o(i.TIM_ClearOC3Ref), (18 bytes).
    Removing stm32f10x_tim.o(i.TIM_ClearOC4Ref), (24 bytes).
    Removing stm32f10x_tim.o(i.TIM_CounterModeConfig), (18 bytes).
    Removing stm32f10x_tim.o(i.TIM_CtrlPWMOutputs), (30 bytes).
    Removing stm32f10x_tim.o(i.TIM_DMACmd), (18 bytes).
    Removing stm32f10x_tim.o(i.TIM_DMAConfig), (10 bytes).
    Removing stm32f10x_tim.o(i.TIM_DeInit), (488 bytes).
    Removing stm32f10x_tim.o(i.TIM_ETRClockMode1Config), (54 bytes).
    Removing stm32f10x_tim.o(i.TIM_ETRClockMode2Config), (32 bytes).
    Removing stm32f10x_tim.o(i.TIM_ETRConfig), (28 bytes).
    Removing stm32f10x_tim.o(i.TIM_EncoderInterfaceConfig), (66 bytes).
    Removing stm32f10x_tim.o(i.TIM_ForcedOC1Config), (18 bytes).
    Removing stm32f10x_tim.o(i.TIM_ForcedOC2Config), (26 bytes).
    Removing stm32f10x_tim.o(i.TIM_ForcedOC3Config), (18 bytes).
    Removing stm32f10x_tim.o(i.TIM_ForcedOC4Config), (26 bytes).
    Removing stm32f10x_tim.o(i.TIM_GenerateEvent), (4 bytes).
    Removing stm32f10x_tim.o(i.TIM_GetCapture1), (6 bytes).
    Removing stm32f10x_tim.o(i.TIM_GetCapture2), (6 bytes).
    Removing stm32f10x_tim.o(i.TIM_GetCapture3), (6 bytes).
    Removing stm32f10x_tim.o(i.TIM_GetCapture4), (8 bytes).
    Removing stm32f10x_tim.o(i.TIM_GetCounter), (6 bytes).
    Removing stm32f10x_tim.o(i.TIM_GetFlagStatus), (18 bytes).
    Removing stm32f10x_tim.o(i.TIM_GetITStatus), (34 bytes).
    Removing stm32f10x_tim.o(i.TIM_GetPrescaler), (6 bytes).
    Removing stm32f10x_tim.o(i.TIM_ICInit), (172 bytes).
    Removing stm32f10x_tim.o(i.TIM_ICStructInit), (18 bytes).
    Removing stm32f10x_tim.o(i.TIM_ITRxExternalClockConfig), (24 bytes).
    Removing stm32f10x_tim.o(i.TIM_InternalClockConfig), (12 bytes).
    Removing stm32f10x_tim.o(i.TIM_OC1FastConfig), (18 bytes).
    Removing stm32f10x_tim.o(i.TIM_OC1Init), (152 bytes).
    Removing stm32f10x_tim.o(i.TIM_OC1NPolarityConfig), (18 bytes).
    Removing stm32f10x_tim.o(i.TIM_OC1PolarityConfig), (18 bytes).
    Removing stm32f10x_tim.o(i.TIM_OC1PreloadConfig), (18 bytes).
    Removing stm32f10x_tim.o(i.TIM_OC2FastConfig), (26 bytes).
    Removing stm32f10x_tim.o(i.TIM_OC2Init), (164 bytes).
    Removing stm32f10x_tim.o(i.TIM_OC2NPolarityConfig), (26 bytes).
    Removing stm32f10x_tim.o(i.TIM_OC2PolarityConfig), (26 bytes).
    Removing stm32f10x_tim.o(i.TIM_OC2PreloadConfig), (26 bytes).
    Removing stm32f10x_tim.o(i.TIM_OC3FastConfig), (18 bytes).
    Removing stm32f10x_tim.o(i.TIM_OC3Init), (160 bytes).
    Removing stm32f10x_tim.o(i.TIM_OC3NPolarityConfig), (26 bytes).
    Removing stm32f10x_tim.o(i.TIM_OC3PolarityConfig), (26 bytes).
    Removing stm32f10x_tim.o(i.TIM_OC3PreloadConfig), (18 bytes).
    Removing stm32f10x_tim.o(i.TIM_OC4FastConfig), (26 bytes).
    Removing stm32f10x_tim.o(i.TIM_OC4Init), (124 bytes).
    Removing stm32f10x_tim.o(i.TIM_OC4PolarityConfig), (26 bytes).
    Removing stm32f10x_tim.o(i.TIM_OC4PreloadConfig), (26 bytes).
    Removing stm32f10x_tim.o(i.TIM_OCStructInit), (20 bytes).
    Removing stm32f10x_tim.o(i.TIM_PWMIConfig), (124 bytes).
    Removing stm32f10x_tim.o(i.TIM_PrescalerConfig), (6 bytes).
    Removing stm32f10x_tim.o(i.TIM_SelectCCDMA), (24 bytes).
    Removing stm32f10x_tim.o(i.TIM_SelectCOM), (24 bytes).
    Removing stm32f10x_tim.o(i.TIM_SelectHallSensor), (24 bytes).
    Removing stm32f10x_tim.o(i.TIM_SelectInputTrigger), (18 bytes).
    Removing stm32f10x_tim.o(i.TIM_SelectMasterSlaveMode), (18 bytes).
    Removing stm32f10x_tim.o(i.TIM_SelectOCxM), (82 bytes).
    Removing stm32f10x_tim.o(i.TIM_SelectOnePulseMode), (18 bytes).
    Removing stm32f10x_tim.o(i.TIM_SelectOutputTrigger), (18 bytes).
    Removing stm32f10x_tim.o(i.TIM_SelectSlaveMode), (18 bytes).
    Removing stm32f10x_tim.o(i.TIM_SetAutoreload), (4 bytes).
    Removing stm32f10x_tim.o(i.TIM_SetClockDivision), (18 bytes).
    Removing stm32f10x_tim.o(i.TIM_SetCompare1), (4 bytes).
    Removing stm32f10x_tim.o(i.TIM_SetCompare2), (4 bytes).
    Removing stm32f10x_tim.o(i.TIM_SetCompare3), (4 bytes).
    Removing stm32f10x_tim.o(i.TIM_SetCompare4), (6 bytes).
    Removing stm32f10x_tim.o(i.TIM_SetCounter), (4 bytes).
    Removing stm32f10x_tim.o(i.TIM_SetIC1Prescaler), (18 bytes).
    Removing stm32f10x_tim.o(i.TIM_SetIC2Prescaler), (26 bytes).
    Removing stm32f10x_tim.o(i.TIM_SetIC3Prescaler), (18 bytes).
    Removing stm32f10x_tim.o(i.TIM_SetIC4Prescaler), (26 bytes).
    Removing stm32f10x_tim.o(i.TIM_TIxExternalClockConfig), (62 bytes).
    Removing stm32f10x_tim.o(i.TIM_TimeBaseStructInit), (18 bytes).
    Removing stm32f10x_tim.o(i.TIM_UpdateDisableConfig), (24 bytes).
    Removing stm32f10x_tim.o(i.TIM_UpdateRequestConfig), (24 bytes).
    Removing stm32f10x_usart.o(i.USART_ClearFlag), (18 bytes).
    Removing stm32f10x_usart.o(i.USART_ClearITPendingBit), (30 bytes).
    Removing stm32f10x_usart.o(i.USART_ClockInit), (34 bytes).
    Removing stm32f10x_usart.o(i.USART_ClockStructInit), (12 bytes).
    Removing stm32f10x_usart.o(i.USART_DMACmd), (18 bytes).
    Removing stm32f10x_usart.o(i.USART_GetFlagStatus), (26 bytes).
    Removing stm32f10x_usart.o(i.USART_HalfDuplexCmd), (24 bytes).
    Removing stm32f10x_usart.o(i.USART_IrDACmd), (24 bytes).
    Removing stm32f10x_usart.o(i.USART_IrDAConfig), (18 bytes).
    Removing stm32f10x_usart.o(i.USART_LINBreakDetectLengthConfig), (18 bytes).
    Removing stm32f10x_usart.o(i.USART_LINCmd), (24 bytes).
    Removing stm32f10x_usart.o(i.USART_OneBitMethodCmd), (24 bytes).
    Removing stm32f10x_usart.o(i.USART_OverSampling8Cmd), (22 bytes).
    Removing stm32f10x_usart.o(i.USART_ReceiverWakeUpCmd), (24 bytes).
    Removing stm32f10x_usart.o(i.USART_SendBreak), (10 bytes).
    Removing stm32f10x_usart.o(i.USART_SendData), (8 bytes).
    Removing stm32f10x_usart.o(i.USART_SetAddress), (18 bytes).
    Removing stm32f10x_usart.o(i.USART_SetGuardTime), (16 bytes).
    Removing stm32f10x_usart.o(i.USART_SetPrescaler), (16 bytes).
    Removing stm32f10x_usart.o(i.USART_SmartCardCmd), (24 bytes).
    Removing stm32f10x_usart.o(i.USART_SmartCardNACKCmd), (24 bytes).
    Removing stm32f10x_usart.o(i.USART_StructInit), (24 bytes).
    Removing stm32f10x_usart.o(i.USART_WakeUpConfig), (18 bytes).
    Removing stm32f10x_wwdg.o(i.WWDG_ClearFlag), (12 bytes).
    Removing stm32f10x_wwdg.o(i.WWDG_DeInit), (22 bytes).
    Removing stm32f10x_wwdg.o(i.WWDG_Enable), (16 bytes).
    Removing stm32f10x_wwdg.o(i.WWDG_EnableIT), (12 bytes).
    Removing stm32f10x_wwdg.o(i.WWDG_GetFlagStatus), (12 bytes).
    Removing stm32f10x_wwdg.o(i.WWDG_SetCounter), (16 bytes).
    Removing stm32f10x_wwdg.o(i.WWDG_SetPrescaler), (24 bytes).
    Removing stm32f10x_wwdg.o(i.WWDG_SetWindowValue), (40 bytes).

465 unused section(s) (total 18402 bytes) removed from the image.

==============================================================================

Image Symbol Table

    Local Symbols

    Symbol Name                              Value     Ov Type        Size  Object(Section)

    ../clib/angel/boardlib.s                 0x00000000   Number         0  boardinit2.o ABSOLUTE
    ../clib/angel/boardlib.s                 0x00000000   Number         0  boardinit3.o ABSOLUTE
    ../clib/angel/boardlib.s                 0x00000000   Number         0  boardinit1.o ABSOLUTE
    ../clib/angel/boardlib.s                 0x00000000   Number         0  boardshut.o ABSOLUTE
    ../clib/angel/dczerorl2.s                0x00000000   Number         0  __dczerorl2.o ABSOLUTE
    ../clib/angel/handlers.s                 0x00000000   Number         0  __scatter_zi.o ABSOLUTE
    ../clib/angel/kernel.s                   0x00000000   Number         0  __rtentry.o ABSOLUTE
    ../clib/angel/kernel.s                   0x00000000   Number         0  rtexit.o ABSOLUTE
    ../clib/angel/kernel.s                   0x00000000   Number         0  __rtentry2.o ABSOLUTE
    ../clib/angel/kernel.s                   0x00000000   Number         0  __rtentry4.o ABSOLUTE
    ../clib/angel/kernel.s                   0x00000000   Number         0  rtexit2.o ABSOLUTE
    ../clib/angel/rt.s                       0x00000000   Number         0  rt_raise.o ABSOLUTE
    ../clib/angel/scatter.s                  0x00000000   Number         0  __scatter.o ABSOLUTE
    ../clib/angel/startup.s                  0x00000000   Number         0  __main.o ABSOLUTE
    ../clib/angel/sys.s                      0x00000000   Number         0  use_no_semi_2.o ABSOLUTE
    ../clib/angel/sys.s                      0x00000000   Number         0  use_no_semi.o ABSOLUTE
    ../clib/angel/sys.s                      0x00000000   Number         0  indicate_semi.o ABSOLUTE
    ../clib/angel/sys.s                      0x00000000   Number         0  libspace.o ABSOLUTE
    ../clib/angel/sys.s                      0x00000000   Number         0  sys_stackheap_outer.o ABSOLUTE
    ../clib/angel/sysapp.c                   0x00000000   Number         0  sys_wrch.o ABSOLUTE
    ../clib/angel/sysapp.c                   0x00000000   Number         0  sys_command.o ABSOLUTE
    ../clib/armsys.c                         0x00000000   Number         0  no_argv.o ABSOLUTE
    ../clib/armsys.c                         0x00000000   Number         0  argv_veneer.o ABSOLUTE
    ../clib/armsys.c                         0x00000000   Number         0  _get_argv_nomalloc.o ABSOLUTE
    ../clib/armsys.c                         0x00000000   Number         0  argv_veneer.o ABSOLUTE
    ../clib/heapalloc.c                      0x00000000   Number         0  hrguard.o ABSOLUTE
    ../clib/heapaux.c                        0x00000000   Number         0  heapauxi.o ABSOLUTE
    ../clib/libinit.s                        0x00000000   Number         0  libinit2.o ABSOLUTE
    ../clib/libinit.s                        0x00000000   Number         0  libshutdown2.o ABSOLUTE
    ../clib/libinit.s                        0x00000000   Number         0  libinit.o ABSOLUTE
    ../clib/libinit.s                        0x00000000   Number         0  libshutdown.o ABSOLUTE
    ../clib/printf.c                         0x00000000   Number         0  __2printf.o ABSOLUTE
    ../clib/printf.c                         0x00000000   Number         0  noretval__2printf.o ABSOLUTE
    ../clib/printf.c                         0x00000000   Number         0  _printf_char_file.o ABSOLUTE
    ../clib/printf.c                         0x00000000   Number         0  __printf.o ABSOLUTE
    ../clib/printf.c                         0x00000000   Number         0  _printf_intcommon.o ABSOLUTE
    ../clib/printf.c                         0x00000000   Number         0  _printf_dec.o ABSOLUTE
    ../clib/printf.c                         0x00000000   Number         0  __printf_ss.o ABSOLUTE
    ../clib/printf.c                         0x00000000   Number         0  __printf_flags_ss.o ABSOLUTE
    ../clib/printf.c                         0x00000000   Number         0  __printf_wp.o ABSOLUTE
    ../clib/printf.c                         0x00000000   Number         0  __printf_ss_wp.o ABSOLUTE
    ../clib/printf.c                         0x00000000   Number         0  __printf_flags_wp.o ABSOLUTE
    ../clib/printf.c                         0x00000000   Number         0  __printf_nopercent.o ABSOLUTE
    ../clib/printf.c                         0x00000000   Number         0  __printf_flags_ss_wp.o ABSOLUTE
    ../clib/printf.c                         0x00000000   Number         0  _printf_char_common.o ABSOLUTE
    ../clib/printf.c                         0x00000000   Number         0  __printf_flags.o ABSOLUTE
    ../clib/printf_percent.s                 0x00000000   Number         0  _printf_percent_end.o ABSOLUTE
    ../clib/printf_percent.s                 0x00000000   Number         0  _printf_percent.o ABSOLUTE
    ../clib/printf_percent.s                 0x00000000   Number         0  _printf_d.o ABSOLUTE
    ../clib/signal.c                         0x00000000   Number         0  defsig_rtmem_inner.o ABSOLUTE
    ../clib/signal.c                         0x00000000   Number         0  defsig_rtmem_formal.o ABSOLUTE
    ../clib/signal.c                         0x00000000   Number         0  defsig_rtmem_outer.o ABSOLUTE
    ../clib/signal.c                         0x00000000   Number         0  defsig_other.o ABSOLUTE
    ../clib/signal.c                         0x00000000   Number         0  defsig_exit.o ABSOLUTE
    ../clib/signal.c                         0x00000000   Number         0  defsig_cppl_inner.o ABSOLUTE
    ../clib/signal.c                         0x00000000   Number         0  defsig_pvfn_inner.o ABSOLUTE
    ../clib/signal.c                         0x00000000   Number         0  defsig_stak_inner.o ABSOLUTE
    ../clib/signal.c                         0x00000000   Number         0  defsig_rtred_inner.o ABSOLUTE
    ../clib/signal.c                         0x00000000   Number         0  defsig_fpe_inner.o ABSOLUTE
    ../clib/signal.c                         0x00000000   Number         0  defsig_abrt_inner.o ABSOLUTE
    ../clib/signal.c                         0x00000000   Number         0  defsig_segv_inner.o ABSOLUTE
    ../clib/signal.c                         0x00000000   Number         0  defsig_general.o ABSOLUTE
    ../clib/signal.c                         0x00000000   Number         0  __raise.o ABSOLUTE
    ../clib/signal.s                         0x00000000   Number         0  defsig.o ABSOLUTE
    ../clib/stdio.c                          0x00000000   Number         0  ferror_locked.o ABSOLUTE
    ../clib/stdio.c                          0x00000000   Number         0  ferror.o ABSOLUTE
    ../clib/stdlib.c                         0x00000000   Number         0  exit.o ABSOLUTE
    ../fplib/d2f.s                           0x00000000   Number         0  d2f.o ABSOLUTE
    ../fplib/daddsub.s                       0x00000000   Number         0  daddsub_clz.o ABSOLUTE
    ../fplib/ddiv.s                          0x00000000   Number         0  ddiv.o ABSOLUTE
    ../fplib/dflt.s                          0x00000000   Number         0  dflt_clz.o ABSOLUTE
    ../fplib/dmul.s                          0x00000000   Number         0  dmul.o ABSOLUTE
    ../fplib/dnaninf.s                       0x00000000   Number         0  dnaninf.o ABSOLUTE
    ../fplib/dretinf.s                       0x00000000   Number         0  dretinf.o ABSOLUTE
    ../fplib/faddsub.s                       0x00000000   Number         0  faddsub_clz.o ABSOLUTE
    ../fplib/fcmpi.s                         0x00000000   Number         0  fcmpi.o ABSOLUTE
    ../fplib/fdiv.s                          0x00000000   Number         0  fdiv.o ABSOLUTE
    ../fplib/ffix.s                          0x00000000   Number         0  ffix.o ABSOLUTE
    ../fplib/ffixu.s                         0x00000000   Number         0  ffixu.o ABSOLUTE
    ../fplib/fflt.s                          0x00000000   Number         0  fflt_clz.o ABSOLUTE
    ../fplib/fleqf.s                         0x00000000   Number         0  fleqf.o ABSOLUTE
    ../fplib/fmul.s                          0x00000000   Number         0  fmul.o ABSOLUTE
    ../fplib/fnaninf.s                       0x00000000   Number         0  fnaninf.o ABSOLUTE
    ../fplib/fpinit.s                        0x00000000   Number         0  fpinit.o ABSOLUTE
    ../fplib/fretinf.s                       0x00000000   Number         0  fretinf.o ABSOLUTE
    ../fplib/frleqf.s                        0x00000000   Number         0  frleqf.o ABSOLUTE
    ../fplib/usenofp.s                       0x00000000   Number         0  usenofp.o ABSOLUTE
    ..\CORE\core_cm3.c                       0x00000000   Number         0  core_cm3.o ABSOLUTE
    ..\CORE\startup_stm32f10x_hd.s           0x00000000   Number         0  startup_stm32f10x_hd.o ABSOLUTE
    ..\STM32F10x_FWLib\src\misc.c            0x00000000   Number         0  misc.o ABSOLUTE
    ..\STM32F10x_FWLib\src\stm32f10x_adc.c   0x00000000   Number         0  stm32f10x_adc.o ABSOLUTE
    ..\STM32F10x_FWLib\src\stm32f10x_bkp.c   0x00000000   Number         0  stm32f10x_bkp.o ABSOLUTE
    ..\STM32F10x_FWLib\src\stm32f10x_can.c   0x00000000   Number         0  stm32f10x_can.o ABSOLUTE
    ..\STM32F10x_FWLib\src\stm32f10x_cec.c   0x00000000   Number         0  stm32f10x_cec.o ABSOLUTE
    ..\STM32F10x_FWLib\src\stm32f10x_crc.c   0x00000000   Number         0  stm32f10x_crc.o ABSOLUTE
    ..\STM32F10x_FWLib\src\stm32f10x_dac.c   0x00000000   Number         0  stm32f10x_dac.o ABSOLUTE
    ..\STM32F10x_FWLib\src\stm32f10x_dbgmcu.c 0x00000000   Number         0  stm32f10x_dbgmcu.o ABSOLUTE
    ..\STM32F10x_FWLib\src\stm32f10x_dma.c   0x00000000   Number         0  stm32f10x_dma.o ABSOLUTE
    ..\STM32F10x_FWLib\src\stm32f10x_exti.c  0x00000000   Number         0  stm32f10x_exti.o ABSOLUTE
    ..\STM32F10x_FWLib\src\stm32f10x_flash.c 0x00000000   Number         0  stm32f10x_flash.o ABSOLUTE
    ..\STM32F10x_FWLib\src\stm32f10x_fsmc.c  0x00000000   Number         0  stm32f10x_fsmc.o ABSOLUTE
    ..\STM32F10x_FWLib\src\stm32f10x_gpio.c  0x00000000   Number         0  stm32f10x_gpio.o ABSOLUTE
    ..\STM32F10x_FWLib\src\stm32f10x_i2c.c   0x00000000   Number         0  stm32f10x_i2c.o ABSOLUTE
    ..\STM32F10x_FWLib\src\stm32f10x_iwdg.c  0x00000000   Number         0  stm32f10x_iwdg.o ABSOLUTE
    ..\STM32F10x_FWLib\src\stm32f10x_pwr.c   0x00000000   Number         0  stm32f10x_pwr.o ABSOLUTE
    ..\STM32F10x_FWLib\src\stm32f10x_rcc.c   0x00000000   Number         0  stm32f10x_rcc.o ABSOLUTE
    ..\STM32F10x_FWLib\src\stm32f10x_rtc.c   0x00000000   Number         0  stm32f10x_rtc.o ABSOLUTE
    ..\STM32F10x_FWLib\src\stm32f10x_sdio.c  0x00000000   Number         0  stm32f10x_sdio.o ABSOLUTE
    ..\STM32F10x_FWLib\src\stm32f10x_spi.c   0x00000000   Number         0  stm32f10x_spi.o ABSOLUTE
    ..\STM32F10x_FWLib\src\stm32f10x_tim.c   0x00000000   Number         0  stm32f10x_tim.o ABSOLUTE
    ..\STM32F10x_FWLib\src\stm32f10x_usart.c 0x00000000   Number         0  stm32f10x_usart.o ABSOLUTE
    ..\STM32F10x_FWLib\src\stm32f10x_wwdg.c  0x00000000   Number         0  stm32f10x_wwdg.o ABSOLUTE
    ..\SYSTEM\delay\delay.c                  0x00000000   Number         0  delay.o ABSOLUTE
    ..\SYSTEM\sys\sys.c                      0x00000000   Number         0  sys.o ABSOLUTE
    ..\SYSTEM\usart\usart.c                  0x00000000   Number         0  usart.o ABSOLUTE
    ..\\CORE\\core_cm3.c                     0x00000000   Number         0  core_cm3.o ABSOLUTE
    ..\\SYSTEM\\sys\\sys.c                   0x00000000   Number         0  sys.o ABSOLUTE
    dc.s                                     0x00000000   Number         0  dc.o ABSOLUTE
    main.c                                   0x00000000   Number         0  main.o ABSOLUTE
    pwm.c                                    0x00000000   Number         0  pwm.o ABSOLUTE
    stm32f10x_it.c                           0x00000000   Number         0  stm32f10x_it.o ABSOLUTE
    system_stm32f10x.c                       0x00000000   Number         0  system_stm32f10x.o ABSOLUTE
    RESET                                    0x08000000   Section      304  startup_stm32f10x_hd.o(RESET)
    !!!main                                  0x08000130   Section        8  __main.o(!!!main)
    !!!scatter                               0x08000138   Section       52  __scatter.o(!!!scatter)
    !!dczerorl2                              0x0800016c   Section       90  __dczerorl2.o(!!dczerorl2)
    !!handler_zi                             0x080001c8   Section       28  __scatter_zi.o(!!handler_zi)
    .ARM.Collect$$_printf_percent$$00000000  0x080001e4   Section        0  _printf_percent.o(.ARM.Collect$$_printf_percent$$00000000)
    .ARM.Collect$$_printf_percent$$00000009  0x080001e4   Section        6  _printf_d.o(.ARM.Collect$$_printf_percent$$00000009)
    .ARM.Collect$$_printf_percent$$00000017  0x080001ea   Section        4  _printf_percent_end.o(.ARM.Collect$$_printf_percent$$00000017)
    .ARM.Collect$$libinit$$00000000          0x080001ee   Section        2  libinit.o(.ARM.Collect$$libinit$$00000000)
    .ARM.Collect$$libinit$$00000002          0x080001f0   Section        0  libinit2.o(.ARM.Collect$$libinit$$00000002)
    .ARM.Collect$$libinit$$00000004          0x080001f0   Section        0  libinit2.o(.ARM.Collect$$libinit$$00000004)
    .ARM.Collect$$libinit$$0000000A          0x080001f0   Section        0  libinit2.o(.ARM.Collect$$libinit$$0000000A)
    .ARM.Collect$$libinit$$0000000C          0x080001f0   Section        0  libinit2.o(.ARM.Collect$$libinit$$0000000C)
    .ARM.Collect$$libinit$$0000000E          0x080001f0   Section        0  libinit2.o(.ARM.Collect$$libinit$$0000000E)
    .ARM.Collect$$libinit$$00000011          0x080001f0   Section        0  libinit2.o(.ARM.Collect$$libinit$$00000011)
    .ARM.Collect$$libinit$$00000013          0x080001f0   Section        0  libinit2.o(.ARM.Collect$$libinit$$00000013)
    .ARM.Collect$$libinit$$00000015          0x080001f0   Section        0  libinit2.o(.ARM.Collect$$libinit$$00000015)
    .ARM.Collect$$libinit$$00000017          0x080001f0   Section        0  libinit2.o(.ARM.Collect$$libinit$$00000017)
    .ARM.Collect$$libinit$$00000019          0x080001f0   Section        0  libinit2.o(.ARM.Collect$$libinit$$00000019)
    .ARM.Collect$$libinit$$0000001B          0x080001f0   Section        0  libinit2.o(.ARM.Collect$$libinit$$0000001B)
    .ARM.Collect$$libinit$$0000001D          0x080001f0   Section        0  libinit2.o(.ARM.Collect$$libinit$$0000001D)
    .ARM.Collect$$libinit$$0000001F          0x080001f0   Section        0  libinit2.o(.ARM.Collect$$libinit$$0000001F)
    .ARM.Collect$$libinit$$00000021          0x080001f0   Section        0  libinit2.o(.ARM.Collect$$libinit$$00000021)
    .ARM.Collect$$libinit$$00000023          0x080001f0   Section        0  libinit2.o(.ARM.Collect$$libinit$$00000023)
    .ARM.Collect$$libinit$$00000025          0x080001f0   Section        0  libinit2.o(.ARM.Collect$$libinit$$00000025)
    .ARM.Collect$$libinit$$0000002C          0x080001f0   Section        0  libinit2.o(.ARM.Collect$$libinit$$0000002C)
    .ARM.Collect$$libinit$$0000002E          0x080001f0   Section        0  libinit2.o(.ARM.Collect$$libinit$$0000002E)
    .ARM.Collect$$libinit$$00000030          0x080001f0   Section        0  libinit2.o(.ARM.Collect$$libinit$$00000030)
    .ARM.Collect$$libinit$$00000032          0x080001f0   Section        0  libinit2.o(.ARM.Collect$$libinit$$00000032)
    .ARM.Collect$$libinit$$00000033          0x080001f0   Section        2  libinit2.o(.ARM.Collect$$libinit$$00000033)
    .ARM.Collect$$libshutdown$$00000000      0x080001f2   Section        2  libshutdown.o(.ARM.Collect$$libshutdown$$00000000)
    .ARM.Collect$$libshutdown$$00000002      0x080001f4   Section        0  libshutdown2.o(.ARM.Collect$$libshutdown$$00000002)
    .ARM.Collect$$libshutdown$$00000004      0x080001f4   Section        0  libshutdown2.o(.ARM.Collect$$libshutdown$$00000004)
    .ARM.Collect$$libshutdown$$00000007      0x080001f4   Section        0  libshutdown2.o(.ARM.Collect$$libshutdown$$00000007)
    .ARM.Collect$$libshutdown$$0000000A      0x080001f4   Section        0  libshutdown2.o(.ARM.Collect$$libshutdown$$0000000A)
    .ARM.Collect$$libshutdown$$0000000C      0x080001f4   Section        0  libshutdown2.o(.ARM.Collect$$libshutdown$$0000000C)
    .ARM.Collect$$libshutdown$$0000000F      0x080001f4   Section        0  libshutdown2.o(.ARM.Collect$$libshutdown$$0000000F)
    .ARM.Collect$$libshutdown$$00000010      0x080001f4   Section        2  libshutdown2.o(.ARM.Collect$$libshutdown$$00000010)
    .ARM.Collect$$rtentry$$00000000          0x080001f6   Section        0  __rtentry.o(.ARM.Collect$$rtentry$$00000000)
    .ARM.Collect$$rtentry$$00000002          0x080001f6   Section        0  __rtentry2.o(.ARM.Collect$$rtentry$$00000002)
    .ARM.Collect$$rtentry$$00000004          0x080001f6   Section        6  __rtentry4.o(.ARM.Collect$$rtentry$$00000004)
    .ARM.Collect$$rtentry$$00000009          0x080001fc   Section        0  __rtentry2.o(.ARM.Collect$$rtentry$$00000009)
    .ARM.Collect$$rtentry$$0000000A          0x080001fc   Section        4  __rtentry2.o(.ARM.Collect$$rtentry$$0000000A)
    .ARM.Collect$$rtentry$$0000000C          0x08000200   Section        0  __rtentry2.o(.ARM.Collect$$rtentry$$0000000C)
    .ARM.Collect$$rtentry$$0000000D          0x08000200   Section        8  __rtentry2.o(.ARM.Collect$$rtentry$$0000000D)
    .ARM.Collect$$rtexit$$00000000           0x08000208   Section        2  rtexit.o(.ARM.Collect$$rtexit$$00000000)
    .ARM.Collect$$rtexit$$00000002           0x0800020a   Section        0  rtexit2.o(.ARM.Collect$$rtexit$$00000002)
    .ARM.Collect$$rtexit$$00000003           0x0800020a   Section        4  rtexit2.o(.ARM.Collect$$rtexit$$00000003)
    .ARM.Collect$$rtexit$$00000004           0x0800020e   Section        6  rtexit2.o(.ARM.Collect$$rtexit$$00000004)
    .text                                    0x08000214   Section       64  startup_stm32f10x_hd.o(.text)
    .text                                    0x08000254   Section        2  use_no_semi_2.o(.text)
    .text                                    0x08000258   Section        0  noretval__2printf.o(.text)
    .text                                    0x08000270   Section        0  __printf.o(.text)
    .text                                    0x080002d8   Section        0  _printf_dec.o(.text)
    .text                                    0x08000350   Section        0  heapauxi.o(.text)
    .text                                    0x08000356   Section        2  use_no_semi.o(.text)
    .text                                    0x08000358   Section        0  _printf_intcommon.o(.text)
    .text                                    0x0800040c   Section        0  _printf_char_file.o(.text)
    .text                                    0x08000430   Section        0  _printf_char_common.o(.text)
    _printf_input_char                       0x08000431   Thumb Code    10  _printf_char_common.o(.text)
    .text                                    0x08000460   Section        0  ferror.o(.text)
    .text                                    0x08000468   Section       74  sys_stackheap_outer.o(.text)
    .text                                    0x080004b2   Section        0  exit.o(.text)
    .text                                    0x080004c4   Section        8  libspace.o(.text)
    i.BusFault_Handler                       0x080004cc   Section        0  stm32f10x_it.o(i.BusFault_Handler)
    i.DebugMon_Handler                       0x080004d0   Section        0  stm32f10x_it.o(i.DebugMon_Handler)
    i.GPIO_Init                              0x080004d2   Section        0  stm32f10x_gpio.o(i.GPIO_Init)
    i.HardFault_Handler                      0x080005e8   Section        0  stm32f10x_it.o(i.HardFault_Handler)
    i.InitPWM                                0x080005ec   Section        0  pwm.o(i.InitPWM)
    i.InitTimer3                             0x08000694   Section        0  pwm.o(i.InitTimer3)
    i.MemManage_Handler                      0x080006f8   Section        0  stm32f10x_it.o(i.MemManage_Handler)
    i.NMI_Handler                            0x080006fc   Section        0  stm32f10x_it.o(i.NMI_Handler)
    i.NVIC_Init                              0x08000700   Section        0  misc.o(i.NVIC_Init)
    i.NVIC_PriorityGroupConfig               0x08000770   Section        0  misc.o(i.NVIC_PriorityGroupConfig)
    i.PendSV_Handler                         0x08000784   Section        0  stm32f10x_it.o(i.PendSV_Handler)
    i.Pwm_control                            0x08000788   Section        0  usart.o(i.Pwm_control)
    i.RCC_APB1PeriphClockCmd                 0x08000978   Section        0  stm32f10x_rcc.o(i.RCC_APB1PeriphClockCmd)
    i.RCC_APB1PeriphResetCmd                 0x08000998   Section        0  stm32f10x_rcc.o(i.RCC_APB1PeriphResetCmd)
    i.RCC_APB2PeriphClockCmd                 0x080009b8   Section        0  stm32f10x_rcc.o(i.RCC_APB2PeriphClockCmd)
    i.RCC_APB2PeriphResetCmd                 0x080009d8   Section        0  stm32f10x_rcc.o(i.RCC_APB2PeriphResetCmd)
    i.RCC_GetClocksFreq                      0x080009f8   Section        0  stm32f10x_rcc.o(i.RCC_GetClocksFreq)
    i.SVC_Handler                            0x08000acc   Section        0  stm32f10x_it.o(i.SVC_Handler)
    i.ServoPwmDutyCompare                    0x08000ad0   Section        0  pwm.o(i.ServoPwmDutyCompare)
    i.SetSysClock                            0x08000bec   Section        0  system_stm32f10x.o(i.SetSysClock)
    SetSysClock                              0x08000bed   Thumb Code     8  system_stm32f10x.o(i.SetSysClock)
    i.SetSysClockTo72                        0x08000bf4   Section        0  system_stm32f10x.o(i.SetSysClockTo72)
    SetSysClockTo72                          0x08000bf5   Thumb Code   214  system_stm32f10x.o(i.SetSysClockTo72)
    i.SysTick_CLKSourceConfig                0x08000cd4   Section        0  misc.o(i.SysTick_CLKSourceConfig)
    i.SysTick_Handler                        0x08000cfc   Section        0  stm32f10x_it.o(i.SysTick_Handler)
    i.SystemInit                             0x08000d00   Section        0  system_stm32f10x.o(i.SystemInit)
    i.TIM2_IRQHandler                        0x08000d60   Section        0  pwm.o(i.TIM2_IRQHandler)
    i.TIM2_Int_Init                          0x08000d9c   Section        0  pwm.o(i.TIM2_Int_Init)
    i.TIM3_IRQHandler                        0x08000df8   Section        0  pwm.o(i.TIM3_IRQHandler)
    i.TIM_Cmd                                0x08000f94   Section        0  stm32f10x_tim.o(i.TIM_Cmd)
    i.TIM_ITConfig                           0x08000fac   Section        0  stm32f10x_tim.o(i.TIM_ITConfig)
    i.TIM_TimeBaseInit                       0x08000fc0   Section        0  stm32f10x_tim.o(i.TIM_TimeBaseInit)
    i.Timer3ARRValue                         0x08001064   Section        0  pwm.o(i.Timer3ARRValue)
    i.USART1_IRQHandler                      0x08001070   Section        0  usart.o(i.USART1_IRQHandler)
    i.USART3_IRQHandler                      0x08001144   Section        0  usart.o(i.USART3_IRQHandler)
    i.USART_Cmd                              0x08001224   Section        0  stm32f10x_usart.o(i.USART_Cmd)
    i.USART_DeInit                           0x0800123c   Section        0  stm32f10x_usart.o(i.USART_DeInit)
    i.USART_GetITStatus                      0x080012d8   Section        0  stm32f10x_usart.o(i.USART_GetITStatus)
    i.USART_ITConfig                         0x0800132c   Section        0  stm32f10x_usart.o(i.USART_ITConfig)
    i.USART_Init                             0x08001378   Section        0  stm32f10x_usart.o(i.USART_Init)
    i.USART_ReceiveData                      0x08001450   Section        0  stm32f10x_usart.o(i.USART_ReceiveData)
    i.UsageFault_Handler                     0x0800145a   Section        0  stm32f10x_it.o(i.UsageFault_Handler)
    i.Xianfu_Pwm_catch                       0x08001460   Section        0  usart.o(i.Xianfu_Pwm_catch)
    i.Xianfu_Pwm_pitch                       0x080014ac   Section        0  usart.o(i.Xianfu_Pwm_pitch)
    i.Xianfu_Pwm_roll                        0x080014f8   Section        0  usart.o(i.Xianfu_Pwm_roll)
    i.Xianfu_Pwm_yaw                         0x08001544   Section        0  usart.o(i.Xianfu_Pwm_yaw)
    i._sys_exit                              0x08001590   Section        0  usart.o(i._sys_exit)
    i.delay_init                             0x08001598   Section        0  delay.o(i.delay_init)
    i.fputc                                  0x080015dc   Section        0  usart.o(i.fputc)
    i.main                                   0x080015f8   Section        0  main.o(i.main)
    i.uart1_init                             0x080018c4   Section        0  usart.o(i.uart1_init)
    x$fpl$d2f                                0x0800196c   Section       98  d2f.o(x$fpl$d2f)
    x$fpl$dadd                               0x080019d0   Section      336  daddsub_clz.o(x$fpl$dadd)
    _dadd1                                   0x080019e1   Thumb Code     0  daddsub_clz.o(x$fpl$dadd)
    x$fpl$ddiv                               0x08001b20   Section      688  ddiv.o(x$fpl$ddiv)
    ddiv_entry                               0x08001b27   Thumb Code     0  ddiv.o(x$fpl$ddiv)
    x$fpl$dflt                               0x08001dd0   Section       46  dflt_clz.o(x$fpl$dflt)
    x$fpl$dmul                               0x08001e00   Section      340  dmul.o(x$fpl$dmul)
    x$fpl$dnaninf                            0x08001f54   Section      156  dnaninf.o(x$fpl$dnaninf)
    x$fpl$dretinf                            0x08001ff0   Section       12  dretinf.o(x$fpl$dretinf)
    x$fpl$drsb                               0x08001ffc   Section       22  daddsub_clz.o(x$fpl$drsb)
    x$fpl$dsub                               0x08002014   Section      468  daddsub_clz.o(x$fpl$dsub)
    _dsub1                                   0x08002025   Thumb Code     0  daddsub_clz.o(x$fpl$dsub)
    x$fpl$fadd                               0x080021e8   Section      196  faddsub_clz.o(x$fpl$fadd)
    _fadd1                                   0x080021f7   Thumb Code     0  faddsub_clz.o(x$fpl$fadd)
    x$fpl$fcmpinf                            0x080022ac   Section       24  fcmpi.o(x$fpl$fcmpinf)
    x$fpl$fdiv                               0x080022c4   Section      388  fdiv.o(x$fpl$fdiv)
    _fdiv1                                   0x080022c5   Thumb Code     0  fdiv.o(x$fpl$fdiv)
    x$fpl$ffix                               0x08002448   Section       54  ffix.o(x$fpl$ffix)
    x$fpl$ffixu                              0x08002480   Section       62  ffixu.o(x$fpl$ffixu)
    x$fpl$fflt                               0x080024c0   Section       48  fflt_clz.o(x$fpl$fflt)
    x$fpl$ffltu                              0x080024f0   Section       38  fflt_clz.o(x$fpl$ffltu)
    x$fpl$fleqf                              0x08002518   Section      104  fleqf.o(x$fpl$fleqf)
    x$fpl$fmul                               0x08002580   Section      258  fmul.o(x$fpl$fmul)
    x$fpl$fnaninf                            0x08002682   Section      140  fnaninf.o(x$fpl$fnaninf)
    x$fpl$fretinf                            0x0800270e   Section       10  fretinf.o(x$fpl$fretinf)
    x$fpl$frleqf                             0x08002718   Section       98  frleqf.o(x$fpl$frleqf)
    x$fpl$fsub                               0x0800277c   Section      234  faddsub_clz.o(x$fpl$fsub)
    _fsub1                                   0x0800278b   Thumb Code     0  faddsub_clz.o(x$fpl$fsub)
    x$fpl$usenofp                            0x08002866   Section        0  usenofp.o(x$fpl$usenofp)
    .data                                    0x20000000   Section      298  main.o(.data)
    .data                                    0x2000012c   Section       20  system_stm32f10x.o(.data)
    .data                                    0x20000140   Section       47  pwm.o(.data)
    ServoPwmDutyIncTimes                     0x20000168   Data           2  pwm.o(.data)
    ServoRunning                             0x2000016a   Data           1  pwm.o(.data)
    i                                        0x2000016c   Data           2  pwm.o(.data)
    i                                        0x2000016e   Data           1  pwm.o(.data)
    .data                                    0x20000170   Section        4  delay.o(.data)
    fac_us                                   0x20000170   Data           1  delay.o(.data)
    fac_ms                                   0x20000172   Data           2  delay.o(.data)
    .data                                    0x20000174   Section       52  usart.o(.data)
    i                                        0x200001a6   Data           1  usart.o(.data)
    i                                        0x200001a7   Data           1  usart.o(.data)
    .data                                    0x200001a8   Section       20  stm32f10x_rcc.o(.data)
    APBAHBPrescTable                         0x200001a8   Data          16  stm32f10x_rcc.o(.data)
    ADCPrescTable                            0x200001b8   Data           4  stm32f10x_rcc.o(.data)
    .bss                                     0x200001bc   Section       32  pwm.o(.bss)
    .bss                                     0x200001dc   Section       96  libspace.o(.bss)
    HEAP                                     0x20000240   Section      512  startup_stm32f10x_hd.o(HEAP)
    Heap_Mem                                 0x20000240   Data         512  startup_stm32f10x_hd.o(HEAP)
    STACK                                    0x20000440   Section     1024  startup_stm32f10x_hd.o(STACK)
    Stack_Mem                                0x20000440   Data        1024  startup_stm32f10x_hd.o(STACK)
    __initial_sp                             0x20000840   Data           0  startup_stm32f10x_hd.o(STACK)

    Global Symbols

    Symbol Name                              Value     Ov Type        Size  Object(Section)

    BuildAttributes$$THM_ISAv4$P$D$K$B$S$PE$A:L22UL41UL21$X:L11$S22US41US21$IEEE1$IW$USESV6$~STKCKD$USESV7$~SHL$OSPACE$ROPI$EBA8$UX$STANDARDLIB$REQ8$PRES8$EABIv2 0x00000000   Number         0  anon$$obj.o ABSOLUTE
    __ARM_use_no_argv                        0x00000000   Number         0  main.o ABSOLUTE
    __ARM_exceptions_init                     - Undefined Weak Reference
    __alloca_initialize                       - Undefined Weak Reference
    __arm_preinit_                            - Undefined Weak Reference
    __cpp_initialize__aeabi_                  - Undefined Weak Reference
    __cxa_finalize                            - Undefined Weak Reference
    __rt_locale                               - Undefined Weak Reference
    __sigvec_lookup                           - Undefined Weak Reference
    _atexit_init                              - Undefined Weak Reference
    _call_atexit_fns                          - Undefined Weak Reference
    _clock_init                               - Undefined Weak Reference
    _fp_trap_init                             - Undefined Weak Reference
    _fp_trap_shutdown                         - Undefined Weak Reference
    _get_lc_collate                           - Undefined Weak Reference
    _get_lc_ctype                             - Undefined Weak Reference
    _get_lc_monetary                          - Undefined Weak Reference
    _get_lc_numeric                           - Undefined Weak Reference
    _get_lc_time                              - Undefined Weak Reference
    _getenv_init                              - Undefined Weak Reference
    _handle_redirection                       - Undefined Weak Reference
    _init_alloc                               - Undefined Weak Reference
    _init_user_alloc                          - Undefined Weak Reference
    _initio                                   - Undefined Weak Reference
    _mutex_acquire                            - Undefined Weak Reference
    _mutex_release                            - Undefined Weak Reference
    _printf_post_padding                      - Undefined Weak Reference
    _printf_pre_padding                       - Undefined Weak Reference
    _printf_truncate_signed                   - Undefined Weak Reference
    _printf_truncate_unsigned                 - Undefined Weak Reference
    _rand_init                                - Undefined Weak Reference
    _signal_finish                            - Undefined Weak Reference
    _signal_init                              - Undefined Weak Reference
    _terminate_alloc                          - Undefined Weak Reference
    _terminate_user_alloc                     - Undefined Weak Reference
    _terminateio                              - Undefined Weak Reference
    __Vectors_Size                           0x00000130   Number         0  startup_stm32f10x_hd.o ABSOLUTE
    __Vectors                                0x08000000   Data           4  startup_stm32f10x_hd.o(RESET)
    __Vectors_End                            0x08000130   Data           0  startup_stm32f10x_hd.o(RESET)
    __main                                   0x08000131   Thumb Code     8  __main.o(!!!main)
    __scatterload                            0x08000139   Thumb Code     0  __scatter.o(!!!scatter)
    __scatterload_rt2                        0x08000139   Thumb Code    44  __scatter.o(!!!scatter)
    __scatterload_rt2_thumb_only             0x08000139   Thumb Code     0  __scatter.o(!!!scatter)
    __scatterload_null                       0x08000147   Thumb Code     0  __scatter.o(!!!scatter)
    __decompress                             0x0800016d   Thumb Code    90  __dczerorl2.o(!!dczerorl2)
    __decompress1                            0x0800016d   Thumb Code     0  __dczerorl2.o(!!dczerorl2)
    __scatterload_zeroinit                   0x080001c9   Thumb Code    28  __scatter_zi.o(!!handler_zi)
    _printf_d                                0x080001e5   Thumb Code     0  _printf_d.o(.ARM.Collect$$_printf_percent$$00000009)
    _printf_percent                          0x080001e5   Thumb Code     0  _printf_percent.o(.ARM.Collect$$_printf_percent$$00000000)
    _printf_percent_end                      0x080001eb   Thumb Code     0  _printf_percent_end.o(.ARM.Collect$$_printf_percent$$00000017)
    __rt_lib_init                            0x080001ef   Thumb Code     0  libinit.o(.ARM.Collect$$libinit$$00000000)
    __rt_lib_init_alloca_1                   0x080001f1   Thumb Code     0  libinit2.o(.ARM.Collect$$libinit$$0000002E)
    __rt_lib_init_argv_1                     0x080001f1   Thumb Code     0  libinit2.o(.ARM.Collect$$libinit$$0000002C)
    __rt_lib_init_atexit_1                   0x080001f1   Thumb Code     0  libinit2.o(.ARM.Collect$$libinit$$0000001B)
    __rt_lib_init_clock_1                    0x080001f1   Thumb Code     0  libinit2.o(.ARM.Collect$$libinit$$00000021)
    __rt_lib_init_cpp_1                      0x080001f1   Thumb Code     0  libinit2.o(.ARM.Collect$$libinit$$00000032)
    __rt_lib_init_exceptions_1               0x080001f1   Thumb Code     0  libinit2.o(.ARM.Collect$$libinit$$00000030)
    __rt_lib_init_fp_1                       0x080001f1   Thumb Code     0  libinit2.o(.ARM.Collect$$libinit$$00000002)
    __rt_lib_init_fp_trap_1                  0x080001f1   Thumb Code     0  libinit2.o(.ARM.Collect$$libinit$$0000001F)
    __rt_lib_init_getenv_1                   0x080001f1   Thumb Code     0  libinit2.o(.ARM.Collect$$libinit$$00000023)
    __rt_lib_init_heap_1                     0x080001f1   Thumb Code     0  libinit2.o(.ARM.Collect$$libinit$$0000000A)
    __rt_lib_init_lc_collate_1               0x080001f1   Thumb Code     0  libinit2.o(.ARM.Collect$$libinit$$00000011)
    __rt_lib_init_lc_ctype_1                 0x080001f1   Thumb Code     0  libinit2.o(.ARM.Collect$$libinit$$00000013)
    __rt_lib_init_lc_monetary_1              0x080001f1   Thumb Code     0  libinit2.o(.ARM.Collect$$libinit$$00000015)
    __rt_lib_init_lc_numeric_1               0x080001f1   Thumb Code     0  libinit2.o(.ARM.Collect$$libinit$$00000017)
    __rt_lib_init_lc_time_1                  0x080001f1   Thumb Code     0  libinit2.o(.ARM.Collect$$libinit$$00000019)
    __rt_lib_init_preinit_1                  0x080001f1   Thumb Code     0  libinit2.o(.ARM.Collect$$libinit$$00000004)
    __rt_lib_init_rand_1                     0x080001f1   Thumb Code     0  libinit2.o(.ARM.Collect$$libinit$$0000000E)
    __rt_lib_init_return                     0x080001f1   Thumb Code     0  libinit2.o(.ARM.Collect$$libinit$$00000033)
    __rt_lib_init_signal_1                   0x080001f1   Thumb Code     0  libinit2.o(.ARM.Collect$$libinit$$0000001D)
    __rt_lib_init_stdio_1                    0x080001f1   Thumb Code     0  libinit2.o(.ARM.Collect$$libinit$$00000025)
    __rt_lib_init_user_alloc_1               0x080001f1   Thumb Code     0  libinit2.o(.ARM.Collect$$libinit$$0000000C)
    __rt_lib_shutdown                        0x080001f3   Thumb Code     0  libshutdown.o(.ARM.Collect$$libshutdown$$00000000)
    __rt_lib_shutdown_cpp_1                  0x080001f5   Thumb Code     0  libshutdown2.o(.ARM.Collect$$libshutdown$$00000002)
    __rt_lib_shutdown_fp_trap_1              0x080001f5   Thumb Code     0  libshutdown2.o(.ARM.Collect$$libshutdown$$00000007)
    __rt_lib_shutdown_heap_1                 0x080001f5   Thumb Code     0  libshutdown2.o(.ARM.Collect$$libshutdown$$0000000F)
    __rt_lib_shutdown_return                 0x080001f5   Thumb Code     0  libshutdown2.o(.ARM.Collect$$libshutdown$$00000010)
    __rt_lib_shutdown_signal_1               0x080001f5   Thumb Code     0  libshutdown2.o(.ARM.Collect$$libshutdown$$0000000A)
    __rt_lib_shutdown_stdio_1                0x080001f5   Thumb Code     0  libshutdown2.o(.ARM.Collect$$libshutdown$$00000004)
    __rt_lib_shutdown_user_alloc_1           0x080001f5   Thumb Code     0  libshutdown2.o(.ARM.Collect$$libshutdown$$0000000C)
    __rt_entry                               0x080001f7   Thumb Code     0  __rtentry.o(.ARM.Collect$$rtentry$$00000000)
    __rt_entry_presh_1                       0x080001f7   Thumb Code     0  __rtentry2.o(.ARM.Collect$$rtentry$$00000002)
    __rt_entry_sh                            0x080001f7   Thumb Code     0  __rtentry4.o(.ARM.Collect$$rtentry$$00000004)
    __rt_entry_li                            0x080001fd   Thumb Code     0  __rtentry2.o(.ARM.Collect$$rtentry$$0000000A)
    __rt_entry_postsh_1                      0x080001fd   Thumb Code     0  __rtentry2.o(.ARM.Collect$$rtentry$$00000009)
    __rt_entry_main                          0x08000201   Thumb Code     0  __rtentry2.o(.ARM.Collect$$rtentry$$0000000D)
    __rt_entry_postli_1                      0x08000201   Thumb Code     0  __rtentry2.o(.ARM.Collect$$rtentry$$0000000C)
    __rt_exit                                0x08000209   Thumb Code     0  rtexit.o(.ARM.Collect$$rtexit$$00000000)
    __rt_exit_ls                             0x0800020b   Thumb Code     0  rtexit2.o(.ARM.Collect$$rtexit$$00000003)
    __rt_exit_prels_1                        0x0800020b   Thumb Code     0  rtexit2.o(.ARM.Collect$$rtexit$$00000002)
    __rt_exit_exit                           0x0800020f   Thumb Code     0  rtexit2.o(.ARM.Collect$$rtexit$$00000004)
    Reset_Handler                            0x08000215   Thumb Code     8  startup_stm32f10x_hd.o(.text)
    ADC1_2_IRQHandler                        0x0800022f   Thumb Code     0  startup_stm32f10x_hd.o(.text)
    ADC3_IRQHandler                          0x0800022f   Thumb Code     0  startup_stm32f10x_hd.o(.text)
    CAN1_RX1_IRQHandler                      0x0800022f   Thumb Code     0  startup_stm32f10x_hd.o(.text)
    CAN1_SCE_IRQHandler                      0x0800022f   Thumb Code     0  startup_stm32f10x_hd.o(.text)
    DMA1_Channel1_IRQHandler                 0x0800022f   Thumb Code     0  startup_stm32f10x_hd.o(.text)
    DMA1_Channel2_IRQHandler                 0x0800022f   Thumb Code     0  startup_stm32f10x_hd.o(.text)
    DMA1_Channel3_IRQHandler                 0x0800022f   Thumb Code     0  startup_stm32f10x_hd.o(.text)
    DMA1_Channel4_IRQHandler                 0x0800022f   Thumb Code     0  startup_stm32f10x_hd.o(.text)
    DMA1_Channel5_IRQHandler                 0x0800022f   Thumb Code     0  startup_stm32f10x_hd.o(.text)
    DMA1_Channel6_IRQHandler                 0x0800022f   Thumb Code     0  startup_stm32f10x_hd.o(.text)
    DMA1_Channel7_IRQHandler                 0x0800022f   Thumb Code     0  startup_stm32f10x_hd.o(.text)
    DMA2_Channel1_IRQHandler                 0x0800022f   Thumb Code     0  startup_stm32f10x_hd.o(.text)
    DMA2_Channel2_IRQHandler                 0x0800022f   Thumb Code     0  startup_stm32f10x_hd.o(.text)
    DMA2_Channel3_IRQHandler                 0x0800022f   Thumb Code     0  startup_stm32f10x_hd.o(.text)
    DMA2_Channel4_5_IRQHandler               0x0800022f   Thumb Code     0  startup_stm32f10x_hd.o(.text)
    EXTI0_IRQHandler                         0x0800022f   Thumb Code     0  startup_stm32f10x_hd.o(.text)
    EXTI15_10_IRQHandler                     0x0800022f   Thumb Code     0  startup_stm32f10x_hd.o(.text)
    EXTI1_IRQHandler                         0x0800022f   Thumb Code     0  startup_stm32f10x_hd.o(.text)
    EXTI2_IRQHandler                         0x0800022f   Thumb Code     0  startup_stm32f10x_hd.o(.text)
    EXTI3_IRQHandler                         0x0800022f   Thumb Code     0  startup_stm32f10x_hd.o(.text)
    EXTI4_IRQHandler                         0x0800022f   Thumb Code     0  startup_stm32f10x_hd.o(.text)
    EXTI9_5_IRQHandler                       0x0800022f   Thumb Code     0  startup_stm32f10x_hd.o(.text)
    FLASH_IRQHandler                         0x0800022f   Thumb Code     0  startup_stm32f10x_hd.o(.text)
    FSMC_IRQHandler                          0x0800022f   Thumb Code     0  startup_stm32f10x_hd.o(.text)
    I2C1_ER_IRQHandler                       0x0800022f   Thumb Code     0  startup_stm32f10x_hd.o(.text)
    I2C1_EV_IRQHandler                       0x0800022f   Thumb Code     0  startup_stm32f10x_hd.o(.text)
    I2C2_ER_IRQHandler                       0x0800022f   Thumb Code     0  startup_stm32f10x_hd.o(.text)
    I2C2_EV_IRQHandler                       0x0800022f   Thumb Code     0  startup_stm32f10x_hd.o(.text)
    PVD_IRQHandler                           0x0800022f   Thumb Code     0  startup_stm32f10x_hd.o(.text)
    RCC_IRQHandler                           0x0800022f   Thumb Code     0  startup_stm32f10x_hd.o(.text)
    RTCAlarm_IRQHandler                      0x0800022f   Thumb Code     0  startup_stm32f10x_hd.o(.text)
    RTC_IRQHandler                           0x0800022f   Thumb Code     0  startup_stm32f10x_hd.o(.text)
    SDIO_IRQHandler                          0x0800022f   Thumb Code     0  startup_stm32f10x_hd.o(.text)
    SPI1_IRQHandler                          0x0800022f   Thumb Code     0  startup_stm32f10x_hd.o(.text)
    SPI2_IRQHandler                          0x0800022f   Thumb Code     0  startup_stm32f10x_hd.o(.text)
    SPI3_IRQHandler                          0x0800022f   Thumb Code     0  startup_stm32f10x_hd.o(.text)
    TAMPER_IRQHandler                        0x0800022f   Thumb Code     0  startup_stm32f10x_hd.o(.text)
    TIM1_BRK_IRQHandler                      0x0800022f   Thumb Code     0  startup_stm32f10x_hd.o(.text)
    TIM1_CC_IRQHandler                       0x0800022f   Thumb Code     0  startup_stm32f10x_hd.o(.text)
    TIM1_TRG_COM_IRQHandler                  0x0800022f   Thumb Code     0  startup_stm32f10x_hd.o(.text)
    TIM1_UP_IRQHandler                       0x0800022f   Thumb Code     0  startup_stm32f10x_hd.o(.text)
    TIM4_IRQHandler                          0x0800022f   Thumb Code     0  startup_stm32f10x_hd.o(.text)
    TIM5_IRQHandler                          0x0800022f   Thumb Code     0  startup_stm32f10x_hd.o(.text)
    TIM6_IRQHandler                          0x0800022f   Thumb Code     0  startup_stm32f10x_hd.o(.text)
    TIM7_IRQHandler                          0x0800022f   Thumb Code     0  startup_stm32f10x_hd.o(.text)
    TIM8_BRK_IRQHandler                      0x0800022f   Thumb Code     0  startup_stm32f10x_hd.o(.text)
    TIM8_CC_IRQHandler                       0x0800022f   Thumb Code     0  startup_stm32f10x_hd.o(.text)
    TIM8_TRG_COM_IRQHandler                  0x0800022f   Thumb Code     0  startup_stm32f10x_hd.o(.text)
    TIM8_UP_IRQHandler                       0x0800022f   Thumb Code     0  startup_stm32f10x_hd.o(.text)
    UART4_IRQHandler                         0x0800022f   Thumb Code     0  startup_stm32f10x_hd.o(.text)
    UART5_IRQHandler                         0x0800022f   Thumb Code     0  startup_stm32f10x_hd.o(.text)
    USART2_IRQHandler                        0x0800022f   Thumb Code     0  startup_stm32f10x_hd.o(.text)
    USBWakeUp_IRQHandler                     0x0800022f   Thumb Code     0  startup_stm32f10x_hd.o(.text)
    USB_HP_CAN1_TX_IRQHandler                0x0800022f   Thumb Code     0  startup_stm32f10x_hd.o(.text)
    USB_LP_CAN1_RX0_IRQHandler               0x0800022f   Thumb Code     0  startup_stm32f10x_hd.o(.text)
    WWDG_IRQHandler                          0x0800022f   Thumb Code     0  startup_stm32f10x_hd.o(.text)
    __user_initial_stackheap                 0x08000231   Thumb Code     0  startup_stm32f10x_hd.o(.text)
    __use_no_semihosting                     0x08000255   Thumb Code     2  use_no_semi_2.o(.text)
    __2printf                                0x08000259   Thumb Code    20  noretval__2printf.o(.text)
    __printf                                 0x08000271   Thumb Code   104  __printf.o(.text)
    _printf_int_dec                          0x080002d9   Thumb Code   104  _printf_dec.o(.text)
    __use_two_region_memory                  0x08000351   Thumb Code     2  heapauxi.o(.text)
    __rt_heap_escrow$2region                 0x08000353   Thumb Code     2  heapauxi.o(.text)
    __rt_heap_expand$2region                 0x08000355   Thumb Code     2  heapauxi.o(.text)
    __I$use$semihosting                      0x08000357   Thumb Code     0  use_no_semi.o(.text)
    __use_no_semihosting_swi                 0x08000357   Thumb Code     2  use_no_semi.o(.text)
    _printf_int_common                       0x08000359   Thumb Code   178  _printf_intcommon.o(.text)
    _printf_char_file                        0x0800040d   Thumb Code    32  _printf_char_file.o(.text)
    _printf_char_common                      0x0800043b   Thumb Code    32  _printf_char_common.o(.text)
    ferror                                   0x08000461   Thumb Code     8  ferror.o(.text)
    __user_setup_stackheap                   0x08000469   Thumb Code    74  sys_stackheap_outer.o(.text)
    exit                                     0x080004b3   Thumb Code    18  exit.o(.text)
    __user_libspace                          0x080004c5   Thumb Code     8  libspace.o(.text)
    __user_perproc_libspace                  0x080004c5   Thumb Code     0  libspace.o(.text)
    __user_perthread_libspace                0x080004c5   Thumb Code     0  libspace.o(.text)
    BusFault_Handler                         0x080004cd   Thumb Code     4  stm32f10x_it.o(i.BusFault_Handler)
    DebugMon_Handler                         0x080004d1   Thumb Code     2  stm32f10x_it.o(i.DebugMon_Handler)
    GPIO_Init                                0x080004d3   Thumb Code   278  stm32f10x_gpio.o(i.GPIO_Init)
    HardFault_Handler                        0x080005e9   Thumb Code     4  stm32f10x_it.o(i.HardFault_Handler)
    InitPWM                                  0x080005ed   Thumb Code   154  pwm.o(i.InitPWM)
    InitTimer3                               0x08000695   Thumb Code    92  pwm.o(i.InitTimer3)
    MemManage_Handler                        0x080006f9   Thumb Code     4  stm32f10x_it.o(i.MemManage_Handler)
    NMI_Handler                              0x080006fd   Thumb Code     2  stm32f10x_it.o(i.NMI_Handler)
    NVIC_Init                                0x08000701   Thumb Code   100  misc.o(i.NVIC_Init)
    NVIC_PriorityGroupConfig                 0x08000771   Thumb Code    10  misc.o(i.NVIC_PriorityGroupConfig)
    PendSV_Handler                           0x08000785   Thumb Code     2  stm32f10x_it.o(i.PendSV_Handler)
    Pwm_control                              0x08000789   Thumb Code   406  usart.o(i.Pwm_control)
    RCC_APB1PeriphClockCmd                   0x08000979   Thumb Code    26  stm32f10x_rcc.o(i.RCC_APB1PeriphClockCmd)
    RCC_APB1PeriphResetCmd                   0x08000999   Thumb Code    26  stm32f10x_rcc.o(i.RCC_APB1PeriphResetCmd)
    RCC_APB2PeriphClockCmd                   0x080009b9   Thumb Code    26  stm32f10x_rcc.o(i.RCC_APB2PeriphClockCmd)
    RCC_APB2PeriphResetCmd                   0x080009d9   Thumb Code    26  stm32f10x_rcc.o(i.RCC_APB2PeriphResetCmd)
    RCC_GetClocksFreq                        0x080009f9   Thumb Code   192  stm32f10x_rcc.o(i.RCC_GetClocksFreq)
    SVC_Handler                              0x08000acd   Thumb Code     2  stm32f10x_it.o(i.SVC_Handler)
    ServoPwmDutyCompare                      0x08000ad1   Thumb Code   254  pwm.o(i.ServoPwmDutyCompare)
    SysTick_CLKSourceConfig                  0x08000cd5   Thumb Code    40  misc.o(i.SysTick_CLKSourceConfig)
    SysTick_Handler                          0x08000cfd   Thumb Code     2  stm32f10x_it.o(i.SysTick_Handler)
    SystemInit                               0x08000d01   Thumb Code    78  system_stm32f10x.o(i.SystemInit)
    TIM2_IRQHandler                          0x08000d61   Thumb Code    50  pwm.o(i.TIM2_IRQHandler)
    TIM2_Int_Init                            0x08000d9d   Thumb Code    92  pwm.o(i.TIM2_Int_Init)
    TIM3_IRQHandler                          0x08000df9   Thumb Code   386  pwm.o(i.TIM3_IRQHandler)
    TIM_Cmd                                  0x08000f95   Thumb Code    24  stm32f10x_tim.o(i.TIM_Cmd)
    TIM_ITConfig                             0x08000fad   Thumb Code    18  stm32f10x_tim.o(i.TIM_ITConfig)
    TIM_TimeBaseInit                         0x08000fc1   Thumb Code   122  stm32f10x_tim.o(i.TIM_TimeBaseInit)
    Timer3ARRValue                           0x08001065   Thumb Code     8  pwm.o(i.Timer3ARRValue)
    USART1_IRQHandler                        0x08001071   Thumb Code   168  usart.o(i.USART1_IRQHandler)
    USART3_IRQHandler                        0x08001145   Thumb Code   170  usart.o(i.USART3_IRQHandler)
    USART_Cmd                                0x08001225   Thumb Code    24  stm32f10x_usart.o(i.USART_Cmd)
    USART_DeInit                             0x0800123d   Thumb Code   134  stm32f10x_usart.o(i.USART_DeInit)
    USART_GetITStatus                        0x080012d9   Thumb Code    84  stm32f10x_usart.o(i.USART_GetITStatus)
    USART_ITConfig                           0x0800132d   Thumb Code    74  stm32f10x_usart.o(i.USART_ITConfig)
    USART_Init                               0x08001379   Thumb Code   210  stm32f10x_usart.o(i.USART_Init)
    USART_ReceiveData                        0x08001451   Thumb Code    10  stm32f10x_usart.o(i.USART_ReceiveData)
    UsageFault_Handler                       0x0800145b   Thumb Code     4  stm32f10x_it.o(i.UsageFault_Handler)
    Xianfu_Pwm_catch                         0x08001461   Thumb Code    72  usart.o(i.Xianfu_Pwm_catch)
    Xianfu_Pwm_pitch                         0x080014ad   Thumb Code    72  usart.o(i.Xianfu_Pwm_pitch)
    Xianfu_Pwm_roll                          0x080014f9   Thumb Code    72  usart.o(i.Xianfu_Pwm_roll)
    Xianfu_Pwm_yaw                           0x08001545   Thumb Code    72  usart.o(i.Xianfu_Pwm_yaw)
    _sys_exit                                0x08001591   Thumb Code     6  usart.o(i._sys_exit)
    delay_init                               0x08001599   Thumb Code    50  delay.o(i.delay_init)
    fputc                                    0x080015dd   Thumb Code    24  usart.o(i.fputc)
    main                                     0x080015f9   Thumb Code   646  main.o(i.main)
    uart1_init                               0x080018c5   Thumb Code   158  usart.o(i.uart1_init)
    __aeabi_d2f                              0x0800196d   Thumb Code     0  d2f.o(x$fpl$d2f)
    _d2f                                     0x0800196d   Thumb Code    98  d2f.o(x$fpl$d2f)
    __aeabi_dadd                             0x080019d1   Thumb Code     0  daddsub_clz.o(x$fpl$dadd)
    _dadd                                    0x080019d1   Thumb Code   332  daddsub_clz.o(x$fpl$dadd)
    __aeabi_ddiv                             0x08001b21   Thumb Code     0  ddiv.o(x$fpl$ddiv)
    _ddiv                                    0x08001b21   Thumb Code   552  ddiv.o(x$fpl$ddiv)
    __aeabi_i2d                              0x08001dd1   Thumb Code     0  dflt_clz.o(x$fpl$dflt)
    _dflt                                    0x08001dd1   Thumb Code    46  dflt_clz.o(x$fpl$dflt)
    __aeabi_dmul                             0x08001e01   Thumb Code     0  dmul.o(x$fpl$dmul)
    _dmul                                    0x08001e01   Thumb Code   332  dmul.o(x$fpl$dmul)
    __fpl_dnaninf                            0x08001f55   Thumb Code   156  dnaninf.o(x$fpl$dnaninf)
    __fpl_dretinf                            0x08001ff1   Thumb Code    12  dretinf.o(x$fpl$dretinf)
    __aeabi_drsub                            0x08001ffd   Thumb Code     0  daddsub_clz.o(x$fpl$drsb)
    _drsb                                    0x08001ffd   Thumb Code    22  daddsub_clz.o(x$fpl$drsb)
    __aeabi_dsub                             0x08002015   Thumb Code     0  daddsub_clz.o(x$fpl$dsub)
    _dsub                                    0x08002015   Thumb Code   464  daddsub_clz.o(x$fpl$dsub)
    __aeabi_fadd                             0x080021e9   Thumb Code     0  faddsub_clz.o(x$fpl$fadd)
    _fadd                                    0x080021e9   Thumb Code   196  faddsub_clz.o(x$fpl$fadd)
    __fpl_fcmp_Inf                           0x080022ad   Thumb Code    24  fcmpi.o(x$fpl$fcmpinf)
    __aeabi_fdiv                             0x080022c5   Thumb Code     0  fdiv.o(x$fpl$fdiv)
    _fdiv                                    0x080022c5   Thumb Code   384  fdiv.o(x$fpl$fdiv)
    __aeabi_f2iz                             0x08002449   Thumb Code     0  ffix.o(x$fpl$ffix)
    _ffix                                    0x08002449   Thumb Code    54  ffix.o(x$fpl$ffix)
    __aeabi_f2uiz                            0x08002481   Thumb Code     0  ffixu.o(x$fpl$ffixu)
    _ffixu                                   0x08002481   Thumb Code    62  ffixu.o(x$fpl$ffixu)
    __aeabi_i2f                              0x080024c1   Thumb Code     0  fflt_clz.o(x$fpl$fflt)
    _fflt                                    0x080024c1   Thumb Code    48  fflt_clz.o(x$fpl$fflt)
    __aeabi_ui2f                             0x080024f1   Thumb Code     0  fflt_clz.o(x$fpl$ffltu)
    _ffltu                                   0x080024f1   Thumb Code    38  fflt_clz.o(x$fpl$ffltu)
    __aeabi_cfcmple                          0x08002519   Thumb Code     0  fleqf.o(x$fpl$fleqf)
    _fcmple                                  0x08002519   Thumb Code   104  fleqf.o(x$fpl$fleqf)
    __fpl_fcmple_InfNaN                      0x0800256b   Thumb Code     0  fleqf.o(x$fpl$fleqf)
    __aeabi_fmul                             0x08002581   Thumb Code     0  fmul.o(x$fpl$fmul)
    _fmul                                    0x08002581   Thumb Code   258  fmul.o(x$fpl$fmul)
    __fpl_fnaninf                            0x08002683   Thumb Code   140  fnaninf.o(x$fpl$fnaninf)
    __fpl_fretinf                            0x0800270f   Thumb Code    10  fretinf.o(x$fpl$fretinf)
    __aeabi_cfrcmple                         0x08002719   Thumb Code     0  frleqf.o(x$fpl$frleqf)
    _frcmple                                 0x08002719   Thumb Code    98  frleqf.o(x$fpl$frleqf)
    __aeabi_fsub                             0x0800277d   Thumb Code     0  faddsub_clz.o(x$fpl$fsub)
    _fsub                                    0x0800277d   Thumb Code   234  faddsub_clz.o(x$fpl$fsub)
    __I$use$fp                               0x08002866   Number         0  usenofp.o(x$fpl$usenofp)
    Region$$Table$$Base                      0x08002868   Number         0  anon$$obj.o(Region$$Table)
    Region$$Table$$Limit                     0x08002888   Number         0  anon$$obj.o(Region$$Table)
    t                                        0x20000000   Data           1  main.o(.data)
    a1                                       0x20000002   Data           2  main.o(.data)
    a11                                      0x20000004   Data           2  main.o(.data)
    a2                                       0x20000006   Data           2  main.o(.data)
    a22                                      0x20000008   Data           2  main.o(.data)
    ServoPwmDutySet1                         0x2000000a   Data         144  main.o(.data)
    ServoPwmDutySet2                         0x2000009a   Data         144  main.o(.data)
    SystemCoreClock                          0x2000012c   Data           4  system_stm32f10x.o(.data)
    AHBPrescTable                            0x20000130   Data          16  system_stm32f10x.o(.data)
    ServoPwmDuty                             0x20000140   Data          16  pwm.o(.data)
    ServoPwmDutySet                          0x20000150   Data          16  pwm.o(.data)
    ServoPwmDutyHaveChange                   0x20000160   Data           1  pwm.o(.data)
    ServoTime                                0x20000162   Data           2  pwm.o(.data)
    syst                                     0x20000164   Data           4  pwm.o(.data)
    __stdout                                 0x20000174   Data           4  usart.o(.data)
    USART_RX_STA                             0x20000178   Data           2  usart.o(.data)
    adcx                                     0x2000017c   Data           4  usart.o(.data)
    pitch                                    0x20000180   Data           4  usart.o(.data)
    roll                                     0x20000184   Data           4  usart.o(.data)
    yaw                                      0x20000188   Data           4  usart.o(.data)
    balance_pitch                            0x2000018c   Data           4  usart.o(.data)
    balance_roll                             0x20000190   Data           4  usart.o(.data)
    balance_yaw                              0x20000194   Data           4  usart.o(.data)
    balance_ADC                              0x20000198   Data           4  usart.o(.data)
    Res                                      0x2000019c   Data           1  usart.o(.data)
    flag                                     0x2000019d   Data           1  usart.o(.data)
    flag11                                   0x2000019e   Data           1  usart.o(.data)
    USART_receive                            0x2000019f   Data           7  usart.o(.data)
    ServoPwmDutyInc                          0x200001bc   Data          32  pwm.o(.bss)
    __libspace_start                         0x200001dc   Data          96  libspace.o(.bss)
    __temporary_stack_top$libspace           0x2000023c   Data           0  libspace.o(.bss)



==============================================================================

Memory Map of the image

  Image Entry point : 0x08000215

  Load Region LR_1 (Base: 0x08000000, Size: 0x00002a44, Max: 0xffffffff, ABSOLUTE, COMPRESSED[0x00002900])

    Execution Region ER_RO (Exec base: 0x08000000, Load base: 0x08000000, Size: 0x00002888, Max: 0xffffffff, ABSOLUTE)

    Exec Addr    Load Addr    Size         Type   Attr      Idx    E Section Name        Object

    0x08000000   0x08000000   0x00000130   Data   RO          642    RESET               startup_stm32f10x_hd.o
    0x08000130   0x08000130   0x00000008   Code   RO         3650  * !!!main             c_w.l(__main.o)
    0x08000138   0x08000138   0x00000034   Code   RO         3881    !!!scatter          c_w.l(__scatter.o)
    0x0800016c   0x0800016c   0x0000005a   Code   RO         3879    !!dczerorl2         c_w.l(__dczerorl2.o)
    0x080001c6   0x080001c6   0x00000002   PAD
    0x080001c8   0x080001c8   0x0000001c   Code   RO         3883    !!handler_zi        c_w.l(__scatter_zi.o)
    0x080001e4   0x080001e4   0x00000000   Code   RO         3647    .ARM.Collect$$_printf_percent$$00000000  c_w.l(_printf_percent.o)
    0x080001e4   0x080001e4   0x00000006   Code   RO         3646    .ARM.Collect$$_printf_percent$$00000009  c_w.l(_printf_d.o)
    0x080001ea   0x080001ea   0x00000004   Code   RO         3709    .ARM.Collect$$_printf_percent$$00000017  c_w.l(_printf_percent_end.o)
    0x080001ee   0x080001ee   0x00000002   Code   RO         3753    .ARM.Collect$$libinit$$00000000  c_w.l(libinit.o)
    0x080001f0   0x080001f0   0x00000000   Code   RO         3760    .ARM.Collect$$libinit$$00000002  c_w.l(libinit2.o)
    0x080001f0   0x080001f0   0x00000000   Code   RO         3762    .ARM.Collect$$libinit$$00000004  c_w.l(libinit2.o)
    0x080001f0   0x080001f0   0x00000000   Code   RO         3765    .ARM.Collect$$libinit$$0000000A  c_w.l(libinit2.o)
    0x080001f0   0x080001f0   0x00000000   Code   RO         3767    .ARM.Collect$$libinit$$0000000C  c_w.l(libinit2.o)
    0x080001f0   0x080001f0   0x00000000   Code   RO         3769    .ARM.Collect$$libinit$$0000000E  c_w.l(libinit2.o)
    0x080001f0   0x080001f0   0x00000000   Code   RO         3772    .ARM.Collect$$libinit$$00000011  c_w.l(libinit2.o)
    0x080001f0   0x080001f0   0x00000000   Code   RO         3774    .ARM.Collect$$libinit$$00000013  c_w.l(libinit2.o)
    0x080001f0   0x080001f0   0x00000000   Code   RO         3776    .ARM.Collect$$libinit$$00000015  c_w.l(libinit2.o)
    0x080001f0   0x080001f0   0x00000000   Code   RO         3778    .ARM.Collect$$libinit$$00000017  c_w.l(libinit2.o)
    0x080001f0   0x080001f0   0x00000000   Code   RO         3780    .ARM.Collect$$libinit$$00000019  c_w.l(libinit2.o)
    0x080001f0   0x080001f0   0x00000000   Code   RO         3782    .ARM.Collect$$libinit$$0000001B  c_w.l(libinit2.o)
    0x080001f0   0x080001f0   0x00000000   Code   RO         3784    .ARM.Collect$$libinit$$0000001D  c_w.l(libinit2.o)
    0x080001f0   0x080001f0   0x00000000   Code   RO         3786    .ARM.Collect$$libinit$$0000001F  c_w.l(libinit2.o)
    0x080001f0   0x080001f0   0x00000000   Code   RO         3788    .ARM.Collect$$libinit$$00000021  c_w.l(libinit2.o)
    0x080001f0   0x080001f0   0x00000000   Code   RO         3790    .ARM.Collect$$libinit$$00000023  c_w.l(libinit2.o)
    0x080001f0   0x080001f0   0x00000000   Code   RO         3792    .ARM.Collect$$libinit$$00000025  c_w.l(libinit2.o)
    0x080001f0   0x080001f0   0x00000000   Code   RO         3796    .ARM.Collect$$libinit$$0000002C  c_w.l(libinit2.o)
    0x080001f0   0x080001f0   0x00000000   Code   RO         3798    .ARM.Collect$$libinit$$0000002E  c_w.l(libinit2.o)
    0x080001f0   0x080001f0   0x00000000   Code   RO         3800    .ARM.Collect$$libinit$$00000030  c_w.l(libinit2.o)
    0x080001f0   0x080001f0   0x00000000   Code   RO         3802    .ARM.Collect$$libinit$$00000032  c_w.l(libinit2.o)
    0x080001f0   0x080001f0   0x00000002   Code   RO         3803    .ARM.Collect$$libinit$$00000033  c_w.l(libinit2.o)
    0x080001f2   0x080001f2   0x00000002   Code   RO         3821    .ARM.Collect$$libshutdown$$00000000  c_w.l(libshutdown.o)
    0x080001f4   0x080001f4   0x00000000   Code   RO         3831    .ARM.Collect$$libshutdown$$00000002  c_w.l(libshutdown2.o)
    0x080001f4   0x080001f4   0x00000000   Code   RO         3833    .ARM.Collect$$libshutdown$$00000004  c_w.l(libshutdown2.o)
    0x080001f4   0x080001f4   0x00000000   Code   RO         3836    .ARM.Collect$$libshutdown$$00000007  c_w.l(libshutdown2.o)
    0x080001f4   0x080001f4   0x00000000   Code   RO         3839    .ARM.Collect$$libshutdown$$0000000A  c_w.l(libshutdown2.o)
    0x080001f4   0x080001f4   0x00000000   Code   RO         3841    .ARM.Collect$$libshutdown$$0000000C  c_w.l(libshutdown2.o)
    0x080001f4   0x080001f4   0x00000000   Code   RO         3844    .ARM.Collect$$libshutdown$$0000000F  c_w.l(libshutdown2.o)
    0x080001f4   0x080001f4   0x00000002   Code   RO         3845    .ARM.Collect$$libshutdown$$00000010  c_w.l(libshutdown2.o)
    0x080001f6   0x080001f6   0x00000000   Code   RO         3704    .ARM.Collect$$rtentry$$00000000  c_w.l(__rtentry.o)
    0x080001f6   0x080001f6   0x00000000   Code   RO         3722    .ARM.Collect$$rtentry$$00000002  c_w.l(__rtentry2.o)
    0x080001f6   0x080001f6   0x00000006   Code   RO         3734    .ARM.Collect$$rtentry$$00000004  c_w.l(__rtentry4.o)
    0x080001fc   0x080001fc   0x00000000   Code   RO         3724    .ARM.Collect$$rtentry$$00000009  c_w.l(__rtentry2.o)
    0x080001fc   0x080001fc   0x00000004   Code   RO         3725    .ARM.Collect$$rtentry$$0000000A  c_w.l(__rtentry2.o)
    0x08000200   0x08000200   0x00000000   Code   RO         3727    .ARM.Collect$$rtentry$$0000000C  c_w.l(__rtentry2.o)
    0x08000200   0x08000200   0x00000008   Code   RO         3728    .ARM.Collect$$rtentry$$0000000D  c_w.l(__rtentry2.o)
    0x08000208   0x08000208   0x00000002   Code   RO         3757    .ARM.Collect$$rtexit$$00000000  c_w.l(rtexit.o)
    0x0800020a   0x0800020a   0x00000000   Code   RO         3805    .ARM.Collect$$rtexit$$00000002  c_w.l(rtexit2.o)
    0x0800020a   0x0800020a   0x00000004   Code   RO         3806    .ARM.Collect$$rtexit$$00000003  c_w.l(rtexit2.o)
    0x0800020e   0x0800020e   0x00000006   Code   RO         3807    .ARM.Collect$$rtexit$$00000004  c_w.l(rtexit2.o)
    0x08000214   0x08000214   0x00000040   Code   RO          643  * .text               startup_stm32f10x_hd.o
    0x08000254   0x08000254   0x00000002   Code   RO         3616    .text               c_w.l(use_no_semi_2.o)
    0x08000256   0x08000256   0x00000002   PAD
    0x08000258   0x08000258   0x00000018   Code   RO         3620    .text               c_w.l(noretval__2printf.o)
    0x08000270   0x08000270   0x00000068   Code   RO         3622    .text               c_w.l(__printf.o)
    0x080002d8   0x080002d8   0x00000078   Code   RO         3624    .text               c_w.l(_printf_dec.o)
    0x08000350   0x08000350   0x00000006   Code   RO         3648    .text               c_w.l(heapauxi.o)
    0x08000356   0x08000356   0x00000002   Code   RO         3702    .text               c_w.l(use_no_semi.o)
    0x08000358   0x08000358   0x000000b2   Code   RO         3705    .text               c_w.l(_printf_intcommon.o)
    0x0800040a   0x0800040a   0x00000002   PAD
    0x0800040c   0x0800040c   0x00000024   Code   RO         3707    .text               c_w.l(_printf_char_file.o)
    0x08000430   0x08000430   0x00000030   Code   RO         3736    .text               c_w.l(_printf_char_common.o)
    0x08000460   0x08000460   0x00000008   Code   RO         3738    .text               c_w.l(ferror.o)
    0x08000468   0x08000468   0x0000004a   Code   RO         3742    .text               c_w.l(sys_stackheap_outer.o)
    0x080004b2   0x080004b2   0x00000012   Code   RO         3746    .text               c_w.l(exit.o)
    0x080004c4   0x080004c4   0x00000008   Code   RO         3754    .text               c_w.l(libspace.o)
    0x080004cc   0x080004cc   0x00000004   Code   RO          125    i.BusFault_Handler  stm32f10x_it.o
    0x080004d0   0x080004d0   0x00000002   Code   RO          126    i.DebugMon_Handler  stm32f10x_it.o
    0x080004d2   0x080004d2   0x00000116   Code   RO         1798    i.GPIO_Init         stm32f10x_gpio.o
    0x080005e8   0x080005e8   0x00000004   Code   RO          127    i.HardFault_Handler  stm32f10x_it.o
    0x080005ec   0x080005ec   0x000000a8   Code   RO          305    i.InitPWM           pwm.o
    0x08000694   0x08000694   0x00000064   Code   RO          306    i.InitTimer3        pwm.o
    0x080006f8   0x080006f8   0x00000004   Code   RO          128    i.MemManage_Handler  stm32f10x_it.o
    0x080006fc   0x080006fc   0x00000002   Code   RO          129    i.NMI_Handler       stm32f10x_it.o
    0x080006fe   0x080006fe   0x00000002   PAD
    0x08000700   0x08000700   0x00000070   Code   RO          647    i.NVIC_Init         misc.o
    0x08000770   0x08000770   0x00000014   Code   RO          648    i.NVIC_PriorityGroupConfig  misc.o
    0x08000784   0x08000784   0x00000002   Code   RO          130    i.PendSV_Handler    stm32f10x_it.o
    0x08000786   0x08000786   0x00000002   PAD
    0x08000788   0x08000788   0x000001f0   Code   RO          537    i.Pwm_control       usart.o
    0x08000978   0x08000978   0x00000020   Code   RO         2214    i.RCC_APB1PeriphClockCmd  stm32f10x_rcc.o
    0x08000998   0x08000998   0x00000020   Code   RO         2215    i.RCC_APB1PeriphResetCmd  stm32f10x_rcc.o
    0x080009b8   0x080009b8   0x00000020   Code   RO         2216    i.RCC_APB2PeriphClockCmd  stm32f10x_rcc.o
    0x080009d8   0x080009d8   0x00000020   Code   RO         2217    i.RCC_APB2PeriphResetCmd  stm32f10x_rcc.o
    0x080009f8   0x080009f8   0x000000d4   Code   RO         2224    i.RCC_GetClocksFreq  stm32f10x_rcc.o
    0x08000acc   0x08000acc   0x00000002   Code   RO          131    i.SVC_Handler       stm32f10x_it.o
    0x08000ace   0x08000ace   0x00000002   PAD
    0x08000ad0   0x08000ad0   0x0000011c   Code   RO          307    i.ServoPwmDutyCompare  pwm.o
    0x08000bec   0x08000bec   0x00000008   Code   RO          271    i.SetSysClock       system_stm32f10x.o
    0x08000bf4   0x08000bf4   0x000000e0   Code   RO          272    i.SetSysClockTo72   system_stm32f10x.o
    0x08000cd4   0x08000cd4   0x00000028   Code   RO          651    i.SysTick_CLKSourceConfig  misc.o
    0x08000cfc   0x08000cfc   0x00000002   Code   RO          132    i.SysTick_Handler   stm32f10x_it.o
    0x08000cfe   0x08000cfe   0x00000002   PAD
    0x08000d00   0x08000d00   0x00000060   Code   RO          274    i.SystemInit        system_stm32f10x.o
    0x08000d60   0x08000d60   0x0000003c   Code   RO          308    i.TIM2_IRQHandler   pwm.o
    0x08000d9c   0x08000d9c   0x0000005c   Code   RO          309    i.TIM2_Int_Init     pwm.o
    0x08000df8   0x08000df8   0x0000019c   Code   RO          310    i.TIM3_IRQHandler   pwm.o
    0x08000f94   0x08000f94   0x00000018   Code   RO         2848    i.TIM_Cmd           stm32f10x_tim.o
    0x08000fac   0x08000fac   0x00000012   Code   RO         2873    i.TIM_ITConfig      stm32f10x_tim.o
    0x08000fbe   0x08000fbe   0x00000002   PAD
    0x08000fc0   0x08000fc0   0x000000a4   Code   RO         2919    i.TIM_TimeBaseInit  stm32f10x_tim.o
    0x08001064   0x08001064   0x0000000c   Code   RO          311    i.Timer3ARRValue    pwm.o
    0x08001070   0x08001070   0x000000d4   Code   RO          538    i.USART1_IRQHandler  usart.o
    0x08001144   0x08001144   0x000000e0   Code   RO          539    i.USART3_IRQHandler  usart.o
    0x08001224   0x08001224   0x00000018   Code   RO         3384    i.USART_Cmd         stm32f10x_usart.o
    0x0800123c   0x0800123c   0x0000009c   Code   RO         3386    i.USART_DeInit      stm32f10x_usart.o
    0x080012d8   0x080012d8   0x00000054   Code   RO         3388    i.USART_GetITStatus  stm32f10x_usart.o
    0x0800132c   0x0800132c   0x0000004a   Code   RO         3390    i.USART_ITConfig    stm32f10x_usart.o
    0x08001376   0x08001376   0x00000002   PAD
    0x08001378   0x08001378   0x000000d8   Code   RO         3391    i.USART_Init        stm32f10x_usart.o
    0x08001450   0x08001450   0x0000000a   Code   RO         3398    i.USART_ReceiveData  stm32f10x_usart.o
    0x0800145a   0x0800145a   0x00000004   Code   RO          133    i.UsageFault_Handler  stm32f10x_it.o
    0x0800145e   0x0800145e   0x00000002   PAD
    0x08001460   0x08001460   0x0000004c   Code   RO          540    i.Xianfu_Pwm_catch  usart.o
    0x080014ac   0x080014ac   0x0000004c   Code   RO          541    i.Xianfu_Pwm_pitch  usart.o
    0x080014f8   0x080014f8   0x0000004c   Code   RO          542    i.Xianfu_Pwm_roll   usart.o
    0x08001544   0x08001544   0x0000004c   Code   RO          543    i.Xianfu_Pwm_yaw    usart.o
    0x08001590   0x08001590   0x00000006   Code   RO          544    i._sys_exit         usart.o
    0x08001596   0x08001596   0x00000002   PAD
    0x08001598   0x08001598   0x00000044   Code   RO          450    i.delay_init        delay.o
    0x080015dc   0x080015dc   0x0000001c   Code   RO          545    i.fputc             usart.o
    0x080015f8   0x080015f8   0x000002cc   Code   RO            1    i.main              main.o
    0x080018c4   0x080018c4   0x000000a8   Code   RO          547    i.uart1_init        usart.o
    0x0800196c   0x0800196c   0x00000062   Code   RO         3652    x$fpl$d2f           fz_ws.l(d2f.o)
    0x080019ce   0x080019ce   0x00000002   PAD
    0x080019d0   0x080019d0   0x00000150   Code   RO         3654    x$fpl$dadd          fz_ws.l(daddsub_clz.o)
    0x08001b20   0x08001b20   0x000002b0   Code   RO         3661    x$fpl$ddiv          fz_ws.l(ddiv.o)
    0x08001dd0   0x08001dd0   0x0000002e   Code   RO         3665    x$fpl$dflt          fz_ws.l(dflt_clz.o)
    0x08001dfe   0x08001dfe   0x00000002   PAD
    0x08001e00   0x08001e00   0x00000154   Code   RO         3670    x$fpl$dmul          fz_ws.l(dmul.o)
    0x08001f54   0x08001f54   0x0000009c   Code   RO         3710    x$fpl$dnaninf       fz_ws.l(dnaninf.o)
    0x08001ff0   0x08001ff0   0x0000000c   Code   RO         3712    x$fpl$dretinf       fz_ws.l(dretinf.o)
    0x08001ffc   0x08001ffc   0x00000016   Code   RO         3655    x$fpl$drsb          fz_ws.l(daddsub_clz.o)
    0x08002012   0x08002012   0x00000002   PAD
    0x08002014   0x08002014   0x000001d4   Code   RO         3656    x$fpl$dsub          fz_ws.l(daddsub_clz.o)
    0x080021e8   0x080021e8   0x000000c4   Code   RO         3672    x$fpl$fadd          fz_ws.l(faddsub_clz.o)
    0x080022ac   0x080022ac   0x00000018   Code   RO         3714    x$fpl$fcmpinf       fz_ws.l(fcmpi.o)
    0x080022c4   0x080022c4   0x00000184   Code   RO         3679    x$fpl$fdiv          fz_ws.l(fdiv.o)
    0x08002448   0x08002448   0x00000036   Code   RO         3682    x$fpl$ffix          fz_ws.l(ffix.o)
    0x0800247e   0x0800247e   0x00000002   PAD
    0x08002480   0x08002480   0x0000003e   Code   RO         3686    x$fpl$ffixu         fz_ws.l(ffixu.o)
    0x080024be   0x080024be   0x00000002   PAD
    0x080024c0   0x080024c0   0x00000030   Code   RO         3691    x$fpl$fflt          fz_ws.l(fflt_clz.o)
    0x080024f0   0x080024f0   0x00000026   Code   RO         3690    x$fpl$ffltu         fz_ws.l(fflt_clz.o)
    0x08002516   0x08002516   0x00000002   PAD
    0x08002518   0x08002518   0x00000068   Code   RO         3696    x$fpl$fleqf         fz_ws.l(fleqf.o)
    0x08002580   0x08002580   0x00000102   Code   RO         3698    x$fpl$fmul          fz_ws.l(fmul.o)
    0x08002682   0x08002682   0x0000008c   Code   RO         3716    x$fpl$fnaninf       fz_ws.l(fnaninf.o)
    0x0800270e   0x0800270e   0x0000000a   Code   RO         3718    x$fpl$fretinf       fz_ws.l(fretinf.o)
    0x08002718   0x08002718   0x00000062   Code   RO         3700    x$fpl$frleqf        fz_ws.l(frleqf.o)
    0x0800277a   0x0800277a   0x00000002   PAD
    0x0800277c   0x0800277c   0x000000ea   Code   RO         3674    x$fpl$fsub          fz_ws.l(faddsub_clz.o)
    0x08002866   0x08002866   0x00000000   Code   RO         3720    x$fpl$usenofp       fz_ws.l(usenofp.o)
    0x08002866   0x08002866   0x00000002   PAD
    0x08002868   0x08002868   0x00000020   Data   RO         3877    Region$$Table       anon$$obj.o


    Execution Region ER_RW (Exec base: 0x20000000, Load base: 0x08002888, Size: 0x000001bc, Max: 0xffffffff, ABSOLUTE, COMPRESSED[0x00000078])

    Exec Addr    Load Addr    Size         Type   Attr      Idx    E Section Name        Object

    0x20000000   COMPRESSED   0x0000012a   Data   RW            2    .data               main.o
    0x2000012a   COMPRESSED   0x00000002   PAD
    0x2000012c   COMPRESSED   0x00000014   Data   RW          275    .data               system_stm32f10x.o
    0x20000140   COMPRESSED   0x0000002f   Data   RW          313    .data               pwm.o
    0x2000016f   COMPRESSED   0x00000001   PAD
    0x20000170   COMPRESSED   0x00000004   Data   RW          453    .data               delay.o
    0x20000174   COMPRESSED   0x00000034   Data   RW          550    .data               usart.o
    0x200001a8   COMPRESSED   0x00000014   Data   RW         2244    .data               stm32f10x_rcc.o


    Execution Region ER_ZI (Exec base: 0x200001bc, Load base: 0x08002900, Size: 0x00000684, Max: 0xffffffff, ABSOLUTE)

    Exec Addr    Load Addr    Size         Type   Attr      Idx    E Section Name        Object

    0x200001bc        -       0x00000020   Zero   RW          312    .bss                pwm.o
    0x200001dc        -       0x00000060   Zero   RW         3755    .bss                c_w.l(libspace.o)
    0x2000023c   0x08002900   0x00000004   PAD
    0x20000240        -       0x00000200   Zero   RW          641    HEAP                startup_stm32f10x_hd.o
    0x20000440        -       0x00000400   Zero   RW          640    STACK               startup_stm32f10x_hd.o


==============================================================================

Image component sizes


      Code (inc. data)   RO Data    RW Data    ZI Data      Debug   Object Name

        68         18          0          4          0     204033   delay.o
       716         70          0        298          0     224561   main.o
       172         22          0          0          0       2033   misc.o
      1128        110          0         47         32     237315   pwm.o
        64         26        304          0       1536        788   startup_stm32f10x_hd.o
       278          0          0          0          0       1952   stm32f10x_gpio.o
        26          0          0          0          0      47158   stm32f10x_it.o
       340         44          0         20          0       5540   stm32f10x_rcc.o
       206         42          0          0          0       2300   stm32f10x_tim.o
       564         28          0          0          0       5577   stm32f10x_usart.o
         0          0          0          0          0         32   sys.o
       328         28          0         20          0       2057   system_stm32f10x.o
      1438        218          0         52          0       7957   usart.o

    ----------------------------------------------------------------------
      5344        606        336        444       1568     741303   Object Totals
         0          0         32          0          0          0   (incl. Generated)
        16          0          0          3          0          0   (incl. Padding)

    ----------------------------------------------------------------------

      Code (inc. data)   RO Data    RW Data    ZI Data      Debug   Library Member Name

        90          0          0          0          0          0   __dczerorl2.o
         8          0          0          0          0         68   __main.o
       104          0          0          0          0         84   __printf.o
         0          0          0          0          0          0   __rtentry.o
        12          0          0          0          0          0   __rtentry2.o
         6          0          0          0          0          0   __rtentry4.o
        52          8          0          0          0          0   __scatter.o
        28          0          0          0          0          0   __scatter_zi.o
        48          6          0          0          0         96   _printf_char_common.o
        36          4          0          0          0         80   _printf_char_file.o
         6          0          0          0          0          0   _printf_d.o
       120         16          0          0          0         92   _printf_dec.o
       178          0          0          0          0         88   _printf_intcommon.o
         0          0          0          0          0          0   _printf_percent.o
         4          0          0          0          0          0   _printf_percent_end.o
        18          0          0          0          0         80   exit.o
         8          0          0          0          0         68   ferror.o
         6          0          0          0          0        152   heapauxi.o
         2          0          0          0          0          0   libinit.o
         2          0          0          0          0          0   libinit2.o
         2          0          0          0          0          0   libshutdown.o
         2          0          0          0          0          0   libshutdown2.o
         8          4          0          0         96         68   libspace.o
        24          4          0          0          0         84   noretval__2printf.o
         2          0          0          0          0          0   rtexit.o
        10          0          0          0          0          0   rtexit2.o
        74          0          0          0          0         80   sys_stackheap_outer.o
         2          0          0          0          0         68   use_no_semi.o
         2          0          0          0          0         68   use_no_semi_2.o
        98          4          0          0          0         92   d2f.o
       826         16          0          0          0        348   daddsub_clz.o
       688        140          0          0          0        208   ddiv.o
        46          0          0          0          0         68   dflt_clz.o
       340         12          0          0          0        104   dmul.o
       156          4          0          0          0         92   dnaninf.o
        12          0          0          0          0         68   dretinf.o
       430          8          0          0          0        168   faddsub_clz.o
        24          0          0          0          0         68   fcmpi.o
       388         76          0          0          0         96   fdiv.o
        54          4          0          0          0         84   ffix.o
        62          4          0          0          0         84   ffixu.o
        86          0          0          0          0        136   fflt_clz.o
       104          4          0          0          0         84   fleqf.o
       258          4          0          0          0         84   fmul.o
       140          4          0          0          0         84   fnaninf.o
        10          0          0          0          0         68   fretinf.o
        98          0          0          0          0         68   frleqf.o
         0          0          0          0          0          0   usenofp.o

    ----------------------------------------------------------------------
      4696        322          0          0        100       3180   Library Totals
        22          0          0          0          4          0   (incl. Padding)

    ----------------------------------------------------------------------

      Code (inc. data)   RO Data    RW Data    ZI Data      Debug   Library Name

       854         42          0          0         96       1176   c_w.l
      3820        280          0          0          0       2004   fz_ws.l

    ----------------------------------------------------------------------
      4696        322          0          0        100       3180   Library Totals

    ----------------------------------------------------------------------

==============================================================================


      Code (inc. data)   RO Data    RW Data    ZI Data      Debug   

     10040        928        336        444       1668     740475   Grand Totals
     10040        928        336        120       1668     740475   ELF Image Totals (compressed)
     10040        928        336        120          0          0   ROM Totals

==============================================================================

    Total RO  Size (Code + RO Data)                10376 (  10.13kB)
    Total RW  Size (RW Data + ZI Data)              2112 (   2.06kB)
    Total ROM Size (Code + RO Data + RW Data)      10496 (  10.25kB)

==============================================================================

