Component: ARM Compiler 5.05 update 1 (build 106) Tool: armlink [4d0efa]

==============================================================================

Section Cross References

    main.o(.text) refers to misc.o(.text) for NVIC_PriorityGroupConfig
    main.o(.text) refers to delay.o(.text) for delay_init
    main.o(.text) refers to usart.o(.text) for uart_init
    main.o(.text) refers to usart3.o(.text) for uart3_init
    main.o(.text) refers to adc.o(.text) for Adc_Init
    main.o(.text) refers to dac.o(.text) for Dac1_Init
    main.o(.text) refers to mpu6050.o(.text) for MPU_Init
    main.o(.text) refers to inv_mpu.o(.text) for mpu_dmp_init
    main.o(.text) refers to timer.o(.text) for TIM4_Int_Init
    system_stm32f10x.o(.text) refers to system_stm32f10x.o(.data) for SystemCoreClock
    key.o(.text) refers to stm32f10x_rcc.o(.text) for RCC_APB2PeriphClockCmd
    key.o(.text) refers to stm32f10x_gpio.o(.text) for GPIO_PinRemapConfig
    key.o(.text) refers to delay.o(.text) for delay_ms
    key.o(.text) refers to key.o(.data) for key_up
    mpuiic.o(.text) refers to delay.o(.text) for delay_us
    mpuiic.o(.text) refers to stm32f10x_rcc.o(.text) for RCC_APB2PeriphClockCmd
    mpuiic.o(.text) refers to stm32f10x_gpio.o(.text) for GPIO_Init
    mpu6050.o(.text) refers to mpuiic.o(.text) for MPU_IIC_Start
    mpu6050.o(.text) refers to delay.o(.text) for delay_ms
    mpu6050.o(.text) refers to dflt_clz.o(x$fpl$dflt) for __aeabi_i2d
    mpu6050.o(.text) refers to ddiv.o(x$fpl$ddiv) for __aeabi_ddiv
    mpu6050.o(.text) refers to daddsub_clz.o(x$fpl$dadd) for __aeabi_dadd
    mpu6050.o(.text) refers to d2f.o(x$fpl$d2f) for __aeabi_d2f
    mpu6050.o(.text) refers to fmul.o(x$fpl$fmul) for __aeabi_fmul
    mpu6050.o(.text) refers to ffix.o(x$fpl$ffix) for __aeabi_f2iz
    inv_mpu_dmp_motion_driver.o(.text) refers to inv_mpu.o(.text) for mpu_load_firmware
    inv_mpu_dmp_motion_driver.o(.text) refers to inv_mpu_dmp_motion_driver.o(.constdata) for dmp_memory
    inv_mpu_dmp_motion_driver.o(.text) refers to inv_mpu_dmp_motion_driver.o(.bss) for dmp
    inv_mpu_dmp_motion_driver.o(.text) refers to fflt_clz.o(x$fpl$ffltu) for __aeabi_ui2f
    inv_mpu_dmp_motion_driver.o(.text) refers to fdiv.o(x$fpl$fdiv) for __aeabi_fdiv
    inv_mpu_dmp_motion_driver.o(.text) refers to fmul.o(x$fpl$fmul) for __aeabi_fmul
    inv_mpu_dmp_motion_driver.o(.text) refers to ffixu.o(x$fpl$ffixu) for __aeabi_f2uiz
    inv_mpu_dmp_motion_driver.o(.text) refers to aeabi_memset.o(.text) for __aeabi_memset
    inv_mpu.o(.text) refers to _printf_pad.o(.text) for _printf_pre_padding
    inv_mpu.o(.text) refers to _printf_percent.o(.ARM.Collect$$_printf_percent$$00000000) for _printf_percent
    inv_mpu.o(.text) refers to _printf_x.o(.ARM.Collect$$_printf_percent$$0000000C) for _printf_x
    inv_mpu.o(.text) refers to _printf_hex_int.o(.text) for _printf_longlong_hex
    inv_mpu.o(.text) refers to _printf_d.o(.ARM.Collect$$_printf_percent$$00000009) for _printf_d
    inv_mpu.o(.text) refers to _printf_dec.o(.text) for _printf_int_dec
    inv_mpu.o(.text) refers to mpu6050.o(.text) for MPU_Write_Len
    inv_mpu.o(.text) refers to noretval__2printf.o(.text) for __2printf
    inv_mpu.o(.text) refers to delay.o(.text) for delay_ms
    inv_mpu.o(.text) refers to inv_mpu.o(.data) for st
    inv_mpu.o(.text) refers to fflt_clz.o(x$fpl$ffltu) for __aeabi_ui2f
    inv_mpu.o(.text) refers to fflt_clz.o(x$fpl$fflt) for __aeabi_i2f
    inv_mpu.o(.text) refers to faddsub_clz.o(x$fpl$fsub) for __aeabi_fsub
    inv_mpu.o(.text) refers to fdiv.o(x$fpl$fdiv) for __aeabi_fdiv
    inv_mpu.o(.text) refers to faddsub_clz.o(x$fpl$fadd) for __aeabi_fadd
    inv_mpu.o(.text) refers to fmul.o(x$fpl$fmul) for __aeabi_fmul
    inv_mpu.o(.text) refers to ffix.o(x$fpl$ffix) for __aeabi_f2iz
    inv_mpu.o(.text) refers to inv_mpu.o(.conststring) for .conststring
    inv_mpu.o(.text) refers to feqf.o(x$fpl$feqf) for __aeabi_cfcmpeq
    inv_mpu.o(.text) refers to frleqf.o(x$fpl$frleqf) for __aeabi_cfrcmple
    inv_mpu.o(.text) refers to fleqf.o(x$fpl$fleqf) for __aeabi_cfcmple
    inv_mpu.o(.text) refers to inv_mpu.o(.constdata) for test
    inv_mpu.o(.text) refers to llsdiv.o(.text) for __aeabi_ldivmod
    inv_mpu.o(.text) refers to memcmp.o(.text) for memcmp
    inv_mpu.o(.text) refers to inv_mpu_dmp_motion_driver.o(.text) for dmp_set_gyro_bias
    inv_mpu.o(.text) refers to mpuiic.o(.text) for MPU_IIC_Init
    inv_mpu.o(.text) refers to f2d.o(x$fpl$f2d) for __aeabi_f2d
    inv_mpu.o(.text) refers to asin.o(i.asin) for asin
    inv_mpu.o(.text) refers to dmul.o(x$fpl$dmul) for __aeabi_dmul
    inv_mpu.o(.text) refers to d2f.o(x$fpl$d2f) for __aeabi_d2f
    inv_mpu.o(.text) refers to atan2.o(i.atan2) for atan2
    inv_mpu.o(.data) refers to inv_mpu.o(.constdata) for reg
    oled.o(.text) refers to stm32f10x_gpio.o(.text) for GPIO_ReadInputDataBit
    oled.o(.text) refers to oled.o(.bss) for OLED_GRAM
    oled.o(.text) refers to oled.o(.constdata) for asc2_0806
[...]
    x$fpl$scalbn                             0x0800897e   Section       92  scalbn.o(x$fpl$scalbn)
    x$fpl$trapveneer                         0x080089da   Section       48  trapv.o(x$fpl$trapveneer)
    .constdata                               0x08008a0a   Section     3062  inv_mpu_dmp_motion_driver.o(.constdata)
    x$fpl$usenofp                            0x08008a0a   Section        0  usenofp.o(x$fpl$usenofp)
    dmp_memory                               0x08008a0a   Data        3062  inv_mpu_dmp_motion_driver.o(.constdata)
    .constdata                               0x08009600   Section       80  inv_mpu.o(.constdata)
    .constdata                               0x08009650   Section       40  _printf_hex_int.o(.constdata)
    uc_hextab                                0x08009650   Data          20  _printf_hex_int.o(.constdata)
    lc_hextab                                0x08009664   Data          20  _printf_hex_int.o(.constdata)
    .constdata                               0x08009678   Section       17  __printf_flags_wp.o(.constdata)
    maptable                                 0x08009678   Data          17  __printf_flags_wp.o(.constdata)
    .constdata                               0x08009690   Section       80  asin.o(.constdata)
    pS                                       0x08009690   Data          48  asin.o(.constdata)
    qS                                       0x080096c0   Data          32  asin.o(.constdata)
    .constdata                               0x080096e0   Section      152  atan.o(.constdata)
    atanhi                                   0x080096e0   Data          32  atan.o(.constdata)
    atanlo                                   0x08009700   Data          32  atan.o(.constdata)
    aTodd                                    0x08009720   Data          40  atan.o(.constdata)
    aTeven                                   0x08009748   Data          48  atan.o(.constdata)
    .constdata                               0x08009778   Section        8  qnan.o(.constdata)
    .constdata                               0x08009780   Section      148  bigflt0.o(.constdata)
    tenpwrs_x                                0x08009780   Data          60  bigflt0.o(.constdata)
    tenpwrs_i                                0x080097bc   Data          64  bigflt0.o(.constdata)
    .conststring                             0x08009814   Section       77  inv_mpu.o(.conststring)
    locale$$data                             0x08009884   Section       28  lc_numeric_c.o(locale$$data)
    __lcnum_c_name                           0x08009888   Data           2  lc_numeric_c.o(locale$$data)
    __lcnum_c_start                          0x08009890   Data           0  lc_numeric_c.o(locale$$data)
    __lcnum_c_point                          0x0800989c   Data           0  lc_numeric_c.o(locale$$data)
    __lcnum_c_thousands                      0x0800989e   Data           0  lc_numeric_c.o(locale$$data)
    __lcnum_c_grouping                       0x0800989f   Data           0  lc_numeric_c.o(locale$$data)
    __lcnum_c_end                            0x080098a0   Data           0  lc_numeric_c.o(locale$$data)
    .data                                    0x20000000   Section        2  main.o(.data)
    .data                                    0x20000004   Section       20  system_stm32f10x.o(.data)
    .data                                    0x20000018   Section       53  inv_mpu.o(.data)
    st                                       0x20000018   Data          44  inv_mpu.o(.data)
    gyro_orientation                         0x20000044   Data           9  inv_mpu.o(.data)
    .data                                    0x2000004e   Section        6  adc.o(.data)
    .data                                    0x20000054   Section       68  timer.o(.data)
    i                                        0x20000080   Data           1  timer.o(.data)
    .data                                    0x20000098   Section        7  usart3.o(.data)
    .data                                    0x200000a0   Section        4  delay.o(.data)
    fac_us                                   0x200000a0   Data           1  delay.o(.data)
    fac_ms                                   0x200000a2   Data           2  delay.o(.data)
    .data                                    0x200000a4   Section        6  usart.o(.data)
    .data                                    0x200000aa   Section       20  stm32f10x_rcc.o(.data)
    APBAHBPrescTable                         0x200000aa   Data          16  stm32f10x_rcc.o(.data)
    ADCPrescTable                            0x200000ba   Data           4  stm32f10x_rcc.o(.data)
    .bss                                     0x200000c0   Section       16  inv_mpu_dmp_motion_driver.o(.bss)
    dmp                                      0x200000c0   Data          16  inv_mpu_dmp_motion_driver.o(.bss)
    .bss                                     0x200000d0   Section      128  timer.o(.bss)
    .bss                                     0x20000150   Section      200  usart.o(.bss)
    .bss                                     0x20000218   Section       96  libspace.o(.bss)
    HEAP                                     0x20000278   Section      512  startup_stm32f10x_hd.o(HEAP)
    Heap_Mem                                 0x20000278   Data         512  startup_stm32f10x_hd.o(HEAP)
    STACK                                    0x20000478   Section     1024  startup_stm32f10x_hd.o(STACK)
    Stack_Mem                                0x20000478   Data        1024  startup_stm32f10x_hd.o(STACK)
    __initial_sp                             0x20000878   Data           0  startup_stm32f10x_hd.o(STACK)

    Global Symbols

    Symbol Name                              Value     Ov Type        Size  Object(Section)

    BuildAttributes$$THM_ISAv4$P$D$K$B$S$PE$A:L22UL41UL21$X:L11$S22US41US21$IEEE1$IW$USESV6$~STKCKD$USESV7$~SHL$OTIME$ROPI$IEEEX$EBA8$UX$STANDARDLIB$REQ8$PRES8$EABIv2 0x00000000   Number         0  anon$$obj.o ABSOLUTE
    __ARM_use_no_argv                        0x00000000   Number         0  main.o ABSOLUTE
    _printf_flags                            0x00000000   Number         0  printf_stubs.o ABSOLUTE
    _printf_return_value                     0x00000000   Number         0  printf_stubs.o ABSOLUTE
    _printf_sizespec                         0x00000000   Number         0  printf_stubs.o ABSOLUTE
    _printf_widthprec                        0x00000000   Number         0  printf_stubs.o ABSOLUTE
    __ARM_exceptions_init                     - Undefined Weak Reference
    __alloca_initialize                       - Undefined Weak Reference
    __arm_preinit_                            - Undefined Weak Reference
    __cpp_initialize__aeabi_                  - Undefined Weak Reference
    __cxa_finalize                            - Undefined Weak Reference
    __sigvec_lookup                           - Undefined Weak Reference
    _atexit_init                              - Undefined Weak Reference
    _call_atexit_fns                          - Undefined Weak Reference
    _clock_init                               - Undefined Weak Reference
    _fp_trap_init                             - Undefined Weak Reference
    _fp_trap_shutdown                         - Undefined Weak Reference
    _get_lc_collate                           - Undefined Weak Reference
    _get_lc_ctype                             - Undefined Weak Reference
    _get_lc_monetary                          - Undefined Weak Reference
    _get_lc_time                              - Undefined Weak Reference
    _getenv_init                              - Undefined Weak Reference
    _handle_redirection                       - Undefined Weak Reference
    _init_alloc                               - Undefined Weak Reference
    _init_user_alloc                          - Undefined Weak Reference
    _initio                                   - Undefined Weak Reference
    _mutex_acquire                            - Undefined Weak Reference
    _mutex_release                            - Undefined Weak Reference
    _printf_truncate_signed                   - Undefined Weak Reference
    _printf_truncate_unsigned                 - Undefined Weak Reference
    _rand_init                                - Undefined Weak Reference
    _signal_finish                            - Undefined Weak Reference
    _signal_init                              - Undefined Weak Reference
    _terminate_alloc                          - Undefined Weak Reference
    _terminate_user_alloc                     - Undefined Weak Reference
    _terminateio                              - Undefined Weak Reference
    __Vectors_Size                           0x00000130   Number         0  startup_stm32f10x_hd.o ABSOLUTE
    __Vectors                                0x08000000   Data           4  startup_stm32f10x_hd.o(RESET)
    __Vectors_End                            0x08000130   Data           0  startup_stm32f10x_hd.o(RESET)
    __main                                   0x08000131   Thumb Code     8  __main.o(!!!main)
    __scatterload                            0x08000139   Thumb Code     0  __scatter.o(!!!scatter)
    __scatterload_rt2                        0x08000139   Thumb Code    44  __scatter.o(!!!scatter)
    __scatterload_rt2_thumb_only             0x08000139   Thumb Code     0  __scatter.o(!!!scatter)
    __scatterload_null                       0x08000147   Thumb Code     0  __scatter.o(!!!scatter)
    __scatterload_copy                       0x0800016d   Thumb Code    26  __scatter_copy.o(!!handler_copy)
    __scatterload_zeroinit                   0x08000189   Thumb Code    28  __scatter_zi.o(!!handler_zi)
    _printf_f                                0x080001a5   Thumb Code     0  _printf_f.o(.ARM.Collect$$_printf_percent$$00000003)
    _printf_percent                          0x080001a5   Thumb Code     0  _printf_percent.o(.ARM.Collect$$_printf_percent$$00000000)
    _printf_d                                0x080001ab   Thumb Code     0  _printf_d.o(.ARM.Collect$$_printf_percent$$00000009)
    _printf_x                                0x080001b1   Thumb Code     0  _printf_x.o(.ARM.Collect$$_printf_percent$$0000000C)
    _printf_percent_end                      0x080001b7   Thumb Code     0  _printf_percent_end.o(.ARM.Collect$$_printf_percent$$00000017)
    __rt_lib_init                            0x080001bb   Thumb Code     0  libinit.o(.ARM.Collect$$libinit$$00000000)
    __rt_lib_init_fp_1                       0x080001bd   Thumb Code     0  libinit2.o(.ARM.Collect$$libinit$$00000002)
    __rt_lib_init_heap_1                     0x080001bd   Thumb Code     0  libinit2.o(.ARM.Collect$$libinit$$0000000A)
    __rt_lib_init_lc_common                  0x080001bd   Thumb Code     0  libinit2.o(.ARM.Collect$$libinit$$0000000F)
    __rt_lib_init_preinit_1                  0x080001bd   Thumb Code     0  libinit2.o(.ARM.Collect$$libinit$$00000004)
    __rt_lib_init_rand_1                     0x080001bd   Thumb Code     0  libinit2.o(.ARM.Collect$$libinit$$0000000E)
    __rt_lib_init_user_alloc_1               0x080001bd   Thumb Code     0  libinit2.o(.ARM.Collect$$libinit$$0000000C)
    __rt_lib_init_lc_collate_1               0x080001c3   Thumb Code     0  libinit2.o(.ARM.Collect$$libinit$$00000011)
    __rt_lib_init_lc_ctype_1                 0x080001c3   Thumb Code     0  libinit2.o(.ARM.Collect$$libinit$$00000013)
    __rt_lib_init_lc_monetary_1              0x080001c3   Thumb Code     0  libinit2.o(.ARM.Collect$$libinit$$00000015)
    __rt_lib_init_lc_numeric_2               0x080001c3   Thumb Code     0  libinit2.o(.ARM.Collect$$libinit$$00000016)
    __rt_lib_init_alloca_1                   0x080001cd   Thumb Code     0  libinit2.o(.ARM.Collect$$libinit$$0000002E)
    __rt_lib_init_argv_1                     0x080001cd   Thumb Code     0  libinit2.o(.ARM.Collect$$libinit$$0000002C)
    __rt_lib_init_atexit_1                   0x080001cd   Thumb Code     0  libinit2.o(.ARM.Collect$$libinit$$0000001B)
    __rt_lib_init_clock_1                    0x080001cd   Thumb Code     0  libinit2.o(.ARM.Collect$$libinit$$00000021)
    __rt_lib_init_cpp_1                      0x080001cd   Thumb Code     0  libinit2.o(.ARM.Collect$$libinit$$00000032)
    __rt_lib_init_exceptions_1               0x080001cd   Thumb Code     0  libinit2.o(.ARM.Collect$$libinit$$00000030)
    __rt_lib_init_fp_trap_1                  0x080001cd   Thumb Code     0  libinit2.o(.ARM.Collect$$libinit$$0000001F)
    __rt_lib_init_getenv_1                   0x080001cd   Thumb Code     0  libinit2.o(.ARM.Collect$$libinit$$00000023)
    __rt_lib_init_lc_numeric_1               0x080001cd   Thumb Code     0  libinit2.o(.ARM.Collect$$libinit$$00000017)
    __rt_lib_init_lc_time_1                  0x080001cd   Thumb Code     0  libinit2.o(.ARM.Collect$$libinit$$00000019)
    __rt_lib_init_return                     0x080001cd   Thumb Code     0  libinit2.o(.ARM.Collect$$libinit$$00000033)
    __rt_lib_init_signal_1                   0x080001cd   Thumb Code     0  libinit2.o(.ARM.Collect$$libinit$$0000001D)
    __rt_lib_init_stdio_1                    0x080001cd   Thumb Code     0  libinit2.o(.ARM.Collect$$libinit$$00000025)
    __rt_lib_shutdown                        0x080001cf   Thumb Code     0  libshutdown.o(.ARM.Collect$$libshutdown$$00000000)
    __rt_lib_shutdown_fp_trap_1              0x080001d1   Thumb Code     0  libshutdown2.o(.ARM.Collect$$libshutdown$$00000006)
    __rt_lib_shutdown_heap_1                 0x080001d1   Thumb Code     0  libshutdown2.o(.ARM.Collect$$libshutdown$$0000000E)
    __rt_lib_shutdown_return                 0x080001d1   Thumb Code     0  libshutdown2.o(.ARM.Collect$$libshutdown$$0000000F)
    __rt_lib_shutdown_signal_1               0x080001d1   Thumb Code     0  libshutdown2.o(.ARM.Collect$$libshutdown$$00000009)
    __rt_lib_shutdown_stdio_1                0x080001d1   Thumb Code     0  libshutdown2.o(.ARM.Collect$$libshutdown$$00000003)
    __rt_lib_shutdown_user_alloc_1           0x080001d1   Thumb Code     0  libshutdown2.o(.ARM.Collect$$libshutdown$$0000000B)
    __rt_entry                               0x080001d3   Thumb Code     0  __rtentry.o(.ARM.Collect$$rtentry$$00000000)
    __rt_entry_presh_1                       0x080001d3   Thumb Code     0  __rtentry2.o(.ARM.Collect$$rtentry$$00000002)
    __rt_entry_sh                            0x080001d3   Thumb Code     0  __rtentry4.o(.ARM.Collect$$rtentry$$00000004)
    __rt_entry_li                            0x080001d9   Thumb Code     0  __rtentry2.o(.ARM.Collect$$rtentry$$0000000A)
    __rt_entry_postsh_1                      0x080001d9   Thumb Code     0  __rtentry2.o(.ARM.Collect$$rtentry$$00000009)
    __rt_entry_main                          0x080001dd   Thumb Code     0  __rtentry2.o(.ARM.Collect$$rtentry$$0000000D)
    __rt_entry_postli_1                      0x080001dd   Thumb Code     0  __rtentry2.o(.ARM.Collect$$rtentry$$0000000C)
    __rt_exit                                0x080001e5   Thumb Code     0  rtexit.o(.ARM.Collect$$rtexit$$00000000)
    __rt_exit_ls                             0x080001e7   Thumb Code     0  rtexit2.o(.ARM.Collect$$rtexit$$00000003)
    __rt_exit_prels_1                        0x080001e7   Thumb Code     0  rtexit2.o(.ARM.Collect$$rtexit$$00000002)
    __rt_exit_exit                           0x080001eb   Thumb Code     0  rtexit2.o(.ARM.Collect$$rtexit$$00000004)
    main                                     0x080001f1   Thumb Code    84  main.o(.text)
    NMI_Handler                              0x08000245   Thumb Code     2  stm32f10x_it.o(.text)
    HardFault_Handler                        0x08000247   Thumb Code     4  stm32f10x_it.o(.text)
    MemManage_Handler                        0x0800024b   Thumb Code     4  stm32f10x_it.o(.text)
    BusFault_Handler                         0x0800024f   Thumb Code     4  stm32f10x_it.o(.text)
    UsageFault_Handler                       0x08000253   Thumb Code     4  stm32f10x_it.o(.text)
    SVC_Handler                              0x08000257   Thumb Code     2  stm32f10x_it.o(.text)
    DebugMon_Handler                         0x08000259   Thumb Code     2  stm32f10x_it.o(.text)
    PendSV_Handler                           0x0800025b   Thumb Code     2  stm32f10x_it.o(.text)
    SysTick_Handler                          0x0800025d   Thumb Code     2  stm32f10x_it.o(.text)
    SystemInit                               0x0800033f   Thumb Code    78  system_stm32f10x.o(.text)
    SystemCoreClockUpdate                    0x0800038d   Thumb Code   142  system_stm32f10x.o(.text)
    MPU_IIC_Delay                            0x08000441   Thumb Code    10  mpuiic.o(.text)
    MPU_IIC_Init                             0x0800044b   Thumb Code    50  mpuiic.o(.text)
    MPU_IIC_Start                            0x0800047d   Thumb Code    64  mpuiic.o(.text)
    MPU_IIC_Stop                             0x080004bd   Thumb Code    66  mpuiic.o(.text)
    MPU_IIC_Wait_Ack                         0x080004ff   Thumb Code    90  mpuiic.o(.text)
    MPU_IIC_Ack                              0x08000559   Thumb Code    70  mpuiic.o(.text)
    MPU_IIC_NAck                             0x0800059f   Thumb Code    70  mpuiic.o(.text)
    MPU_IIC_Send_Byte                        0x080005e5   Thumb Code    86  mpuiic.o(.text)
    MPU_IIC_Read_Byte                        0x0800063b   Thumb Code   100  mpuiic.o(.text)
    MPU_Write_Byte                           0x080006ad   Thumb Code    68  mpu6050.o(.text)
    MPU_Set_LPF                              0x080006f1   Thumb Code    58  mpu6050.o(.text)
    MPU_Set_Rate                             0x0800072b   Thumb Code    58  mpu6050.o(.text)
    MPU_Read_Byte                            0x08000765   Thumb Code    58  mpu6050.o(.text)
    MPU_Set_Accel_Fsr                        0x0800079f   Thumb Code    16  mpu6050.o(.text)
    MPU_Set_Gyro_Fsr                         0x080007af   Thumb Code    16  mpu6050.o(.text)
    MPU_Init                                 0x080007bf   Thumb Code   122  mpu6050.o(.text)
    MPU_Read_Len                             0x08000839   Thumb Code   116  mpu6050.o(.text)
    MPU_Get_Temperature                      0x080008ad   Thumb Code    86  mpu6050.o(.text)
    MPU_Get_Gyroscope                        0x08000903   Thumb Code    80  mpu6050.o(.text)
    MPU_Get_Accelerometer                    0x08000953   Thumb Code    80  mpu6050.o(.text)
    MPU_Write_Len                            0x080009a3   Thumb Code    96  mpu6050.o(.text)
    dmp_load_motion_driver_firmware          0x08000a15   Thumb Code    20  inv_mpu_dmp_motion_driver.o(.text)
    dmp_set_orientation                      0x08000a29   Thumb Code   290  inv_mpu_dmp_motion_driver.o(.text)
    dmp_set_gyro_bias                        0x08000b4b   Thumb Code   294  inv_mpu_dmp_motion_driver.o(.text)
    dmp_set_accel_bias                       0x08000c71   Thumb Code   300  inv_mpu_dmp_motion_driver.o(.text)
    dmp_set_fifo_rate                        0x08000d9d   Thumb Code   136  inv_mpu_dmp_motion_driver.o(.text)
    dmp_get_fifo_rate                        0x08000e25   Thumb Code    12  inv_mpu_dmp_motion_driver.o(.text)
    dmp_set_tap_thresh                       0x08000e31   Thumb Code   396  inv_mpu_dmp_motion_driver.o(.text)
    dmp_set_tap_axes                         0x08000fbd   Thumb Code    70  inv_mpu_dmp_motion_driver.o(.text)
    dmp_set_tap_count                        0x08001003   Thumb Code    38  inv_mpu_dmp_motion_driver.o(.text)
    dmp_set_tap_time                         0x08001029   Thumb Code    38  inv_mpu_dmp_motion_driver.o(.text)
    dmp_set_tap_time_multi                   0x0800104f   Thumb Code    38  inv_mpu_dmp_motion_driver.o(.text)
    dmp_set_shake_reject_thresh              0x08001075   Thumb Code    56  inv_mpu_dmp_motion_driver.o(.text)
    dmp_set_shake_reject_time                0x080010ad   Thumb Code    38  inv_mpu_dmp_motion_driver.o(.text)
    dmp_set_shake_reject_timeout             0x080010d3   Thumb Code    38  inv_mpu_dmp_motion_driver.o(.text)
    dmp_get_pedometer_step_count             0x080010f9   Thumb Code    66  inv_mpu_dmp_motion_driver.o(.text)
    dmp_set_pedometer_step_count             0x0800113b   Thumb Code    42  inv_mpu_dmp_motion_driver.o(.text)
    dmp_get_pedometer_walk_time              0x08001165   Thumb Code    72  inv_mpu_dmp_motion_driver.o(.text)
    dmp_set_pedometer_walk_time              0x080011ad   Thumb Code    48  inv_mpu_dmp_motion_driver.o(.text)
    dmp_enable_6x_lp_quat                    0x080011dd   Thumb Code    84  inv_mpu_dmp_motion_driver.o(.text)
    dmp_enable_lp_quat                       0x08001231   Thumb Code    60  inv_mpu_dmp_motion_driver.o(.text)
    dmp_enable_gyro_cal                      0x0800126d   Thumb Code    62  inv_mpu_dmp_motion_driver.o(.text)
    dmp_enable_feature                       0x080012ab   Thumb Code   530  inv_mpu_dmp_motion_driver.o(.text)
    dmp_get_enabled_features                 0x080014bd   Thumb Code    12  inv_mpu_dmp_motion_driver.o(.text)
    dmp_set_interrupt_mode                   0x08001527   Thumb Code    66  inv_mpu_dmp_motion_driver.o(.text)
    dmp_read_fifo                            0x08001569   Thumb Code   514  inv_mpu_dmp_motion_driver.o(.text)
    dmp_register_tap_cb                      0x0800176b   Thumb Code    10  inv_mpu_dmp_motion_driver.o(.text)
    dmp_register_android_orient_cb           0x08001775   Thumb Code    10  inv_mpu_dmp_motion_driver.o(.text)
    mpu_reg_dump                             0x0800180f   Thumb Code    84  inv_mpu.o(.text)
    mpu_read_reg                             0x08001863   Thumb Code    66  inv_mpu.o(.text)
    mpu_set_int_latched                      0x080018a5   Thumb Code   102  inv_mpu.o(.text)
    mpu_set_sensors                          0x0800190b   Thumb Code   202  inv_mpu.o(.text)
    mpu_set_bypass                           0x080019d5   Thumb Code   328  inv_mpu.o(.text)
    mpu_reset_fifo                           0x08001b1d   Thumb Code   472  inv_mpu.o(.text)
    mpu_configure_fifo                       0x08001cf5   Thumb Code   106  inv_mpu.o(.text)
    mpu_set_lpf                              0x08001d5f   Thumb Code   126  inv_mpu.o(.text)
    mpu_lp_accel_mode                        0x08001ddd   Thumb Code   218  inv_mpu.o(.text)
    mpu_set_sample_rate                      0x08001eb7   Thumb Code   152  inv_mpu.o(.text)
    mpu_set_accel_fsr                        0x08001f4f   Thumb Code   132  inv_mpu.o(.text)
    mpu_set_gyro_fsr                         0x08001fd3   Thumb Code   132  inv_mpu.o(.text)
    mpu_init                                 0x08002057   Thumb Code   416  inv_mpu.o(.text)
    mget_ms                                  0x080021f7   Thumb Code     2  inv_mpu.o(.text)
    mpu_get_gyro_reg                         0x080021f9   Thumb Code   110  inv_mpu.o(.text)
    mpu_get_accel_reg                        0x08002267   Thumb Code   110  inv_mpu.o(.text)
    mpu_get_temperature                      0x080022d5   Thumb Code   150  inv_mpu.o(.text)
    mpu_set_accel_bias                       0x0800236b   Thumb Code   468  inv_mpu.o(.text)
    mpu_get_gyro_fsr                         0x0800253f   Thumb Code    64  inv_mpu.o(.text)
    mpu_get_accel_fsr                        0x0800257f   Thumb Code    72  inv_mpu.o(.text)
    mpu_get_lpf                              0x080025c7   Thumb Code    74  inv_mpu.o(.text)
    mpu_get_sample_rate                      0x08002611   Thumb Code    26  inv_mpu.o(.text)
    mpu_get_compass_sample_rate              0x0800262b   Thumb Code    10  inv_mpu.o(.text)
    mpu_set_compass_sample_rate              0x08002635   Thumb Code     8  inv_mpu.o(.text)
    mpu_get_gyro_sens                        0x0800263d   Thumb Code    58  inv_mpu.o(.text)
    mpu_get_accel_sens                       0x08002677   Thumb Code    78  inv_mpu.o(.text)
    mpu_get_fifo_config                      0x080026c5   Thumb Code    12  inv_mpu.o(.text)
    mpu_get_power_state                      0x080026d1   Thumb Code    22  inv_mpu.o(.text)
    mpu_get_int_status                       0x080026e7   Thumb Code    64  inv_mpu.o(.text)
    mpu_read_fifo                            0x08002727   Thumb Code   520  inv_mpu.o(.text)
    mpu_read_fifo_stream                     0x0800292f   Thumb Code   186  inv_mpu.o(.text)
    mpu_set_int_level                        0x080029e9   Thumb Code    12  inv_mpu.o(.text)
    mpu_set_dmp_state                        0x080030c9   Thumb Code   138  inv_mpu.o(.text)
    mpu_run_self_test                        0x08003153   Thumb Code   278  inv_mpu.o(.text)
    mpu_write_mem                            0x08003269   Thumb Code   122  inv_mpu.o(.text)
    mpu_read_mem                             0x080032e3   Thumb Code   122  inv_mpu.o(.text)
    mpu_load_firmware                        0x0800335d   Thumb Code   190  inv_mpu.o(.text)
    mpu_get_dmp_state                        0x0800341b   Thumb Code    14  inv_mpu.o(.text)
    setup_compass                            0x08003429   Thumb Code     6  inv_mpu.o(.text)
    mpu_get_compass_reg                      0x0800342f   Thumb Code     8  inv_mpu.o(.text)
    mpu_get_compass_fsr                      0x08003437   Thumb Code     8  inv_mpu.o(.text)
    mpu_lp_motion_interrupt                  0x0800343f   Thumb Code   512  inv_mpu.o(.text)
    run_self_test                            0x0800363f   Thumb Code   148  inv_mpu.o(.text)
    inv_row_2_scale                          0x080036d3   Thumb Code    78  inv_mpu.o(.text)
    inv_orientation_matrix_to_scalar         0x08003721   Thumb Code    40  inv_mpu.o(.text)
    mpu_dmp_init                             0x08003749   Thumb Code   154  inv_mpu.o(.text)
    mpu_dmp_init_H                           0x080037e3   Thumb Code   162  inv_mpu.o(.text)
    mpu_dmp_get_data                         0x08003885   Thumb Code   544  inv_mpu.o(.text)
    Adc_Init                                 0x08003aad   Thumb Code   290  adc.o(.text)
    Get_Adc                                  0x08003bcf   Thumb Code    26  adc.o(.text)
    Get_Adc_Average                          0x08003be9   Thumb Code   122  adc.o(.text)
    TIM3_IRQHandler                          0x08003c79   Thumb Code    18  timer.o(.text)
    TIM3_Int_Init                            0x08003c8b   Thumb Code    74  timer.o(.text)
    TIM4_Int_Init                            0x08003cd5   Thumb Code    72  timer.o(.text)
    map                                      0x08003d1d   Thumb Code    22  timer.o(.text)
    TIM4_IRQHandler                          0x08003d33   Thumb Code   760  timer.o(.text)
    Dac1_Init                                0x08004155   Thumb Code    94  dac.o(.text)
    Dac1_Set_Vol                             0x080041b3   Thumb Code    80  dac.o(.text)
    uart3_init                               0x08004211   Thumb Code   158  usart3.o(.text)
    USART3_IRQHandler                        0x080042af   Thumb Code   118  usart3.o(.text)
    HMISends                                 0x08004325   Thumb Code    44  usart3.o(.text)
    HMISendb                                 0x08004351   Thumb Code    48  usart3.o(.text)
    delay_init                               0x080043a1   Thumb Code    50  delay.o(.text)
    delay_us                                 0x080043d3   Thumb Code    72  delay.o(.text)
    delay_ms                                 0x0800441b   Thumb Code    72  delay.o(.text)
    MY_NVIC_SetVectorTable                   0x08004475   Thumb Code    12  sys.o(.text)
    MY_NVIC_PriorityGroupConfig              0x08004481   Thumb Code    36  sys.o(.text)
    MY_NVIC_Init                             0x080044a5   Thumb Code   116  sys.o(.text)
    Ex_NVIC_Config                           0x08004519   Thumb Code   146  sys.o(.text)
    WFI_SET                                  0x080045ab   Thumb Code     4  sys.o(.text)
    INTX_DISABLE                             0x080045af   Thumb Code     4  sys.o(.text)
    INTX_ENABLE                              0x080045b3   Thumb Code     4  sys.o(.text)
    _sys_exit                                0x080045d5   Thumb Code     6  usart.o(.text)
    fputc                                    0x080045db   Thumb Code    24  usart.o(.text)
    usart1_send_char                         0x080045f3   Thumb Code    22  usart.o(.text)
    uart_init                                0x08004609   Thumb Code   152  usart.o(.text)
    USART1_IRQHandler                        0x080046a1   Thumb Code   122  usart.o(.text)
    Reset_Handler                            0x0800472d   Thumb Code     8  startup_stm32f10x_hd.o(.text)
    ADC1_2_IRQHandler                        0x08004747   Thumb Code     0  startup_stm32f10x_hd.o(.text)
    ADC3_IRQHandler                          0x08004747   Thumb Code     0  startup_stm32f10x_hd.o(.text)
    CAN1_RX1_IRQHandler                      0x08004747   Thumb Code     0  startup_stm32f10x_hd.o(.text)
    CAN1_SCE_IRQHandler                      0x08004747   Thumb Code     0  startup_stm32f10x_hd.o(.text)
    DMA1_Channel1_IRQHandler                 0x08004747   Thumb Code     0  startup_stm32f10x_hd.o(.text)
    DMA1_Channel2_IRQHandler                 0x08004747   Thumb Code     0  startup_stm32f10x_hd.o(.text)
    DMA1_Channel3_IRQHandler                 0x08004747   Thumb Code     0  startup_stm32f10x_hd.o(.text)
    DMA1_Channel4_IRQHandler                 0x08004747   Thumb Code     0  startup_stm32f10x_hd.o(.text)
    DMA1_Channel5_IRQHandler                 0x08004747   Thumb Code     0  startup_stm32f10x_hd.o(.text)
    DMA1_Channel6_IRQHandler                 0x08004747   Thumb Code     0  startup_stm32f10x_hd.o(.text)
    DMA1_Channel7_IRQHandler                 0x08004747   Thumb Code     0  startup_stm32f10x_hd.o(.text)
    DMA2_Channel1_IRQHandler                 0x08004747   Thumb Code     0  startup_stm32f10x_hd.o(.text)
    DMA2_Channel2_IRQHandler                 0x08004747   Thumb Code     0  startup_stm32f10x_hd.o(.text)
    DMA2_Channel3_IRQHandler                 0x08004747   Thumb Code     0  startup_stm32f10x_hd.o(.text)
    DMA2_Channel4_5_IRQHandler               0x08004747   Thumb Code     0  startup_stm32f10x_hd.o(.text)
    EXTI0_IRQHandler                         0x08004747   Thumb Code     0  startup_stm32f10x_hd.o(.text)
    EXTI15_10_IRQHandler                     0x08004747   Thumb Code     0  startup_stm32f10x_hd.o(.text)
    EXTI1_IRQHandler                         0x08004747   Thumb Code     0  startup_stm32f10x_hd.o(.text)
    EXTI2_IRQHandler                         0x08004747   Thumb Code     0  startup_stm32f10x_hd.o(.text)
    EXTI3_IRQHandler                         0x08004747   Thumb Code     0  startup_stm32f10x_hd.o(.text)
    EXTI4_IRQHandler                         0x08004747   Thumb Code     0  startup_stm32f10x_hd.o(.text)
    EXTI9_5_IRQHandler                       0x08004747   Thumb Code     0  startup_stm32f10x_hd.o(.text)
    FLASH_IRQHandler                         0x08004747   Thumb Code     0  startup_stm32f10x_hd.o(.text)
    FSMC_IRQHandler                          0x08004747   Thumb Code     0  startup_stm32f10x_hd.o(.text)
    I2C1_ER_IRQHandler                       0x08004747   Thumb Code     0  startup_stm32f10x_hd.o(.text)
    I2C1_EV_IRQHandler                       0x08004747   Thumb Code     0  startup_stm32f10x_hd.o(.text)
    I2C2_ER_IRQHandler                       0x08004747   Thumb Code     0  startup_stm32f10x_hd.o(.text)
    I2C2_EV_IRQHandler                       0x08004747   Thumb Code     0  startup_stm32f10x_hd.o(.text)
    PVD_IRQHandler                           0x08004747   Thumb Code     0  startup_stm32f10x_hd.o(.text)
    RCC_IRQHandler                           0x08004747   Thumb Code     0  startup_stm32f10x_hd.o(.text)
    RTCAlarm_IRQHandler                      0x08004747   Thumb Code     0  startup_stm32f10x_hd.o(.text)
    RTC_IRQHandler                           0x08004747   Thumb Code     0  startup_stm32f10x_hd.o(.text)
    SDIO_IRQHandler                          0x08004747   Thumb Code     0  startup_stm32f10x_hd.o(.text)
    SPI1_IRQHandler                          0x08004747   Thumb Code     0  startup_stm32f10x_hd.o(.text)
    SPI2_IRQHandler                          0x08004747   Thumb Code     0  startup_stm32f10x_hd.o(.text)
    SPI3_IRQHandler                          0x08004747   Thumb Code     0  startup_stm32f10x_hd.o(.text)
    TAMPER_IRQHandler                        0x08004747   Thumb Code     0  startup_stm32f10x_hd.o(.text)
    TIM1_BRK_IRQHandler                      0x08004747   Thumb Code     0  startup_stm32f10x_hd.o(.text)
    TIM1_CC_IRQHandler                       0x08004747   Thumb Code     0  startup_stm32f10x_hd.o(.text)
    TIM1_TRG_COM_IRQHandler                  0x08004747   Thumb Code     0  startup_stm32f10x_hd.o(.text)
    TIM1_UP_IRQHandler                       0x08004747   Thumb Code     0  startup_stm32f10x_hd.o(.text)
    TIM2_IRQHandler                          0x08004747   Thumb Code     0  startup_stm32f10x_hd.o(.text)
    TIM5_IRQHandler                          0x08004747   Thumb Code     0  startup_stm32f10x_hd.o(.text)
    TIM6_IRQHandler                          0x08004747   Thumb Code     0  startup_stm32f10x_hd.o(.text)
    TIM7_IRQHandler                          0x08004747   Thumb Code     0  startup_stm32f10x_hd.o(.text)
    TIM8_BRK_IRQHandler                      0x08004747   Thumb Code     0  startup_stm32f10x_hd.o(.text)
    TIM8_CC_IRQHandler                       0x08004747   Thumb Code     0  startup_stm32f10x_hd.o(.text)
    TIM8_TRG_COM_IRQHandler                  0x08004747   Thumb Code     0  startup_stm32f10x_hd.o(.text)
    TIM8_UP_IRQHandler                       0x08004747   Thumb Code     0  startup_stm32f10x_hd.o(.text)
    UART4_IRQHandler                         0x08004747   Thumb Code     0  startup_stm32f10x_hd.o(.text)
    UART5_IRQHandler                         0x08004747   Thumb Code     0  startup_stm32f10x_hd.o(.text)
    USART2_IRQHandler                        0x08004747   Thumb Code     0  startup_stm32f10x_hd.o(.text)
    USBWakeUp_IRQHandler                     0x08004747   Thumb Code     0  startup_stm32f10x_hd.o(.text)
    USB_HP_CAN1_TX_IRQHandler                0x08004747   Thumb Code     0  startup_stm32f10x_hd.o(.text)
    USB_LP_CAN1_RX0_IRQHandler               0x08004747   Thumb Code     0  startup_stm32f10x_hd.o(.text)
    WWDG_IRQHandler                          0x08004747   Thumb Code     0  startup_stm32f10x_hd.o(.text)
    __user_initial_stackheap                 0x08004749   Thumb Code     0  startup_stm32f10x_hd.o(.text)
    GPIO_DeInit                              0x0800476d   Thumb Code   172  stm32f10x_gpio.o(.text)
    GPIO_AFIODeInit                          0x08004819   Thumb Code    20  stm32f10x_gpio.o(.text)
    GPIO_Init                                0x0800482d   Thumb Code   278  stm32f10x_gpio.o(.text)
    GPIO_StructInit                          0x08004943   Thumb Code    16  stm32f10x_gpio.o(.text)
    GPIO_ReadInputDataBit                    0x08004953   Thumb Code    18  stm32f10x_gpio.o(.text)
    GPIO_ReadInputData                       0x08004965   Thumb Code     8  stm32f10x_gpio.o(.text)
    GPIO_ReadOutputDataBit                   0x0800496d   Thumb Code    18  stm32f10x_gpio.o(.text)
    GPIO_ReadOutputData                      0x0800497f   Thumb Code     8  stm32f10x_gpio.o(.text)
    GPIO_SetBits                             0x08004987   Thumb Code     4  stm32f10x_gpio.o(.text)
    GPIO_ResetBits                           0x0800498b   Thumb Code     4  stm32f10x_gpio.o(.text)
    GPIO_WriteBit                            0x0800498f   Thumb Code    10  stm32f10x_gpio.o(.text)
    GPIO_Write                               0x08004999   Thumb Code     4  stm32f10x_gpio.o(.text)
    GPIO_PinLockConfig                       0x0800499d   Thumb Code    18  stm32f10x_gpio.o(.text)
    GPIO_EventOutputConfig                   0x080049af   Thumb Code    26  stm32f10x_gpio.o(.text)
    GPIO_EventOutputCmd                      0x080049c9   Thumb Code     6  stm32f10x_gpio.o(.text)
    GPIO_PinRemapConfig                      0x080049cf   Thumb Code   138  stm32f10x_gpio.o(.text)
    GPIO_EXTILineConfig                      0x08004a59   Thumb Code    66  stm32f10x_gpio.o(.text)
    GPIO_ETH_MediaInterfaceConfig            0x08004a9b   Thumb Code     8  stm32f10x_gpio.o(.text)
    RCC_DeInit                               0x08004ac9   Thumb Code    64  stm32f10x_rcc.o(.text)
    RCC_HSEConfig                            0x08004b09   Thumb Code    70  stm32f10x_rcc.o(.text)
    RCC_GetFlagStatus                        0x08004b4f   Thumb Code    56  stm32f10x_rcc.o(.text)
    RCC_WaitForHSEStartUp                    0x08004b87   Thumb Code    56  stm32f10x_rcc.o(.text)
    RCC_AdjustHSICalibrationValue            0x08004bbf   Thumb Code    20  stm32f10x_rcc.o(.text)
    RCC_HSICmd                               0x08004bd3   Thumb Code     6  stm32f10x_rcc.o(.text)
    RCC_PLLConfig                            0x08004bd9   Thumb Code    24  stm32f10x_rcc.o(.text)
    RCC_PLLCmd                               0x08004bf1   Thumb Code     6  stm32f10x_rcc.o(.text)
    RCC_SYSCLKConfig                         0x08004bf7   Thumb Code    18  stm32f10x_rcc.o(.text)
    RCC_GetSYSCLKSource                      0x08004c09   Thumb Code    10  stm32f10x_rcc.o(.text)
    RCC_HCLKConfig                           0x08004c13   Thumb Code    18  stm32f10x_rcc.o(.text)
    RCC_PCLK1Config                          0x08004c25   Thumb Code    18  stm32f10x_rcc.o(.text)
    RCC_PCLK2Config                          0x08004c37   Thumb Code    20  stm32f10x_rcc.o(.text)
    RCC_ITConfig                             0x08004c4b   Thumb Code    26  stm32f10x_rcc.o(.text)
    RCC_USBCLKConfig                         0x08004c65   Thumb Code     8  stm32f10x_rcc.o(.text)
    RCC_ADCCLKConfig                         0x08004c6d   Thumb Code    18  stm32f10x_rcc.o(.text)
    RCC_LSEConfig                            0x08004c7f   Thumb Code    50  stm32f10x_rcc.o(.text)
    RCC_LSICmd                               0x08004cb1   Thumb Code     6  stm32f10x_rcc.o(.text)
    RCC_RTCCLKConfig                         0x08004cb7   Thumb Code    12  stm32f10x_rcc.o(.text)
    RCC_RTCCLKCmd                            0x08004cc3   Thumb Code     8  stm32f10x_rcc.o(.text)
    RCC_GetClocksFreq                        0x08004ccb   Thumb Code   192  stm32f10x_rcc.o(.text)
    RCC_AHBPeriphClockCmd                    0x08004d8b   Thumb Code    26  stm32f10x_rcc.o(.text)
    RCC_APB2PeriphClockCmd                   0x08004da5   Thumb Code    26  stm32f10x_rcc.o(.text)
    RCC_APB1PeriphClockCmd                   0x08004dbf   Thumb Code    26  stm32f10x_rcc.o(.text)
    RCC_APB2PeriphResetCmd                   0x08004dd9   Thumb Code    26  stm32f10x_rcc.o(.text)
    RCC_APB1PeriphResetCmd                   0x08004df3   Thumb Code    26  stm32f10x_rcc.o(.text)
    RCC_BackupResetCmd                       0x08004e0d   Thumb Code     8  stm32f10x_rcc.o(.text)
    RCC_ClockSecuritySystemCmd               0x08004e15   Thumb Code     6  stm32f10x_rcc.o(.text)
    RCC_MCOConfig                            0x08004e1b   Thumb Code     6  stm32f10x_rcc.o(.text)
    RCC_ClearFlag                            0x08004e21   Thumb Code    14  stm32f10x_rcc.o(.text)
    RCC_GetITStatus                          0x08004e2f   Thumb Code    20  stm32f10x_rcc.o(.text)
    RCC_ClearITPendingBit                    0x08004e43   Thumb Code     6  stm32f10x_rcc.o(.text)
    USART_DeInit                             0x08004e6d   Thumb Code   134  stm32f10x_usart.o(.text)
    USART_Init                               0x08004ef3   Thumb Code   210  stm32f10x_usart.o(.text)
    USART_StructInit                         0x08004fc5   Thumb Code    24  stm32f10x_usart.o(.text)
    USART_ClockInit                          0x08004fdd   Thumb Code    34  stm32f10x_usart.o(.text)
    USART_ClockStructInit                    0x08004fff   Thumb Code    12  stm32f10x_usart.o(.text)
    USART_Cmd                                0x0800500b   Thumb Code    24  stm32f10x_usart.o(.text)
    USART_ITConfig                           0x08005023   Thumb Code    74  stm32f10x_usart.o(.text)
    USART_DMACmd                             0x0800506d   Thumb Code    18  stm32f10x_usart.o(.text)
    USART_SetAddress                         0x0800507f   Thumb Code    18  stm32f10x_usart.o(.text)
    USART_WakeUpConfig                       0x08005091   Thumb Code    18  stm32f10x_usart.o(.text)
    USART_ReceiverWakeUpCmd                  0x080050a3   Thumb Code    24  stm32f10x_usart.o(.text)
    USART_LINBreakDetectLengthConfig         0x080050bb   Thumb Code    18  stm32f10x_usart.o(.text)
    USART_LINCmd                             0x080050cd   Thumb Code    24  stm32f10x_usart.o(.text)
    USART_SendData                           0x080050e5   Thumb Code     8  stm32f10x_usart.o(.text)
    USART_ReceiveData                        0x080050ed   Thumb Code    10  stm32f10x_usart.o(.text)
    USART_SendBreak                          0x080050f7   Thumb Code    10  stm32f10x_usart.o(.text)
    USART_SetGuardTime                       0x08005101   Thumb Code    16  stm32f10x_usart.o(.text)
    USART_SetPrescaler                       0x08005111   Thumb Code    16  stm32f10x_usart.o(.text)
    USART_SmartCardCmd                       0x08005121   Thumb Code    24  stm32f10x_usart.o(.text)
    USART_SmartCardNACKCmd                   0x08005139   Thumb Code    24  stm32f10x_usart.o(.text)
    USART_HalfDuplexCmd                      0x08005151   Thumb Code    24  stm32f10x_usart.o(.text)
    USART_OverSampling8Cmd                   0x08005169   Thumb Code    22  stm32f10x_usart.o(.text)
    USART_OneBitMethodCmd                    0x0800517f   Thumb Code    24  stm32f10x_usart.o(.text)
    USART_IrDAConfig                         0x08005197   Thumb Code    18  stm32f10x_usart.o(.text)
    USART_IrDACmd                            0x080051a9   Thumb Code    24  stm32f10x_usart.o(.text)
    USART_GetFlagStatus                      0x080051c1   Thumb Code    26  stm32f10x_usart.o(.text)
    USART_ClearFlag                          0x080051db   Thumb Code    18  stm32f10x_usart.o(.text)
    USART_GetITStatus                        0x080051ed   Thumb Code    84  stm32f10x_usart.o(.text)
    USART_ClearITPendingBit                  0x08005241   Thumb Code    52  stm32f10x_usart.o(.text)
    NVIC_PriorityGroupConfig                 0x08005275   Thumb Code    10  misc.o(.text)
    NVIC_Init                                0x0800527f   Thumb Code   100  misc.o(.text)
    NVIC_SetVectorTable                      0x080052e3   Thumb Code    14  misc.o(.text)
    NVIC_SystemLPConfig                      0x080052f1   Thumb Code    34  misc.o(.text)
    SysTick_CLKSourceConfig                  0x08005313   Thumb Code    40  misc.o(.text)
    ADC_DeInit                               0x08005351   Thumb Code    78  stm32f10x_adc.o(.text)
    ADC_Init                                 0x0800539f   Thumb Code    70  stm32f10x_adc.o(.text)
    ADC_StructInit                           0x080053e5   Thumb Code    18  stm32f10x_adc.o(.text)
    ADC_Cmd                                  0x080053f7   Thumb Code    22  stm32f10x_adc.o(.text)
    ADC_DMACmd                               0x0800540d   Thumb Code    22  stm32f10x_adc.o(.text)
    ADC_ITConfig                             0x08005423   Thumb Code    24  stm32f10x_adc.o(.text)
    ADC_ResetCalibration                     0x0800543b   Thumb Code    10  stm32f10x_adc.o(.text)
    ADC_GetResetCalibrationStatus            0x08005445   Thumb Code    20  stm32f10x_adc.o(.text)
    ADC_StartCalibration                     0x08005459   Thumb Code    10  stm32f10x_adc.o(.text)
    ADC_GetCalibrationStatus                 0x08005463   Thumb Code    20  stm32f10x_adc.o(.text)
    ADC_SoftwareStartConvCmd                 0x08005477   Thumb Code    22  stm32f10x_adc.o(.text)
    ADC_GetSoftwareStartConvStatus           0x0800548d   Thumb Code    20  stm32f10x_adc.o(.text)
    ADC_DiscModeChannelCountConfig           0x080054a1   Thumb Code    24  stm32f10x_adc.o(.text)
    ADC_DiscModeCmd                          0x080054b9   Thumb Code    22  stm32f10x_adc.o(.text)
    ADC_RegularChannelConfig                 0x080054cf   Thumb Code   184  stm32f10x_adc.o(.text)
    ADC_ExternalTrigConvCmd                  0x08005587   Thumb Code    22  stm32f10x_adc.o(.text)
    ADC_GetConversionValue                   0x0800559d   Thumb Code     8  stm32f10x_adc.o(.text)
    ADC_GetDualModeConversionValue           0x080055a5   Thumb Code     8  stm32f10x_adc.o(.text)
    ADC_AutoInjectedConvCmd                  0x080055ad   Thumb Code    22  stm32f10x_adc.o(.text)
    ADC_InjectedDiscModeCmd                  0x080055c3   Thumb Code    22  stm32f10x_adc.o(.text)
    ADC_ExternalTrigInjectedConvConfig       0x080055d9   Thumb Code    16  stm32f10x_adc.o(.text)
    ADC_ExternalTrigInjectedConvCmd          0x080055e9   Thumb Code    22  stm32f10x_adc.o(.text)
    ADC_SoftwareStartInjectedConvCmd         0x080055ff   Thumb Code    22  stm32f10x_adc.o(.text)
    ADC_GetSoftwareStartInjectedConvCmdStatus 0x08005615   Thumb Code    20  stm32f10x_adc.o(.text)
    ADC_InjectedChannelConfig                0x08005629   Thumb Code   130  stm32f10x_adc.o(.text)
    ADC_InjectedSequencerLengthConfig        0x080056ab   Thumb Code    24  stm32f10x_adc.o(.text)
    ADC_SetInjectedOffset                    0x080056c3   Thumb Code    20  stm32f10x_adc.o(.text)
    ADC_GetInjectedConversionValue           0x080056d7   Thumb Code    28  stm32f10x_adc.o(.text)
    ADC_AnalogWatchdogCmd                    0x080056f3   Thumb Code    16  stm32f10x_adc.o(.text)
    ADC_AnalogWatchdogThresholdsConfig       0x08005703   Thumb Code     6  stm32f10x_adc.o(.text)
    ADC_AnalogWatchdogSingleChannelConfig    0x08005709   Thumb Code    16  stm32f10x_adc.o(.text)
    ADC_TempSensorVrefintCmd                 0x08005719   Thumb Code    64  stm32f10x_adc.o(.text)
    ADC_GetFlagStatus                        0x08005759   Thumb Code    18  stm32f10x_adc.o(.text)
    ADC_ClearFlag                            0x0800576b   Thumb Code     6  stm32f10x_adc.o(.text)
    ADC_GetITStatus                          0x08005771   Thumb Code    36  stm32f10x_adc.o(.text)
    ADC_ClearITPendingBit                    0x08005795   Thumb Code    10  stm32f10x_adc.o(.text)
    DMA_DeInit                               0x080057a1   Thumb Code   324  stm32f10x_dma.o(.text)
    DMA_Init                                 0x080058e5   Thumb Code    60  stm32f10x_dma.o(.text)
    DMA_StructInit                           0x08005921   Thumb Code    26  stm32f10x_dma.o(.text)
    DMA_Cmd                                  0x0800593b   Thumb Code    24  stm32f10x_dma.o(.text)
    DMA_ITConfig                             0x08005953   Thumb Code    18  stm32f10x_dma.o(.text)
    DMA_SetCurrDataCounter                   0x08005965   Thumb Code     4  stm32f10x_dma.o(.text)
    DMA_GetCurrDataCounter                   0x08005969   Thumb Code     8  stm32f10x_dma.o(.text)
    DMA_GetFlagStatus                        0x08005971   Thumb Code    40  stm32f10x_dma.o(.text)
    DMA_ClearFlag                            0x08005999   Thumb Code    22  stm32f10x_dma.o(.text)
    DMA_GetITStatus                          0x080059af   Thumb Code    40  stm32f10x_dma.o(.text)
    DMA_ClearITPendingBit                    0x080059d7   Thumb Code    22  stm32f10x_dma.o(.text)
    DAC_DeInit                               0x080059f5   Thumb Code    22  stm32f10x_dac.o(.text)
    DAC_Init                                 0x08005a0b   Thumb Code    46  stm32f10x_dac.o(.text)
    DAC_StructInit                           0x08005a39   Thumb Code    12  stm32f10x_dac.o(.text)
    DAC_Cmd                                  0x08005a45   Thumb Code    34  stm32f10x_dac.o(.text)
    DAC_DMACmd                               0x08005a67   Thumb Code    38  stm32f10x_dac.o(.text)
    DAC_SoftwareTriggerCmd                   0x08005a8d   Thumb Code    48  stm32f10x_dac.o(.text)
    DAC_DualSoftwareTriggerCmd               0x08005abd   Thumb Code    38  stm32f10x_dac.o(.text)
    DAC_WaveGenerationCmd                    0x08005ae3   Thumb Code    36  stm32f10x_dac.o(.text)
    DAC_SetChannel1Data                      0x08005b07   Thumb Code    26  stm32f10x_dac.o(.text)
    DAC_SetChannel2Data                      0x08005b21   Thumb Code    26  stm32f10x_dac.o(.text)
    DAC_SetDualChannelData                   0x08005b3b   Thumb Code    32  stm32f10x_dac.o(.text)
    DAC_GetDataOutputValue                   0x08005b5b   Thumb Code    32  stm32f10x_dac.o(.text)
    __use_no_semihosting                     0x08005b81   Thumb Code     2  use_no_semi_2.o(.text)
    __aeabi_ldivmod                          0x08005b83   Thumb Code     0  llsdiv.o(.text)
    _ll_sdiv                                 0x08005b83   Thumb Code    72  llsdiv.o(.text)
    __2printf                                0x08005bcd   Thumb Code    20  noretval__2printf.o(.text)
    __2sprintf                               0x08005be5   Thumb Code    34  noretval__2sprintf.o(.text)
    _printf_pre_padding                      0x08005c0d   Thumb Code    44  _printf_pad.o(.text)
    _printf_post_padding                     0x08005c39   Thumb Code    34  _printf_pad.o(.text)
    _printf_int_dec                          0x08005c5d   Thumb Code   104  _printf_dec.o(.text)
    _printf_int_hex                          0x08005cd5   Thumb Code    84  _printf_hex_int.o(.text)
    _printf_longlong_hex                     0x08005cd5   Thumb Code     0  _printf_hex_int.o(.text)
    __printf                                 0x08005d2d   Thumb Code   308  __printf_flags_wp.o(.text)
    memcmp                                   0x08005e65   Thumb Code    88  memcmp.o(.text)
    __aeabi_memset                           0x08005ebd   Thumb Code    16  aeabi_memset.o(.text)
    __use_two_region_memory                  0x08005ecd   Thumb Code     2  heapauxi.o(.text)
    __rt_heap_escrow$2region                 0x08005ecf   Thumb Code     2  heapauxi.o(.text)
    __rt_heap_expand$2region                 0x08005ed1   Thumb Code     2  heapauxi.o(.text)
    __I$use$semihosting                      0x08005ed3   Thumb Code     0  use_no_semi.o(.text)
    __use_no_semihosting_swi                 0x08005ed3   Thumb Code     2  use_no_semi.o(.text)
    __aeabi_uldivmod                         0x08005ed5   Thumb Code     0  lludivv7m.o(.text)
    _ll_udiv                                 0x08005ed5   Thumb Code   238  lludivv7m.o(.text)
    __read_errno                             0x08005fc3   Thumb Code    10  _rserrno.o(.text)
    __set_errno                              0x08005fcd   Thumb Code    12  _rserrno.o(.text)
    _printf_int_common                       0x08005fd9   Thumb Code   178  _printf_intcommon.o(.text)
    __lib_sel_fp_printf                      0x0800608b   Thumb Code     2  _printf_fp_dec.o(.text)
    _printf_fp_dec_real                      0x08006239   Thumb Code   620  _printf_fp_dec.o(.text)
    _printf_char_common                      0x080064af   Thumb Code    32  _printf_char_common.o(.text)
    _sputc                                   0x080064d5   Thumb Code    10  _sputc.o(.text)
    _printf_char_file                        0x080064e1   Thumb Code    32  _printf_char_file.o(.text)
    __aeabi_memclr                           0x08006505   Thumb Code     0  rt_memclr.o(.text)
    __rt_memclr                              0x08006505   Thumb Code    68  rt_memclr.o(.text)
    _memset                                  0x08006509   Thumb Code     0  rt_memclr.o(.text)
    __rt_locale                              0x08006549   Thumb Code     8  rt_locale_intlibspace.o(.text)
    __aeabi_errno_addr                       0x08006551   Thumb Code     8  rt_errno_addr_intlibspace.o(.text)
    __errno$intlibspace                      0x08006551   Thumb Code     0  rt_errno_addr_intlibspace.o(.text)
    __rt_errno_addr$intlibspace              0x08006551   Thumb Code     0  rt_errno_addr_intlibspace.o(.text)
    _ll_udiv10                               0x08006559   Thumb Code   138  lludiv10.o(.text)
    _printf_fp_infnan                        0x080065e5   Thumb Code   112  _printf_fp_infnan.o(.text)
    _btod_etento                             0x08006665   Thumb Code   216  bigflt0.o(.text)
    ferror                                   0x08006741   Thumb Code     8  ferror.o(.text)
    __aeabi_memclr4                          0x08006749   Thumb Code     0  rt_memclr_w.o(.text)
    __aeabi_memclr8                          0x08006749   Thumb Code     0  rt_memclr_w.o(.text)
    __rt_memclr_w                            0x08006749   Thumb Code    78  rt_memclr_w.o(.text)
    _memset_w                                0x0800674d   Thumb Code     0  rt_memclr_w.o(.text)
    __user_libspace                          0x08006799   Thumb Code     8  libspace.o(.text)
    __user_perproc_libspace                  0x08006799   Thumb Code     0  libspace.o(.text)
    __user_perthread_libspace                0x08006799   Thumb Code     0  libspace.o(.text)
    __user_setup_stackheap                   0x080067a1   Thumb Code    74  sys_stackheap_outer.o(.text)
    exit                                     0x080067eb   Thumb Code    12  exit.o(.text)
    strcmp                                   0x080067f9   Thumb Code   128  strcmpv7m.o(.text)
    _btod_d2e                                0x08006879   Thumb Code    62  btod.o(CL$$btod_d2e)
    _d2e_denorm_low                          0x080068b7   Thumb Code    70  btod.o(CL$$btod_d2e_denorm_low)
    _d2e_norm_op1                            0x080068fd   Thumb Code    96  btod.o(CL$$btod_d2e_norm_op1)
    __btod_div_common                        0x0800695d   Thumb Code   696  btod.o(CL$$btod_div_common)
    _e2e                                     0x08006c95   Thumb Code   198  btod.o(CL$$btod_e2e)
    _btod_ediv                               0x08006d5b   Thumb Code    40  btod.o(CL$$btod_ediv)
    _btod_emul                               0x08006d83   Thumb Code    40  btod.o(CL$$btod_emul)
    __btod_mult_common                       0x08006dab   Thumb Code   580  btod.o(CL$$btod_mult_common)
    __ARM_fpclassify                         0x08006fef   Thumb Code    40  fpclassify.o(i.__ARM_fpclassify)
    __kernel_poly                            0x08007017   Thumb Code   170  poly.o(i.__kernel_poly)
    __mathlib_dbl_infnan                     0x080070c1   Thumb Code     6  dunder.o(i.__mathlib_dbl_infnan)
    __mathlib_dbl_infnan2                    0x080070c7   Thumb Code     4  dunder.o(i.__mathlib_dbl_infnan2)
    __mathlib_dbl_invalid                    0x080070cb   Thumb Code    12  dunder.o(i.__mathlib_dbl_invalid)
    __mathlib_dbl_underflow                  0x080070d9   Thumb Code    10  dunder.o(i.__mathlib_dbl_underflow)
    _is_digit                                0x080070e9   Thumb Code    14  __printf_wp.o(i._is_digit)
    asin                                     0x080070f9   Thumb Code   572  asin.o(i.asin)
    atan                                     0x08007369   Thumb Code   474  atan.o(i.atan)
    atan2                                    0x08007589   Thumb Code   346  atan2.o(i.atan2)
    sqrt                                     0x08007709   Thumb Code    76  sqrt.o(i.sqrt)
    _get_lc_numeric                          0x08007755   Thumb Code    44  lc_numeric_c.o(locale$$code)
    __aeabi_d2f                              0x08007781   Thumb Code     0  d2f.o(x$fpl$d2f)
    _d2f                                     0x08007781   Thumb Code    98  d2f.o(x$fpl$d2f)
    __aeabi_dadd                             0x080077e5   Thumb Code     0  daddsub_clz.o(x$fpl$dadd)
    _dadd                                    0x080077e5   Thumb Code   332  daddsub_clz.o(x$fpl$dadd)
    __fpl_dcheck_NaN1                        0x08007935   Thumb Code    10  dcheck1.o(x$fpl$dcheck1)
    __aeabi_ddiv                             0x08007945   Thumb Code     0  ddiv.o(x$fpl$ddiv)
    _ddiv                                    0x08007945   Thumb Code   552  ddiv.o(x$fpl$ddiv)
    __aeabi_i2d                              0x08007bf5   Thumb Code     0  dflt_clz.o(x$fpl$dflt)
    _dflt                                    0x08007bf5   Thumb Code    46  dflt_clz.o(x$fpl$dflt)
    __aeabi_dmul                             0x08007c25   Thumb Code     0  dmul.o(x$fpl$dmul)
    _dmul                                    0x08007c25   Thumb Code   332  dmul.o(x$fpl$dmul)
    __fpl_dnaninf                            0x08007d79   Thumb Code   156  dnaninf.o(x$fpl$dnaninf)
    __fpl_dretinf                            0x08007e15   Thumb Code    12  dretinf.o(x$fpl$dretinf)
    __aeabi_drsub                            0x08007e21   Thumb Code     0  daddsub_clz.o(x$fpl$drsb)
    _drsb                                    0x08007e21   Thumb Code    22  daddsub_clz.o(x$fpl$drsb)
    _dsqrt                                   0x08007e39   Thumb Code   456  dsqrt_noumaal.o(x$fpl$dsqrt)
    __aeabi_dsub                             0x08008005   Thumb Code     0  daddsub_clz.o(x$fpl$dsub)
    _dsub                                    0x08008005   Thumb Code   464  daddsub_clz.o(x$fpl$dsub)
    __aeabi_f2d                              0x080081d9   Thumb Code     0  f2d.o(x$fpl$f2d)
    _f2d                                     0x080081d9   Thumb Code    86  f2d.o(x$fpl$f2d)
    __aeabi_fadd                             0x08008231   Thumb Code     0  faddsub_clz.o(x$fpl$fadd)
    _fadd                                    0x08008231   Thumb Code   196  faddsub_clz.o(x$fpl$fadd)
    __fpl_fcmp_Inf                           0x080082f5   Thumb Code    24  fcmpi.o(x$fpl$fcmpinf)
    __aeabi_fdiv                             0x0800830d   Thumb Code     0  fdiv.o(x$fpl$fdiv)
    _fdiv                                    0x0800830d   Thumb Code   384  fdiv.o(x$fpl$fdiv)
    __aeabi_cfcmpeq                          0x08008491   Thumb Code     0  feqf.o(x$fpl$feqf)
    _fcmpeq                                  0x08008491   Thumb Code   104  feqf.o(x$fpl$feqf)
    __aeabi_f2iz                             0x080084f9   Thumb Code     0  ffix.o(x$fpl$ffix)
    _ffix                                    0x080084f9   Thumb Code    54  ffix.o(x$fpl$ffix)
    __aeabi_f2uiz                            0x08008531   Thumb Code     0  ffixu.o(x$fpl$ffixu)
    _ffixu                                   0x08008531   Thumb Code    62  ffixu.o(x$fpl$ffixu)
    __aeabi_i2f                              0x08008571   Thumb Code     0  fflt_clz.o(x$fpl$fflt)
    _fflt                                    0x08008571   Thumb Code    48  fflt_clz.o(x$fpl$fflt)
    __aeabi_ui2f                             0x080085a1   Thumb Code     0  fflt_clz.o(x$fpl$ffltu)
    _ffltu                                   0x080085a1   Thumb Code    38  fflt_clz.o(x$fpl$ffltu)
    __aeabi_cfcmple                          0x080085c9   Thumb Code     0  fleqf.o(x$fpl$fleqf)
    _fcmple                                  0x080085c9   Thumb Code   104  fleqf.o(x$fpl$fleqf)
    __fpl_fcmple_InfNaN                      0x0800861b   Thumb Code     0  fleqf.o(x$fpl$fleqf)
    __aeabi_fmul                             0x08008631   Thumb Code     0  fmul.o(x$fpl$fmul)
    _fmul                                    0x08008631   Thumb Code   258  fmul.o(x$fpl$fmul)
    __fpl_fnaninf                            0x08008733   Thumb Code   140  fnaninf.o(x$fpl$fnaninf)
    __fpl_fretinf                            0x080087bf   Thumb Code    10  fretinf.o(x$fpl$fretinf)
    __aeabi_cfrcmple                         0x080087c9   Thumb Code     0  frleqf.o(x$fpl$frleqf)
    _frcmple                                 0x080087c9   Thumb Code    98  frleqf.o(x$fpl$frleqf)
    __aeabi_fsub                             0x0800882d   Thumb Code     0  faddsub_clz.o(x$fpl$fsub)
    _fsub                                    0x0800882d   Thumb Code   234  faddsub_clz.o(x$fpl$fsub)
    _printf_fp_dec                           0x08008917   Thumb Code     4  printf1.o(x$fpl$printf1)
    __fpl_return_NaN                         0x0800891b   Thumb Code   100  retnan.o(x$fpl$retnan)
    __ARM_scalbn                             0x0800897f   Thumb Code    92  scalbn.o(x$fpl$scalbn)
    __fpl_cmpreturn                          0x080089db   Thumb Code    48  trapv.o(x$fpl$trapveneer)
    __I$use$fp                               0x08008a0a   Number         0  usenofp.o(x$fpl$usenofp)
    reg                                      0x08009600   Data          27  inv_mpu.o(.constdata)
    hw                                       0x0800961c   Data          12  inv_mpu.o(.constdata)
    test                                     0x08009628   Data          40  inv_mpu.o(.constdata)
    __mathlib_zero                           0x08009778   Data           8  qnan.o(.constdata)
    Region$$Table$$Base                      0x08009864   Number         0  anon$$obj.o(Region$$Table)
    Region$$Table$$Limit                     0x08009884   Number         0  anon$$obj.o(Region$$Table)
    yawpidset                                0x20000000   Data           2  main.o(.data)
    SystemCoreClock                          0x20000004   Data           4  system_stm32f10x.o(.data)
    AHBPrescTable                            0x20000008   Data          16  system_stm32f10x.o(.data)
    ADC_ConvertedValue                       0x2000004e   Data           4  adc.o(.data)
    Total1                                   0x20000052   Data           2  adc.o(.data)
    temp                                     0x20000054   Data           2  timer.o(.data)
    pitch                                    0x20000058   Data           4  timer.o(.data)
    roll                                     0x2000005c   Data           4  timer.o(.data)
    yaw                                      0x20000060   Data           4  timer.o(.data)
    balance_pitch1                           0x20000064   Data           4  timer.o(.data)
    balance_roll1                            0x20000068   Data           4  timer.o(.data)
    balance_yaw1                             0x2000006c   Data           4  timer.o(.data)
    data                                     0x20000070   Data           9  timer.o(.data)
    balance_pitch                            0x2000007a   Data           2  timer.o(.data)
    balance_roll                             0x2000007c   Data           2  timer.o(.data)
    balance_yaw                              0x2000007e   Data           2  timer.o(.data)
    adcx10                                   0x20000084   Data           4  timer.o(.data)
    flexADC                                  0x20000088   Data           4  timer.o(.data)
    flexV                                    0x2000008c   Data           4  timer.o(.data)
    flexR                                    0x20000090   Data           4  timer.o(.data)
    angle_1                                  0x20000094   Data           4  timer.o(.data)
    Mode_MeasureFlag                         0x20000098   Data           1  usart3.o(.data)
    Mode_CorrectFlag                         0x20000099   Data           1  usart3.o(.data)
    Mode_StartCorrectFlag                    0x2000009a   Data           1  usart3.o(.data)
    MeasureRi_Flag                           0x2000009b   Data           1  usart3.o(.data)
    MeasureRo_Flag                           0x2000009c   Data           1  usart3.o(.data)
    MeasureAv_Flag                           0x2000009d   Data           1  usart3.o(.data)
    num                                      0x2000009e   Data           1  usart3.o(.data)
    __stdout                                 0x200000a4   Data           4  usart.o(.data)
    USART_RX_STA                             0x200000a8   Data           2  usart.o(.data)
    buf                                      0x200000d0   Data          64  timer.o(.bss)
    buf1                                     0x20000110   Data          64  timer.o(.bss)
    USART_RX_BUF                             0x20000150   Data         200  usart.o(.bss)
    __libspace_start                         0x20000218   Data          96  libspace.o(.bss)
    __temporary_stack_top$libspace           0x20000278   Data           0  libspace.o(.bss)



==============================================================================

Memory Map of the image

  Image Entry point : 0x08000131

  Load Region LR_IROM1 (Base: 0x08000000, Size: 0x00009960, Max: 0x00080000, ABSOLUTE)

    Execution Region ER_IROM1 (Base: 0x08000000, Size: 0x000098a0, Max: 0x00080000, ABSOLUTE)

    Base Addr    Size         Type   Attr      Idx    E Section Name        Object

    0x08000000   0x00000130   Data   RO          448    RESET               startup_stm32f10x_hd.o
    0x08000130   0x00000008   Code   RO          622  * !!!main             c_w.l(__main.o)
    0x08000138   0x00000034   Code   RO          993    !!!scatter          c_w.l(__scatter.o)
    0x0800016c   0x0000001a   Code   RO          995    !!handler_copy      c_w.l(__scatter_copy.o)
    0x08000186   0x00000002   PAD
    0x08000188   0x0000001c   Code   RO          997    !!handler_zi        c_w.l(__scatter_zi.o)
    0x080001a4   0x00000000   Code   RO          615    .ARM.Collect$$_printf_percent$$00000000  c_w.l(_printf_percent.o)
    0x080001a4   0x00000006   Code   RO          614    .ARM.Collect$$_printf_percent$$00000003  c_w.l(_printf_f.o)
    0x080001aa   0x00000006   Code   RO          613    .ARM.Collect$$_printf_percent$$00000009  c_w.l(_printf_d.o)
    0x080001b0   0x00000006   Code   RO          612    .ARM.Collect$$_printf_percent$$0000000C  c_w.l(_printf_x.o)
    0x080001b6   0x00000004   Code   RO          715    .ARM.Collect$$_printf_percent$$00000017  c_w.l(_printf_percent_end.o)
    0x080001ba   0x00000002   Code   RO          861    .ARM.Collect$$libinit$$00000000  c_w.l(libinit.o)
    0x080001bc   0x00000000   Code   RO          863    .ARM.Collect$$libinit$$00000002  c_w.l(libinit2.o)
    0x080001bc   0x00000000   Code   RO          865    .ARM.Collect$$libinit$$00000004  c_w.l(libinit2.o)
    0x080001bc   0x00000000   Code   RO          868    .ARM.Collect$$libinit$$0000000A  c_w.l(libinit2.o)
    0x080001bc   0x00000000   Code   RO          870    .ARM.Collect$$libinit$$0000000C  c_w.l(libinit2.o)
    0x080001bc   0x00000000   Code   RO          872    .ARM.Collect$$libinit$$0000000E  c_w.l(libinit2.o)
    0x080001bc   0x00000006   Code   RO          873    .ARM.Collect$$libinit$$0000000F  c_w.l(libinit2.o)
    0x080001c2   0x00000000   Code   RO          875    .ARM.Collect$$libinit$$00000011  c_w.l(libinit2.o)
    0x080001c2   0x00000000   Code   RO          877    .ARM.Collect$$libinit$$00000013  c_w.l(libinit2.o)
    0x080001c2   0x00000000   Code   RO          879    .ARM.Collect$$libinit$$00000015  c_w.l(libinit2.o)
    0x080001c2   0x0000000a   Code   RO          880    .ARM.Collect$$libinit$$00000016  c_w.l(libinit2.o)
    0x080001cc   0x00000000   Code   RO          881    .ARM.Collect$$libinit$$00000017  c_w.l(libinit2.o)
    0x080001cc   0x00000000   Code   RO          883    .ARM.Collect$$libinit$$00000019  c_w.l(libinit2.o)
    0x080001cc   0x00000000   Code   RO          885    .ARM.Collect$$libinit$$0000001B  c_w.l(libinit2.o)
    0x080001cc   0x00000000   Code   RO          887    .ARM.Collect$$libinit$$0000001D  c_w.l(libinit2.o)
    0x080001cc   0x00000000   Code   RO          889    .ARM.Collect$$libinit$$0000001F  c_w.l(libinit2.o)
    0x080001cc   0x00000000   Code   RO          891    .ARM.Collect$$libinit$$00000021  c_w.l(libinit2.o)
    0x080001cc   0x00000000   Code   RO          893    .ARM.Collect$$libinit$$00000023  c_w.l(libinit2.o)
    0x080001cc   0x00000000   Code   RO          895    .ARM.Collect$$libinit$$00000025  c_w.l(libinit2.o)
    0x080001cc   0x00000000   Code   RO          899    .ARM.Collect$$libinit$$0000002C  c_w.l(libinit2.o)
    0x080001cc   0x00000000   Code   RO          901    .ARM.Collect$$libinit$$0000002E  c_w.l(libinit2.o)
    0x080001cc   0x00000000   Code   RO          903    .ARM.Collect$$libinit$$00000030  c_w.l(libinit2.o)
    0x080001cc   0x00000000   Code   RO          905    .ARM.Collect$$libinit$$00000032  c_w.l(libinit2.o)
    0x080001cc   0x00000002   Code   RO          906    .ARM.Collect$$libinit$$00000033  c_w.l(libinit2.o)
    0x080001ce   0x00000002   Code   RO          954    .ARM.Collect$$libshutdown$$00000000  c_w.l(libshutdown.o)
    0x080001d0   0x00000000   Code   RO          964    .ARM.Collect$$libshutdown$$00000003  c_w.l(libshutdown2.o)
    0x080001d0   0x00000000   Code   RO          967    .ARM.Collect$$libshutdown$$00000006  c_w.l(libshutdown2.o)
    0x080001d0   0x00000000   Code   RO          970    .ARM.Collect$$libshutdown$$00000009  c_w.l(libshutdown2.o)
    0x080001d0   0x00000000   Code   RO          972    .ARM.Collect$$libshutdown$$0000000B  c_w.l(libshutdown2.o)
    0x080001d0   0x00000000   Code   RO          975    .ARM.Collect$$libshutdown$$0000000E  c_w.l(libshutdown2.o)
    0x080001d0   0x00000002   Code   RO          976    .ARM.Collect$$libshutdown$$0000000F  c_w.l(libshutdown2.o)
    0x080001d2   0x00000000   Code   RO          700    .ARM.Collect$$rtentry$$00000000  c_w.l(__rtentry.o)
    0x080001d2   0x00000000   Code   RO          769    .ARM.Collect$$rtentry$$00000002  c_w.l(__rtentry2.o)
    0x080001d2   0x00000006   Code   RO          781    .ARM.Collect$$rtentry$$00000004  c_w.l(__rtentry4.o)
    0x080001d8   0x00000000   Code   RO          771    .ARM.Collect$$rtentry$$00000009  c_w.l(__rtentry2.o)
    0x080001d8   0x00000004   Code   RO          772    .ARM.Collect$$rtentry$$0000000A  c_w.l(__rtentry2.o)
    0x080001dc   0x00000000   Code   RO          774    .ARM.Collect$$rtentry$$0000000C  c_w.l(__rtentry2.o)
    0x080001dc   0x00000008   Code   RO          775    .ARM.Collect$$rtentry$$0000000D  c_w.l(__rtentry2.o)
    0x080001e4   0x00000002   Code   RO          911    .ARM.Collect$$rtexit$$00000000  c_w.l(rtexit.o)
    0x080001e6   0x00000000   Code   RO          924    .ARM.Collect$$rtexit$$00000002  c_w.l(rtexit2.o)
    0x080001e6   0x00000004   Code   RO          925    .ARM.Collect$$rtexit$$00000003  c_w.l(rtexit2.o)
    0x080001ea   0x00000006   Code   RO          926    .ARM.Collect$$rtexit$$00000004  c_w.l(rtexit2.o)
    0x080001f0   0x00000054   Code   RO            1    .text               main.o
    0x08000244   0x0000001a   Code   RO          149    .text               stm32f10x_it.o
    0x0800025e   0x00000002   PAD
    0x08000260   0x000001e0   Code   RO          190    .text               system_stm32f10x.o
    0x08000440   0x0000026c   Code   RO          225    .text               mpuiic.o
    0x080006ac   0x00000368   Code   RO          237    .text               mpu6050.o
    0x08000a14   0x00000d70   Code   RO          249    .text               inv_mpu_dmp_motion_driver.o
    0x08001784   0x00002328   Code   RO          277    .text               inv_mpu.o
    0x08003aac   0x000001cc   Code   RO          320    .text               adc.o
    0x08003c78   0x000004dc   Code   RO          335    .text               timer.o
    0x08004154   0x000000bc   Code   RO          355    .text               dac.o
    0x08004210   0x00000190   Code   RO          367    .text               usart3.o
    0x080043a0   0x000000d4   Code   RO          382    .text               delay.o
    0x08004474   0x00000160   Code   RO          397    .text               sys.o
    0x080045d4   0x00000158   Code   RO          413    .text               usart.o
    0x0800472c   0x00000040   Code   RO          449    .text               startup_stm32f10x_hd.o
    0x0800476c   0x0000035c   Code   RO          453    .text               stm32f10x_gpio.o
    0x08004ac8   0x000003a4   Code   RO          465    .text               stm32f10x_rcc.o
    0x08004e6c   0x00000408   Code   RO          479    .text               stm32f10x_usart.o
    0x08005274   0x000000dc   Code   RO          491    .text               misc.o
    0x08005350   0x0000044e   Code   RO          515    .text               stm32f10x_adc.o
    0x0800579e   0x00000002   PAD
    0x080057a0   0x00000254   Code   RO          527    .text               stm32f10x_dma.o
    0x080059f4   0x0000018c   Code   RO          539    .text               stm32f10x_dac.o
    0x08005b80   0x00000002   Code   RO          553    .text               c_w.l(use_no_semi_2.o)
    0x08005b82   0x00000048   Code   RO          555    .text               c_w.l(llsdiv.o)
    0x08005bca   0x00000002   PAD
    0x08005bcc   0x00000018   Code   RO          561    .text               c_w.l(noretval__2printf.o)
    0x08005be4   0x00000028   Code   RO          563    .text               c_w.l(noretval__2sprintf.o)
    0x08005c0c   0x0000004e   Code   RO          567    .text               c_w.l(_printf_pad.o)
    0x08005c5a   0x00000002   PAD
    0x08005c5c   0x00000078   Code   RO          569    .text               c_w.l(_printf_dec.o)
    0x08005cd4   0x00000058   Code   RO          574    .text               c_w.l(_printf_hex_int.o)
    0x08005d2c   0x00000138   Code   RO          604    .text               c_w.l(__printf_flags_wp.o)
    0x08005e64   0x00000058   Code   RO          616    .text               c_w.l(memcmp.o)
    0x08005ebc   0x00000010   Code   RO          618    .text               c_w.l(aeabi_memset.o)
    0x08005ecc   0x00000006   Code   RO          620    .text               c_w.l(heapauxi.o)
    0x08005ed2   0x00000002   Code   RO          698    .text               c_w.l(use_no_semi.o)
    0x08005ed4   0x000000ee   Code   RO          701    .text               c_w.l(lludivv7m.o)
    0x08005fc2   0x00000016   Code   RO          703    .text               c_w.l(_rserrno.o)
    0x08005fd8   0x000000b2   Code   RO          705    .text               c_w.l(_printf_intcommon.o)
    0x0800608a   0x0000041a   Code   RO          707    .text               c_w.l(_printf_fp_dec.o)
    0x080064a4   0x00000030   Code   RO          709    .text               c_w.l(_printf_char_common.o)
    0x080064d4   0x0000000a   Code   RO          711    .text               c_w.l(_sputc.o)
    0x080064de   0x00000002   PAD
    0x080064e0   0x00000024   Code   RO          713    .text               c_w.l(_printf_char_file.o)
    0x08006504   0x00000044   Code   RO          716    .text               c_w.l(rt_memclr.o)
    0x08006548   0x00000008   Code   RO          790    .text               c_w.l(rt_locale_intlibspace.o)
    0x08006550   0x00000008   Code   RO          795    .text               c_w.l(rt_errno_addr_intlibspace.o)
    0x08006558   0x0000008a   Code   RO          797    .text               c_w.l(lludiv10.o)
    0x080065e2   0x00000002   PAD
    0x080065e4   0x00000080   Code   RO          799    .text               c_w.l(_printf_fp_infnan.o)
    0x08006664   0x000000dc   Code   RO          803    .text               c_w.l(bigflt0.o)
    0x08006740   0x00000008   Code   RO          828    .text               c_w.l(ferror.o)
    0x08006748   0x0000004e   Code   RO          835    .text               c_w.l(rt_memclr_w.o)
    0x08006796   0x00000002   PAD
    0x08006798   0x00000008   Code   RO          845    .text               c_w.l(libspace.o)
    0x080067a0   0x0000004a   Code   RO          848    .text               c_w.l(sys_stackheap_outer.o)
    0x080067ea   0x0000000c   Code   RO          852    .text               c_w.l(exit.o)
    0x080067f6   0x00000002   PAD
    0x080067f8   0x00000080   Code   RO          854    .text               c_w.l(strcmpv7m.o)
    0x08006878   0x0000003e   Code   RO          806    CL$$btod_d2e        c_w.l(btod.o)
    0x080068b6   0x00000046   Code   RO          808    CL$$btod_d2e_denorm_low  c_w.l(btod.o)
    0x080068fc   0x00000060   Code   RO          807    CL$$btod_d2e_norm_op1  c_w.l(btod.o)
    0x0800695c   0x00000338   Code   RO          816    CL$$btod_div_common  c_w.l(btod.o)
    0x08006c94   0x000000c6   Code   RO          813    CL$$btod_e2e        c_w.l(btod.o)
    0x08006d5a   0x00000028   Code   RO          810    CL$$btod_ediv       c_w.l(btod.o)
    0x08006d82   0x00000028   Code   RO          809    CL$$btod_emul       c_w.l(btod.o)
    0x08006daa   0x00000244   Code   RO          815    CL$$btod_mult_common  c_w.l(btod.o)
    0x08006fee   0x00000028   Code   RO          755    i.__ARM_fpclassify  m_ws.l(fpclassify.o)
    0x08007016   0x000000aa   Code   RO          757    i.__kernel_poly     m_ws.l(poly.o)
    0x080070c0   0x00000006   Code   RO          742    i.__mathlib_dbl_infnan  m_ws.l(dunder.o)
    0x080070c6   0x00000004   Code   RO          743    i.__mathlib_dbl_infnan2  m_ws.l(dunder.o)
    0x080070ca   0x0000000c   Code   RO          744    i.__mathlib_dbl_invalid  m_ws.l(dunder.o)
    0x080070d6   0x00000002   PAD
    0x080070d8   0x00000010   Code   RO          747    i.__mathlib_dbl_underflow  m_ws.l(dunder.o)
    0x080070e8   0x0000000e   Code   RO          602    i._is_digit         c_w.l(__printf_wp.o)
    0x080070f6   0x00000002   PAD
    0x080070f8   0x00000270   Code   RO          681    i.asin              m_ws.l(asin.o)
    0x08007368   0x00000220   Code   RO          732    i.atan              m_ws.l(atan.o)
    0x08007588   0x00000180   Code   RO          691    i.atan2             m_ws.l(atan2.o)
    0x08007708   0x0000004c   Code   RO          761    i.sqrt              m_ws.l(sqrt.o)
    0x08007754   0x0000002c   Code   RO          833    locale$$code        c_w.l(lc_numeric_c.o)
    0x08007780   0x00000062   Code   RO          624    x$fpl$d2f           fz_ws.l(d2f.o)
    0x080077e2   0x00000002   PAD
    0x080077e4   0x00000150   Code   RO          626    x$fpl$dadd          fz_ws.l(daddsub_clz.o)
    0x08007934   0x00000010   Code   RO          837    x$fpl$dcheck1       fz_ws.l(dcheck1.o)
    0x08007944   0x000002b0   Code   RO          633    x$fpl$ddiv          fz_ws.l(ddiv.o)
    0x08007bf4   0x0000002e   Code   RO          637    x$fpl$dflt          fz_ws.l(dflt_clz.o)
    0x08007c22   0x00000002   PAD
    0x08007c24   0x00000154   Code   RO          642    x$fpl$dmul          fz_ws.l(dmul.o)
    0x08007d78   0x0000009c   Code   RO          718    x$fpl$dnaninf       fz_ws.l(dnaninf.o)
    0x08007e14   0x0000000c   Code   RO          720    x$fpl$dretinf       fz_ws.l(dretinf.o)
    0x08007e20   0x00000016   Code   RO          627    x$fpl$drsb          fz_ws.l(daddsub_clz.o)
    0x08007e36   0x00000002   PAD
    0x08007e38   0x000001cc   Code   RO          841    x$fpl$dsqrt         fz_ws.l(dsqrt_noumaal.o)
    0x08008004   0x000001d4   Code   RO          628    x$fpl$dsub          fz_ws.l(daddsub_clz.o)
    0x080081d8   0x00000056   Code   RO          644    x$fpl$f2d           fz_ws.l(f2d.o)
    0x0800822e   0x00000002   PAD
    0x08008230   0x000000c4   Code   RO          646    x$fpl$fadd          fz_ws.l(faddsub_clz.o)
    0x080082f4   0x00000018   Code   RO          722    x$fpl$fcmpinf       fz_ws.l(fcmpi.o)
    0x0800830c   0x00000184   Code   RO          653    x$fpl$fdiv          fz_ws.l(fdiv.o)
    0x08008490   0x00000068   Code   RO          656    x$fpl$feqf          fz_ws.l(feqf.o)
    0x080084f8   0x00000036   Code   RO          658    x$fpl$ffix          fz_ws.l(ffix.o)
    0x0800852e   0x00000002   PAD
    0x08008530   0x0000003e   Code   RO          662    x$fpl$ffixu         fz_ws.l(ffixu.o)
    0x0800856e   0x00000002   PAD
    0x08008570   0x00000030   Code   RO          667    x$fpl$fflt          fz_ws.l(fflt_clz.o)
    0x080085a0   0x00000026   Code   RO          666    x$fpl$ffltu         fz_ws.l(fflt_clz.o)
    0x080085c6   0x00000002   PAD
    0x080085c8   0x00000068   Code   RO          672    x$fpl$fleqf         fz_ws.l(fleqf.o)
    0x08008630   0x00000102   Code   RO          674    x$fpl$fmul          fz_ws.l(fmul.o)
    0x08008732   0x0000008c   Code   RO          724    x$fpl$fnaninf       fz_ws.l(fnaninf.o)
    0x080087be   0x0000000a   Code   RO          726    x$fpl$fretinf       fz_ws.l(fretinf.o)
    0x080087c8   0x00000062   Code   RO          676    x$fpl$frleqf        fz_ws.l(frleqf.o)
    0x0800882a   0x00000002   PAD
    0x0800882c   0x000000ea   Code   RO          648    x$fpl$fsub          fz_ws.l(faddsub_clz.o)
    0x08008916   0x00000004   Code   RO          678    x$fpl$printf1       fz_ws.l(printf1.o)
    0x0800891a   0x00000064   Code   RO          909    x$fpl$retnan        fz_ws.l(retnan.o)
    0x0800897e   0x0000005c   Code   RO          728    x$fpl$scalbn        fz_ws.l(scalbn.o)
    0x080089da   0x00000030   Code   RO          921    x$fpl$trapveneer    fz_ws.l(trapv.o)
    0x08008a0a   0x00000000   Code   RO          730    x$fpl$usenofp       fz_ws.l(usenofp.o)
    0x08008a0a   0x00000bf6   Data   RO          251    .constdata          inv_mpu_dmp_motion_driver.o
    0x08009600   0x00000050   Data   RO          278    .constdata          inv_mpu.o
    0x08009650   0x00000028   Data   RO          575    .constdata          c_w.l(_printf_hex_int.o)
    0x08009678   0x00000011   Data   RO          605    .constdata          c_w.l(__printf_flags_wp.o)
    0x08009689   0x00000007   PAD
    0x08009690   0x00000050   Data   RO          682    .constdata          m_ws.l(asin.o)
    0x080096e0   0x00000098   Data   RO          733    .constdata          m_ws.l(atan.o)
    0x08009778   0x00000008   Data   RO          759    .constdata          m_ws.l(qnan.o)
    0x08009780   0x00000094   Data   RO          804    .constdata          c_w.l(bigflt0.o)
    0x08009814   0x0000004d   Data   RO          279    .conststring        inv_mpu.o
    0x08009861   0x00000003   PAD
    0x08009864   0x00000020   Data   RO          991    Region$$Table       anon$$obj.o
    0x08009884   0x0000001c   Data   RO          832    locale$$data        c_w.l(lc_numeric_c.o)


    Execution Region RW_IRAM1 (Base: 0x20000000, Size: 0x00000878, Max: 0x00010000, ABSOLUTE)

    Base Addr    Size         Type   Attr      Idx    E Section Name        Object

    0x20000000   0x00000002   Data   RW            2    .data               main.o
    0x20000002   0x00000002   PAD
    0x20000004   0x00000014   Data   RW          191    .data               system_stm32f10x.o
    0x20000018   0x00000035   Data   RW          280    .data               inv_mpu.o
    0x2000004d   0x00000001   PAD
    0x2000004e   0x00000006   Data   RW          321    .data               adc.o
    0x20000054   0x00000044   Data   RW          338    .data               timer.o
    0x20000098   0x00000007   Data   RW          368    .data               usart3.o
    0x2000009f   0x00000001   PAD
    0x200000a0   0x00000004   Data   RW          383    .data               delay.o
    0x200000a4   0x00000006   Data   RW          415    .data               usart.o
    0x200000aa   0x00000014   Data   RW          466    .data               stm32f10x_rcc.o
    0x200000be   0x00000002   PAD
    0x200000c0   0x00000010   Zero   RW          250    .bss                inv_mpu_dmp_motion_driver.o
    0x200000d0   0x00000080   Zero   RW          336    .bss                timer.o
    0x20000150   0x000000c8   Zero   RW          414    .bss                usart.o
    0x20000218   0x00000060   Zero   RW          846    .bss                c_w.l(libspace.o)
    0x20000278   0x00000200   Zero   RW          447    HEAP                startup_stm32f10x_hd.o
    0x20000478   0x00000400   Zero   RW          446    STACK               startup_stm32f10x_hd.o


==============================================================================

Image component sizes


      Code (inc. data)   RO Data    RW Data    ZI Data      Debug   Object Name

       460         22          0          6          0       2315   adc.o
       188         14          0          0          0        849   dac.o
       212         18          0          4          0       1167   delay.o
      9000        200        157         53          0      23820   inv_mpu.o
      3440        126       3062          0         16      15307   inv_mpu_dmp_motion_driver.o
        84          0          0          2          0     257403   main.o
       220         22          0          0          0       1945   misc.o
       872         18          0          0          0       4203   mpu6050.o
       620         14          0          0          0       2110   mpuiic.o
        64         26        304          0       1536        852   startup_stm32f10x_hd.o
      1102         26          0          0          0      10977   stm32f10x_adc.o
       396          6          0          0          0       3798   stm32f10x_dac.o
       596          8          0          0          0       4474   stm32f10x_dma.o
       860         38          0          0          0       5789   stm32f10x_gpio.o
        26          0          0          0          0       1254   stm32f10x_it.o
       932         36          0         20          0       9032   stm32f10x_rcc.o
      1032         22          0          0          0       8516   stm32f10x_usart.o
       352         30          0          0          0       1846   sys.o
       480         38          0         20          0       1959   system_stm32f10x.o
      1244        298          0         68        128       3192   timer.o
       344         18          0          6        200       3511   usart.o
       400         32          0          7          0       2044   usart3.o

    ----------------------------------------------------------------------
     22928       1012       3558        192       1880     366363   Object Totals
         0          0         32          0          0          0   (incl. Generated)
         4          0          3          6          0          0   (incl. Padding)

    ----------------------------------------------------------------------

      Code (inc. data)   RO Data    RW Data    ZI Data      Debug   Library Member Name

         8          0          0          0          0         68   __main.o
       312          4         17          0          0         92   __printf_flags_wp.o
        14          0          0          0          0         68   __printf_wp.o
         0          0          0          0          0          0   __rtentry.o
        12          0          0          0          0          0   __rtentry2.o
         6          0          0          0          0          0   __rtentry4.o
        52          8          0          0          0          0   __scatter.o
        26          0          0          0          0          0   __scatter_copy.o
        28          0          0          0          0          0   __scatter_zi.o
        48          6          0          0          0         96   _printf_char_common.o
        36          4          0          0          0         80   _printf_char_file.o
         6          0          0          0          0          0   _printf_d.o
       120         16          0          0          0         92   _printf_dec.o
         6          0          0          0          0          0   _printf_f.o
      1050          0          0          0          0        216   _printf_fp_dec.o
       128         16          0          0          0         84   _printf_fp_infnan.o
        88          4         40          0          0         88   _printf_hex_int.o
       178          0          0          0          0         88   _printf_intcommon.o
        78          0          0          0          0        108   _printf_pad.o
         0          0          0          0          0          0   _printf_percent.o
         4          0          0          0          0          0   _printf_percent_end.o
         6          0          0          0          0          0   _printf_x.o
        22          0          0          0          0        100   _rserrno.o
        10          0          0          0          0         68   _sputc.o
        16          0          0          0          0         68   aeabi_memset.o
       220          4        148          0          0         96   bigflt0.o
      1910        128          0          0          0        672   btod.o
        12          0          0          0          0         72   exit.o
         8          0          0          0          0         68   ferror.o
         6          0          0          0          0        152   heapauxi.o
        44         10         28          0          0         76   lc_numeric_c.o
         2          0          0          0          0          0   libinit.o
        18          0          0          0          0          0   libinit2.o
         2          0          0          0          0          0   libshutdown.o
         2          0          0          0          0          0   libshutdown2.o
         8          4          0          0         96         68   libspace.o
        72          0          0          0          0         76   llsdiv.o
       138          0          0          0          0         80   lludiv10.o
       238          0          0          0          0        100   lludivv7m.o
        88          0          0          0          0         76   memcmp.o
        24          4          0          0          0         84   noretval__2printf.o
        40          6          0          0          0         84   noretval__2sprintf.o
         8          4          0          0          0         68   rt_errno_addr_intlibspace.o
         8          4          0          0          0         68   rt_locale_intlibspace.o
        68          0          0          0          0         68   rt_memclr.o
        78          0          0          0          0         80   rt_memclr_w.o
         2          0          0          0          0          0   rtexit.o
        10          0          0          0          0          0   rtexit2.o
       128          0          0          0          0         68   strcmpv7m.o
        74          0          0          0          0         80   sys_stackheap_outer.o
         2          0          0          0          0         68   use_no_semi.o
         2          0          0          0          0         68   use_no_semi_2.o
        98          4          0          0          0         92   d2f.o
       826         16          0          0          0        348   daddsub_clz.o
        16          4          0          0          0         68   dcheck1.o
       688        140          0          0          0        208   ddiv.o
        46          0          0          0          0         68   dflt_clz.o
       340         12          0          0          0        104   dmul.o
       156          4          0          0          0         92   dnaninf.o
        12          0          0          0          0         68   dretinf.o
       460         56          0          0          0        120   dsqrt_noumaal.o
        86          4          0          0          0         84   f2d.o
       430          8          0          0          0        168   faddsub_clz.o
        24          0          0          0          0         68   fcmpi.o
       388         76          0          0          0         96   fdiv.o
       104          4          0          0          0         84   feqf.o
        54          4          0          0          0         84   ffix.o
        62          4          0          0          0         84   ffixu.o
        86          0          0          0          0        136   fflt_clz.o
       104          4          0          0          0         84   fleqf.o
       258          4          0          0          0         84   fmul.o
       140          4          0          0          0         84   fnaninf.o
        10          0          0          0          0         68   fretinf.o
        98          0          0          0          0         68   frleqf.o
         4          0          0          0          0         68   printf1.o
       100          0          0          0          0         68   retnan.o
        92          0          0          0          0         68   scalbn.o
        48          0          0          0          0         68   trapv.o
         0          0          0          0          0          0   usenofp.o
       624         52         80          0          0        168   asin.o
       544         70        152          0          0        124   atan.o
       384         38          0          0          0        144   atan2.o
        38          6          0          0          0        272   dunder.o
        40          0          0          0          0         68   fpclassify.o
       170          0          0          0          0         96   poly.o
         0          0          8          0          0          0   qnan.o
        76          0          0          0          0         84   sqrt.o

    ----------------------------------------------------------------------
     12106        736        480          0         96       7176   Library Totals
        34          0          7          0          0          0   (incl. Padding)

    ----------------------------------------------------------------------

      Code (inc. data)   RO Data    RW Data    ZI Data      Debug   Library Name

      5466        222        233          0         96       3588   c_w.l
      4730        348          0          0          0       2632   fz_ws.l
      1876        166        240          0          0        956   m_ws.l

    ----------------------------------------------------------------------
     12106        736        480          0         96       7176   Library Totals

    ----------------------------------------------------------------------

==============================================================================


      Code (inc. data)   RO Data    RW Data    ZI Data      Debug   

     35034       1748       4038        192       1976     367399   Grand Totals
     35034       1748       4038        192       1976     367399   ELF Image Totals
     35034       1748       4038        192          0          0   ROM Totals

==============================================================================

    Total RO  Size (Code + RO Data)                39072 (  38.16kB)
    Total RW  Size (RW Data + ZI Data)              2168 (   2.12kB)
    Total ROM Size (Code + RO Data + RW Data)      39264 (  38.34kB)

==============================================================================

